Archive member included because of file (symbol)

D:/SiliconLabs/SimplicityStudio/v4_2/developer/sdks/gecko_sdk_suite/v1.1//protocol/bluetooth_2.4/lib/EFR32BG1B/GCC/bgapi.a(gecko_bgapi_hardware.c.obj)
                              ./main.o (gecko_bgapi_class_hardware_init)
D:/SiliconLabs/SimplicityStudio/v4_2/developer/sdks/gecko_sdk_suite/v1.1//protocol/bluetooth_2.4/lib/EFR32BG1B/GCC/bgapi.a(gecko_bgapi_test.c.obj)
                              ./main.o (gecko_bgapi_class_test_init)
D:/SiliconLabs/SimplicityStudio/v4_2/developer/sdks/gecko_sdk_suite/v1.1//protocol/bluetooth_2.4/lib/EFR32BG1B/GCC/bgapi.a(gecko_bgapi_dfu.c.obj)
                              ./main.o (gecko_bgapi_class_dfu_init)
D:/SiliconLabs/SimplicityStudio/v4_2/developer/sdks/gecko_sdk_suite/v1.1//protocol/bluetooth_2.4/lib/EFR32BG1B/GCC/bgapi.a(gecko_bgapi_gap.c.obj)
                              ./main.o (gecko_bgapi_class_le_gap_init)
D:/SiliconLabs/SimplicityStudio/v4_2/developer/sdks/gecko_sdk_suite/v1.1//protocol/bluetooth_2.4/lib/EFR32BG1B/GCC/bgapi.a(gecko_bgapi_gatt.c.obj)
                              ./main.o (gecko_bgapi_class_gatt_init)
D:/SiliconLabs/SimplicityStudio/v4_2/developer/sdks/gecko_sdk_suite/v1.1//protocol/bluetooth_2.4/lib/EFR32BG1B/GCC/bgapi.a(gecko_bgapi_gatt_server.c.obj)
                              ./main.o (gecko_bgapi_class_gatt_server_init)
D:/SiliconLabs/SimplicityStudio/v4_2/developer/sdks/gecko_sdk_suite/v1.1//protocol/bluetooth_2.4/lib/EFR32BG1B/GCC/bgapi.a(gecko_bgapi_flash.c.obj)
                              ./main.o (gecko_bgapi_class_flash_init)
D:/SiliconLabs/SimplicityStudio/v4_2/developer/sdks/gecko_sdk_suite/v1.1//protocol/bluetooth_2.4/lib/EFR32BG1B/GCC/bgapi.a(gecko_bgapi_sm.c.obj)
                              ./main.o (gecko_bgapi_class_sm_init)
D:/SiliconLabs/SimplicityStudio/v4_2/developer/sdks/gecko_sdk_suite/v1.1//protocol/bluetooth_2.4/lib/EFR32BG1B/GCC/bgapi.a(gecko_bgapi_system.c.obj)
                              ./main.o (gecko_bgapi_class_system_init)
D:/SiliconLabs/SimplicityStudio/v4_2/developer/sdks/gecko_sdk_suite/v1.1//protocol/bluetooth_2.4/lib/EFR32BG1B/GCC/bgapi.a(gecko_bgapi_endpoint.c.obj)
                              ./main.o (gecko_bgapi_class_endpoint_init)
D:/SiliconLabs/SimplicityStudio/v4_2/developer/sdks/gecko_sdk_suite/v1.1//protocol/bluetooth_2.4/lib/EFR32BG1B/GCC/bgapi.a(gecko_bgapi_le_connection.c.obj)
                              ./main.o (gecko_bgapi_class_le_connection_init)
D:/SiliconLabs/SimplicityStudio/v4_2/developer/sdks/gecko_sdk_suite/v1.1//protocol/bluetooth_2.4/lib/EFR32BG1B/GCC/bgapi.a(bgapi_hardware.c.obj)
                              D:/SiliconLabs/SimplicityStudio/v4_2/developer/sdks/gecko_sdk_suite/v1.1//protocol/bluetooth_2.4/lib/EFR32BG1B/GCC/bgapi.a(gecko_bgapi_hardware.c.obj) (lib_hardware_handler_init)
D:/SiliconLabs/SimplicityStudio/v4_2/developer/sdks/gecko_sdk_suite/v1.1//protocol/bluetooth_2.4/lib/EFR32BG1B/GCC/bgapi.a(bgapi_test_lib.c.obj)
                              D:/SiliconLabs/SimplicityStudio/v4_2/developer/sdks/gecko_sdk_suite/v1.1//protocol/bluetooth_2.4/lib/EFR32BG1B/GCC/bgapi.a(gecko_bgapi_test.c.obj) (lib_test_handler_init)
D:/SiliconLabs/SimplicityStudio/v4_2/developer/sdks/gecko_sdk_suite/v1.1//protocol/bluetooth_2.4/lib/EFR32BG1B/GCC/bgapi.a(bgapi_dfu.c.obj)
                              D:/SiliconLabs/SimplicityStudio/v4_2/developer/sdks/gecko_sdk_suite/v1.1//protocol/bluetooth_2.4/lib/EFR32BG1B/GCC/bgapi.a(gecko_bgapi_dfu.c.obj) (lib_dfu_handler_init)
D:/SiliconLabs/SimplicityStudio/v4_2/developer/sdks/gecko_sdk_suite/v1.1//protocol/bluetooth_2.4/lib/EFR32BG1B/GCC/bgapi.a(bgapi_gap.c.obj)
                              D:/SiliconLabs/SimplicityStudio/v4_2/developer/sdks/gecko_sdk_suite/v1.1//protocol/bluetooth_2.4/lib/EFR32BG1B/GCC/bgapi.a(gecko_bgapi_gap.c.obj) (lib_le_gap_handler_init)
D:/SiliconLabs/SimplicityStudio/v4_2/developer/sdks/gecko_sdk_suite/v1.1//protocol/bluetooth_2.4/lib/EFR32BG1B/GCC/bgapi.a(bgapi_gatt_lib.c.obj)
                              D:/SiliconLabs/SimplicityStudio/v4_2/developer/sdks/gecko_sdk_suite/v1.1//protocol/bluetooth_2.4/lib/EFR32BG1B/GCC/bgapi.a(gecko_bgapi_gatt.c.obj) (lib_gatt_handler_init)
D:/SiliconLabs/SimplicityStudio/v4_2/developer/sdks/gecko_sdk_suite/v1.1//protocol/bluetooth_2.4/lib/EFR32BG1B/GCC/bgapi.a(bgapi_ps.c.obj)
                              D:/SiliconLabs/SimplicityStudio/v4_2/developer/sdks/gecko_sdk_suite/v1.1//protocol/bluetooth_2.4/lib/EFR32BG1B/GCC/bgapi.a(gecko_bgapi_flash.c.obj) (lib_flash_handler_init)
D:/SiliconLabs/SimplicityStudio/v4_2/developer/sdks/gecko_sdk_suite/v1.1//protocol/bluetooth_2.4/lib/EFR32BG1B/GCC/bgapi.a(bgapi_sm.c.obj)
                              D:/SiliconLabs/SimplicityStudio/v4_2/developer/sdks/gecko_sdk_suite/v1.1//protocol/bluetooth_2.4/lib/EFR32BG1B/GCC/bgapi.a(gecko_bgapi_sm.c.obj) (lib_sm_handler_init)
[...]
Memory Configuration

Name             Origin             Length             Attributes
FLASH_BOOTLOADER 0x00000000         0x00004000         xr
FLASH            0x00004000         0x0003b000         xr
RAM              0x20003000         0x00004bfc         xrw
*default*        0x00000000         0xffffffff

Linker script and memory map

LOAD d:/siliconlabs/simplicitystudio/v4_2/developer/toolchains/gnu_arm/4.9_2015q3/bin/../lib/gcc/arm-none-eabi/4.9.3/armv7e-m/fpu/crti.o
LOAD d:/siliconlabs/simplicitystudio/v4_2/developer/toolchains/gnu_arm/4.9_2015q3/bin/../lib/gcc/arm-none-eabi/4.9.3/armv7e-m/fpu/crtbegin.o
LOAD d:/siliconlabs/simplicitystudio/v4_2/developer/toolchains/gnu_arm/4.9_2015q3/bin/../lib/gcc/arm-none-eabi/4.9.3/../../../../arm-none-eabi/lib/armv7e-m/fpu/crt0.o
LOAD ./advertisement.o
LOAD ./app.o
LOAD ./app_hw.o
LOAD ./app_ui.o
LOAD ./application_properties.o
LOAD ./beacon.o
LOAD ./gatt_db.o
LOAD ./graphics.o
LOAD ./htm.o
LOAD ./ia.o
LOAD ./main.o
LOAD ./bgapi/dmadrv.o
LOAD ./bgapi/em_adc.o
LOAD ./bgapi/em_ldma.o
LOAD ./bgapi/em_leuart.o
LOAD ./device/EFR32_B_1_1_B/gcc/startup_efr32bg1b.o
LOAD ./emlib/em_cmu.o
LOAD ./emlib/em_cryotimer.o
LOAD ./emlib/em_gpio.o
LOAD ./emlib/em_i2c.o
LOAD ./emlib/em_msc.o
LOAD ./emlib/em_rtcc.o
LOAD ./emlib/em_system.o
LOAD ./emlib/em_usart.o
LOAD ./glib/BRD4300ArevA03/bmp.o
LOAD ./glib/BRD4300ArevA03/dmd_display.o
LOAD ./glib/BRD4300ArevA03/glib.o
LOAD ./glib/BRD4300ArevA03/glib_bitmap.o
LOAD ./glib/BRD4300ArevA03/glib_circle.o
LOAD ./glib/BRD4300ArevA03/glib_font_narrow_6x8.o
LOAD ./glib/BRD4300ArevA03/glib_font_normal_8x8.o
LOAD ./glib/BRD4300ArevA03/glib_font_number_16x20.o
LOAD ./glib/BRD4300ArevA03/glib_line.o
LOAD ./glib/BRD4300ArevA03/glib_polygon.o
LOAD ./glib/BRD4300ArevA03/glib_rectangle.o
LOAD ./glib/BRD4300ArevA03/glib_string.o
LOAD ./kit/BRD4300ArevA03/bsp_bcc.o
LOAD ./kit/BRD4300ArevA03/bsp_stk.o
LOAD ./kit/BRD4300ArevA03/bsp_stk_leds.o
LOAD ./kit/BRD4300ArevA03/i2cspm.o
LOAD ./kit/BRD4300ArevA03/si7013.o
LOAD ./kit/BRD4300ArevA03/tempsens.o
LOAD ./kit/BRD4300ArevA03/udelay.o
LOAD ./kit_lcd/BRD4300ArevA03/display.o
LOAD ./kit_lcd/BRD4300ArevA03/displayls013b7dh03.o
LOAD ./kit_lcd/BRD4300ArevA03/displaypalemlib.o
LOAD ./src/InitDevice.o
LOAD D:/SiliconLabs/SimplicityStudio/v4_2/developer/sdks/gecko_sdk_suite/v1.1//protocol/bluetooth_2.4/lib/EFR32BG1B/GCC/bgapi.a
LOAD D:/SiliconLabs/SimplicityStudio/v4_2/developer/sdks/gecko_sdk_suite/v1.1//protocol/bluetooth_2.4/lib/EFR32BG1B/EABI/binbootloader.o
LOAD D:/SiliconLabs/SimplicityStudio/v4_2/developer/sdks/gecko_sdk_suite/v1.1//protocol/bluetooth_2.4/lib/EFR32BG1B/EABI/stack.a
LOAD D:/SiliconLabs/SimplicityStudio/v4_2/developer/sdks/gecko_sdk_suite/v1.1//protocol/bluetooth_2.4/lib/EFR32BG1B/EABI/binstack.o
LOAD d:/siliconlabs/simplicitystudio/v4_2/developer/toolchains/gnu_arm/4.9_2015q3/bin/../lib/gcc/arm-none-eabi/4.9.3/../../../../arm-none-eabi/lib/armv7e-m/fpu\libm.a
START GROUP
LOAD d:/siliconlabs/simplicitystudio/v4_2/developer/toolchains/gnu_arm/4.9_2015q3/bin/../lib/gcc/arm-none-eabi/4.9.3/armv7e-m/fpu\libgcc.a
LOAD d:/siliconlabs/simplicitystudio/v4_2/developer/toolchains/gnu_arm/4.9_2015q3/bin/../lib/gcc/arm-none-eabi/4.9.3/../../../../arm-none-eabi/lib/armv7e-m/fpu\libc.a
LOAD d:/siliconlabs/simplicitystudio/v4_2/developer/toolchains/gnu_arm/4.9_2015q3/bin/../lib/gcc/arm-none-eabi/4.9.3/../../../../arm-none-eabi/lib/armv7e-m/fpu\libnosys.a
END GROUP
START GROUP
LOAD d:/siliconlabs/simplicitystudio/v4_2/developer/toolchains/gnu_arm/4.9_2015q3/bin/../lib/gcc/arm-none-eabi/4.9.3/armv7e-m/fpu\libgcc.a
LOAD d:/siliconlabs/simplicitystudio/v4_2/developer/toolchains/gnu_arm/4.9_2015q3/bin/../lib/gcc/arm-none-eabi/4.9.3/../../../../arm-none-eabi/lib/armv7e-m/fpu\libg.a
LOAD d:/siliconlabs/simplicitystudio/v4_2/developer/toolchains/gnu_arm/4.9_2015q3/bin/../lib/gcc/arm-none-eabi/4.9.3/../../../../arm-none-eabi/lib/armv7e-m/fpu\libc.a
END GROUP
LOAD d:/siliconlabs/simplicitystudio/v4_2/developer/toolchains/gnu_arm/4.9_2015q3/bin/../lib/gcc/arm-none-eabi/4.9.3/armv7e-m/fpu/crtend.o
LOAD d:/siliconlabs/simplicitystudio/v4_2/developer/toolchains/gnu_arm/4.9_2015q3/bin/../lib/gcc/arm-none-eabi/4.9.3/armv7e-m/fpu/crtn.o

.text_bootloader
                0x00000000     0x4000
 *(.binbootloader*)
 .binbootloader
                0x00000000      0x31c D:/SiliconLabs/SimplicityStudio/v4_2/developer/sdks/gecko_sdk_suite/v1.1//protocol/bluetooth_2.4/lib/EFR32BG1B/EABI/binbootloader.o
                0x00004000                . = ALIGN (0x4000)
 *fill*         0x0000031c     0x3ce4 

.text_stack_bin
                0x00004000    0x1cee3
 *(.binstack*)
 .binstack      0x00004000    0x1cee3 D:/SiliconLabs/SimplicityStudio/v4_2/developer/sdks/gecko_sdk_suite/v1.1//protocol/bluetooth_2.4/lib/EFR32BG1B/EABI/binstack.o

.text_signature
                0x00020ee3      0x11d
                0x00020f23                . = (. + 0x40)
 *fill*         0x00020ee3       0x40 
                0x00021000                . = ALIGN (0x800)
 *fill*         0x00020f23       0xdd 
                0x00021000                __text_start__ = .

.text_app       0x00021000     0xbde4
 *(.AAT)
 .AAT           0x00021000       0x80 ./main.o
                0x00021000                AppAddressTable
 *(.vectors)
 .vectors       0x00021080       0xc8 ./device/EFR32_B_1_1_B/gcc/startup_efr32bg1b.o
                0x00021080                __Vectors
                0x00021148                __Vectors_End = .
                0x000000c8                __Vectors_Size = (__Vectors_End - __Vectors)
                0x00021148                __end__ = .
 *(.gecko_configuration)
 *(.xo_configuration)
 *(.gatt_header)
 .gatt_header   0x00021148       0x34 ./gatt_db.o
                0x00021148                bg_gattdb_data
 *(.gatt_data)
 .gatt_data     0x0002117c      0x294 ./gatt_db.o
                0x0002117c                bg_gattdb_data_adv_uuid128_map
                0x00021180                bg_gattdb_data_adv_uuid16_map
                0x00021184                bg_gattdb_data_attributes_dynamic_mapping_map
                0x00021194                bg_gattdb_data_attributes_map
                0x000212f0                bg_gattdb_data_attribute_field_0
                0x000212f4                bg_gattdb_data_attribute_field_1
                0x000212fc                bg_gattdb_data_attribute_field_2
                0x00021304                bg_gattdb_data_attribute_field_4
                0x00021308                bg_gattdb_data_attribute_field_5
                0x00021310                bg_gattdb_data_attribute_field_6
                0x00021318                bg_gattdb_data_attribute_field_7
                0x00021320                bg_gattdb_data_attribute_field_8
                0x00021324                bg_gattdb_data_attribute_field_9
                0x00021328                bg_gattdb_data_attribute_field_10
                0x00021330                bg_gattdb_data_attribute_field_11
                0x00021340                bg_gattdb_data_attribute_field_12
                0x00021344                bg_gattdb_data_attribute_field_13
                0x0002134c                bg_gattdb_data_attribute_field_14
                0x00021354                bg_gattdb_data_attribute_field_16
                0x0002135c                bg_gattdb_data_attribute_field_17
                0x00021364                bg_gattdb_data_attribute_field_18
                0x0002136c                bg_gattdb_data_attribute_field_19
                0x00021374                bg_gattdb_data_attribute_field_21
                0x0002137c                bg_gattdb_data_attribute_field_22
                0x00021384                bg_gattdb_data_attribute_field_23
                0x00021398                bg_gattdb_data_attribute_field_24
                0x000213b0                bg_gattdb_data_attribute_field_25
                0x000213b8                bg_gattdb_data_attribute_field_26
                0x000213bc                bg_gattdb_data_attribute_field_27
                0x000213c4                bg_gattdb_data_attribute_field_28
                0x000213cc                bg_gattdb_data_uuidtable_128_map
                0x000213ec                bg_gattdb_data_uuidtable_16_map
 *(.application_properties)
 .application_properties
                0x00021410       0x38 ./application_properties.o
                0x00021410                applicationProperties
 *(.text*)
 .text          0x00021448       0x5c d:/siliconlabs/simplicitystudio/v4_2/developer/toolchains/gnu_arm/4.9_2015q3/bin/../lib/gcc/arm-none-eabi/4.9.3/armv7e-m/fpu/crtbegin.o
 .text          0x000214a4       0x74 d:/siliconlabs/simplicitystudio/v4_2/developer/toolchains/gnu_arm/4.9_2015q3/bin/../lib/gcc/arm-none-eabi/4.9.3/../../../../arm-none-eabi/lib/armv7e-m/fpu/crt0.o
                0x000214a4                _start
                0x000214a4                _mainCRTStartup
 .text.advSetup
                0x00021518       0x4c ./advertisement.o
                0x00021518                advSetup
 .text.advSwitchAdvMessage
                0x00021564       0x44 ./advertisement.o
                0x00021564                advSwitchAdvMessage
 .text.advConnectionStarted
                0x000215a8        0xc ./advertisement.o
                0x000215a8                advConnectionStarted
 .text.appInit  0x000215b4       0x88 ./app.o
                0x000215b4                appInit
 .text.appHandleEvents
                0x0002163c      0x124 ./app.o
                0x0002163c                appHandleEvents
 .text.rtcIntCallbackRegister
                0x00021760        0x4 ./app.o
                0x00021760                rtcIntCallbackRegister
 .text.appBtnCback
                0x00021764        0xc ./app_hw.o
 .text.appHwInit
                0x00021770       0x34 ./app_hw.o
                0x00021770                appHwInit
 .text.appHwReadTm
                0x000217a4       0x20 ./app_hw.o
                0x000217a4                appHwReadTm
 .text.appUiBtnRegister
                0x000217c4        0xc ./app_ui.o
                0x000217c4                appUiBtnRegister
 .text.appUiLedOff
                0x000217d0       0x10 ./app_ui.o
                0x000217d0                appUiLedOff
 .text.appUiLedLowAlert
                0x000217e0       0x10 ./app_ui.o
                0x000217e0                appUiLedLowAlert
 .text.appUiLedHighAlert
                0x000217f0       0x10 ./app_ui.o
                0x000217f0                appUiLedHighAlert
 .text.appUiInit
                0x00021800       0x4c ./app_ui.o
                0x00021800                appUiInit
 .text.appUiTick
                0x0002184c      0x1d8 ./app_ui.o
                0x0002184c                appUiTick
 .text.appUiWriteString
                0x00021a24        0x4 ./app_ui.o
                0x00021a24                appUiWriteString
 .text.bcnSetupAdvBeaconing
                0x00021a28       0x80 ./beacon.o
                0x00021a28                bcnSetupAdvBeaconing
 .text.graphPrintCenter.constprop.0
                0x00021aa8       0x94 ./graphics.o
 .text.graphInit
                0x00021b3c       0x44 ./graphics.o
                0x00021b3c                graphInit
 .text.graphWriteString
                0x00021b80       0x34 ./graphics.o
                0x00021b80                graphWriteString
 .text.htmTemperatureMeasure.part.0
                0x00021bb4      0x22c ./htm.o
 .text.htmInit  0x00021de0       0x34 ./htm.o
                0x00021de0                htmInit
 .text.htmTemperatureCharStatusChange
                0x00021e14       0x3c ./htm.o
                0x00021e14                htmTemperatureCharStatusChange
 .text.htmTemperatureMeasure
                0x00021e50       0x14 ./htm.o
                0x00021e50                htmTemperatureMeasure
 .text.iaImmediateAlertWrite
                0x00021e64       0x44 ./ia.o
                0x00021e64                iaImmediateAlertWrite
 .text.startup.main
                0x00021ea8       0x48 ./main.o
                0x00021ea8                main
 .text.LDMA_IRQHandler
                0x00021ef0       0x7c ./bgapi/dmadrv.o
                0x00021ef0                LDMA_IRQHandler
 .text.Default_Handler
                0x00021f6c        0x4 ./device/EFR32_B_1_1_B/gcc/startup_efr32bg1b.o
                0x00021f6c                DebugMon_Handler
                0x00021f6c                USART0_TX_IRQHandler
                0x00021f6c                I2C0_IRQHandler
                0x00021f6c                HardFault_Handler
                0x00021f6c                SysTick_Handler
                0x00021f6c                USART1_RX_IRQHandler
                0x00021f6c                PendSV_Handler
                0x00021f6c                NMI_Handler
                0x00021f6c                SYNTH_IRQHandler
                0x00021f6c                WDOG0_IRQHandler
                0x00021f6c                USART1_TX_IRQHandler
                0x00021f6c                MSC_IRQHandler
                0x00021f6c                ADC0_IRQHandler
                0x00021f6c                UsageFault_Handler
                0x00021f6c                LEUART0_IRQHandler
                0x00021f6c                FPUEH_IRQHandler
                0x00021f6c                GPIO_EVEN_IRQHandler
                0x00021f6c                TIMER0_IRQHandler
                0x00021f6c                LETIMER0_IRQHandler
                0x00021f6c                TIMER1_IRQHandler
                0x00021f6c                RFSENSE_IRQHandler
                0x00021f6c                BUFC_IRQHandler
                0x00021f6c                MODEM_IRQHandler
                0x00021f6c                Default_Handler
                0x00021f6c                RAC_SEQ_IRQHandler
                0x00021f6c                FRC_PRI_IRQHandler
                0x00021f6c                FRC_IRQHandler
                0x00021f6c                CRYOTIMER_IRQHandler
                0x00021f6c                PCNT0_IRQHandler
                0x00021f6c                AGC_IRQHandler
                0x00021f6c                ACMP0_IRQHandler
                0x00021f6c                USART0_RX_IRQHandler
                0x00021f6c                MemManage_Handler
                0x00021f6c                SVC_Handler
                0x00021f6c                RTCC_IRQHandler
                0x00021f6c                CRYPTO_IRQHandler
                0x00021f6c                CMU_IRQHandler
                0x00021f6c                RAC_RSM_IRQHandler
                0x00021f6c                GPIO_ODD_IRQHandler
                0x00021f6c                PROTIMER_IRQHandler
                0x00021f6c                BusFault_Handler
                0x00021f6c                IDAC0_IRQHandler
 .text.Reset_Handler
                0x00021f70       0x34 ./device/EFR32_B_1_1_B/gcc/startup_efr32bg1b.o
                0x00021f70                Reset_Handler
 .text.flashWaitStateControl.isra.0
                0x00021fa4       0x48 ./emlib/em_cmu.o
 .text.CMU_OscillatorTuningSet.part.3
                0x00021fec       0x3c ./emlib/em_cmu.o
 .text.CMU_ClockEnable
                0x00022028       0x8c ./emlib/em_cmu.o
                0x00022028                CMU_ClockEnable
 .text.CMU_ClockPrescGet
                0x000220b4       0x94 ./emlib/em_cmu.o
                0x000220b4                CMU_ClockPrescGet
 .text.CMU_ClockDivGet
                0x00022148        0xc ./emlib/em_cmu.o
                0x00022148                CMU_ClockDivGet
 .text.CMU_ClockSelectGet
                0x00022154       0xcc ./emlib/em_cmu.o
                0x00022154                CMU_ClockSelectGet
 .text.lfClkGet
                0x00022220       0x94 ./emlib/em_cmu.o
 .text.CMU_ClockFreqGet
                0x000222b4      0x160 ./emlib/em_cmu.o
                0x000222b4                CMU_ClockFreqGet
 .text.CMU_ClockPrescSet
                0x00022414      0x1ec ./emlib/em_cmu.o
                0x00022414                CMU_ClockPrescSet
 .text.CMU_ClockDivSet
                0x00022600        0x8 ./emlib/em_cmu.o
                0x00022600                CMU_ClockDivSet
 .text.CMU_HFXOAutostartEnable
                0x00022608       0x74 ./emlib/em_cmu.o
                0x00022608                CMU_HFXOAutostartEnable
 .text.CMU_OscillatorTuningWait
                0x0002267c       0x5c ./emlib/em_cmu.o
                0x0002267c                CMU_OscillatorTuningWait
 .text.CMU_OscillatorEnable
                0x000226d8      0x110 ./emlib/em_cmu.o
                0x000226d8                CMU_OscillatorEnable
 .text.CMU_ClockSelectSet
                0x000227e8      0x200 ./emlib/em_cmu.o
                0x000227e8                CMU_ClockSelectSet
 .text.CMU_HFXOInit
                0x000229e8       0x88 ./emlib/em_cmu.o
                0x000229e8                CMU_HFXOInit
 .text.CMU_LFXOInit
                0x00022a70       0x40 ./emlib/em_cmu.o
                0x00022a70                CMU_LFXOInit
 .text.GPIO_PinModeSet
                0x00022ab0       0x84 ./emlib/em_gpio.o
                0x00022ab0                GPIO_PinModeSet
 .text.I2C_BusFreqSet.part.0
                0x00022b34       0x60 ./emlib/em_i2c.o
 .text.I2C_Init
                0x00022b94       0x3c ./emlib/em_i2c.o
                0x00022b94                I2C_Init
 .text.I2C_Transfer
                0x00022bd0      0x284 ./emlib/em_i2c.o
                0x00022bd0                I2C_Transfer
 .text.I2C_TransferInit
                0x00022e54       0x70 ./emlib/em_i2c.o
                0x00022e54                I2C_TransferInit
 .text.RTCC_Enable
                0x00022ec4        0xc ./emlib/em_rtcc.o
                0x00022ec4                RTCC_Enable
 .text.RTCC_Init
                0x00022ed0       0x48 ./emlib/em_rtcc.o
                0x00022ed0                RTCC_Init
 .text.SYSTEM_ChipRevisionGet
                0x00022f18       0x34 ./emlib/em_system.o
                0x00022f18                SYSTEM_ChipRevisionGet
 .text.USART_BaudrateSyncSet
                0x00022f4c       0x24 ./emlib/em_usart.o
                0x00022f4c                USART_BaudrateSyncSet
 .text.USART_InitSync
                0x00022f70       0xc8 ./emlib/em_usart.o
                0x00022f70                USART_InitSync
 .text.USART_Tx
                0x00023038        0xc ./emlib/em_usart.o
                0x00023038                USART_Tx
 .text.USART_TxDouble
                0x00023044        0xc ./emlib/em_usart.o
                0x00023044                USART_TxDouble
 .text.DMD_writeColor.part.0
                0x00023050      0x18c ./glib/BRD4300ArevA03/dmd_display.o
 .text.DMD_getDisplayGeometry
                0x000231dc       0x1c ./glib/BRD4300ArevA03/dmd_display.o
                0x000231dc                DMD_getDisplayGeometry
 .text.DMD_setClippingArea
                0x000231f8       0x44 ./glib/BRD4300ArevA03/dmd_display.o
                0x000231f8                DMD_setClippingArea
 .text.DMD_writeColor
                0x0002323c       0x20 ./glib/BRD4300ArevA03/dmd_display.o
                0x0002323c                DMD_writeColor
 .text.DMD_allocateFramebuffer
                0x0002325c       0x38 ./glib/BRD4300ArevA03/dmd_display.o
                0x0002325c                DMD_allocateFramebuffer
 .text.DMD_init
                0x00023294       0x78 ./glib/BRD4300ArevA03/dmd_display.o
                0x00023294                DMD_init
 .text.DMD_updateDisplay
                0x0002330c       0xc8 ./glib/BRD4300ArevA03/dmd_display.o
                0x0002330c                DMD_updateDisplay
 .text.GLIB_applyClippingRegion.part.1
                0x000233d4       0x1c ./glib/BRD4300ArevA03/glib.o
 .text.GLIB_setClippingRegion.part.2
                0x000233f0       0x48 ./glib/BRD4300ArevA03/glib.o
 .text.GLIB_contextInit
                0x00023438       0x58 ./glib/BRD4300ArevA03/glib.o
                0x00023438                GLIB_contextInit
 .text.GLIB_clear
                0x00023490       0x48 ./glib/BRD4300ArevA03/glib.o
                0x00023490                GLIB_clear
 .text.GLIB_drawPixel
                0x000234d8       0x40 ./glib/BRD4300ArevA03/glib.o
                0x000234d8                GLIB_drawPixel
 .text.GLIB_drawPixelColor
                0x00023518       0x3c ./glib/BRD4300ArevA03/glib.o
                0x00023518                GLIB_drawPixelColor
 .text.GLIB_rectContainsPoint
                0x00023554       0x24 ./glib/BRD4300ArevA03/glib_rectangle.o
                0x00023554                GLIB_rectContainsPoint
 .text.GLIB_drawChar.part.0
                0x00023578      0x164 ./glib/BRD4300ArevA03/glib_string.o
 .text.GLIB_drawString
                0x000236dc       0x90 ./glib/BRD4300ArevA03/glib_string.o
                0x000236dc                GLIB_drawString
 .text.GLIB_setFont
                0x0002376c       0x30 ./glib/BRD4300ArevA03/glib_string.o
                0x0002376c                GLIB_setFont
 .text.I2CSPM_Transfer
                0x0002379c       0x24 ./kit/BRD4300ArevA03/i2cspm.o
                0x0002379c                I2CSPM_Transfer
 .text.Si7013_Measure
                0x000237c0       0x54 ./kit/BRD4300ArevA03/si7013.o
 .text.Si7013_MeasureRHAndTemp
                0x00023814       0x58 ./kit/BRD4300ArevA03/si7013.o
                0x00023814                Si7013_MeasureRHAndTemp
 .text.Si7013_Detect
                0x0002386c       0x58 ./kit/BRD4300ArevA03/si7013.o
                0x0002386c                Si7013_Detect
 .text.UDELAY_Calibrate
                0x000238c4      0x1c0 ./kit/BRD4300ArevA03/udelay.o
                0x000238c4                UDELAY_Calibrate
 .text.UDELAY_Delay
                0x00023a84       0x28 ./kit/BRD4300ArevA03/udelay.o
                0x00023a84                UDELAY_Delay
 .text.DISPLAY_Init
                0x00023aac       0x34 ./kit_lcd/BRD4300ArevA03/display.o
                0x00023aac                DISPLAY_Init
 .text.DISPLAY_DeviceGet
                0x00023ae0       0x50 ./kit_lcd/BRD4300ArevA03/display.o
                0x00023ae0                DISPLAY_DeviceGet
 .text.DISPLAY_DeviceRegister
                0x00023b30       0x5c ./kit_lcd/BRD4300ArevA03/display.o
                0x00023b30                DISPLAY_DeviceRegister
 .text.PixelMatrixAllocate
                0x00023b8c       0x3c ./kit_lcd/BRD4300ArevA03/displayls013b7dh03.o
 .text.PixelMatrixFree
                0x00023bc8        0x8 ./kit_lcd/BRD4300ArevA03/displayls013b7dh03.o
 .text.DriverRefresh
                0x00023bd0       0x10 ./kit_lcd/BRD4300ArevA03/displayls013b7dh03.o
 .text.PixelMatrixClear
                0x00023be0       0x20 ./kit_lcd/BRD4300ArevA03/displayls013b7dh03.o
 .text.PixelMatrixDraw
                0x00023c00       0x8c ./kit_lcd/BRD4300ArevA03/displayls013b7dh03.o
 .text.DisplayPolarityInverse
                0x00023c8c       0x10 ./kit_lcd/BRD4300ArevA03/displayls013b7dh03.o
 .text.DisplayEnable.part.0
                0x00023c9c       0x18 ./kit_lcd/BRD4300ArevA03/displayls013b7dh03.o
 .text.DisplayEnable
                0x00023cb4       0x24 ./kit_lcd/BRD4300ArevA03/displayls013b7dh03.o
 .text.DISPLAY_Ls013b7dh03Init
                0x00023cd8       0xfc ./kit_lcd/BRD4300ArevA03/displayls013b7dh03.o
                0x00023cd8                DISPLAY_Ls013b7dh03Init
 .text.PAL_SpiInit
                0x00023dd4       0x50 ./kit_lcd/BRD4300ArevA03/displaypalemlib.o
                0x00023dd4                PAL_SpiInit
 .text.PAL_SpiTransmit
                0x00023e24       0x40 ./kit_lcd/BRD4300ArevA03/displaypalemlib.o
                0x00023e24                PAL_SpiTransmit
 .text.PAL_TimerInit
                0x00023e64        0xc ./kit_lcd/BRD4300ArevA03/displaypalemlib.o
                0x00023e64                PAL_TimerInit
 .text.PAL_TimerMicroSecondsDelay
                0x00023e70        0xc ./kit_lcd/BRD4300ArevA03/displaypalemlib.o
                0x00023e70                PAL_TimerMicroSecondsDelay
 .text.PAL_TimerRepeat
                0x00023e7c       0x18 ./kit_lcd/BRD4300ArevA03/displaypalemlib.o
                0x00023e7c                PAL_TimerRepeat
 .text.PAL_GpioInit
                0x00023e94       0x14 ./kit_lcd/BRD4300ArevA03/displaypalemlib.o
                0x00023e94                PAL_GpioInit
 .text.PAL_GpioPinModeSet
                0x00023ea8       0x18 ./kit_lcd/BRD4300ArevA03/displaypalemlib.o
                0x00023ea8                PAL_GpioPinModeSet
 .text.PAL_GpioPinOutSet
                0x00023ec0       0x18 ./kit_lcd/BRD4300ArevA03/displaypalemlib.o
                0x00023ec0                PAL_GpioPinOutSet
 .text.PAL_GpioPinOutClear
                0x00023ed8       0x18 ./kit_lcd/BRD4300ArevA03/displaypalemlib.o
                0x00023ed8                PAL_GpioPinOutClear
 .text.PAL_GpioPinOutToggle
                0x00023ef0       0x18 ./kit_lcd/BRD4300ArevA03/displaypalemlib.o
                0x00023ef0                PAL_GpioPinOutToggle
 .text.EMU_enter_DefaultMode_from_RESET
                0x00023f08       0x74 ./src/InitDevice.o
                0x00023f08                EMU_enter_DefaultMode_from_RESET
 .text.CMU_enter_DefaultMode_from_RESET
                0x00023f7c      0x128 ./src/InitDevice.o
                0x00023f7c                CMU_enter_DefaultMode_from_RESET
 .text.RTCC_enter_DefaultMode_from_RESET
                0x000240a4       0x44 ./src/InitDevice.o
                0x000240a4                RTCC_enter_DefaultMode_from_RESET
 .text.I2C0_enter_DefaultMode_from_RESET
                0x000240e8       0x60 ./src/InitDevice.o
                0x000240e8                I2C0_enter_DefaultMode_from_RESET
 .text.PORTIO_enter_DefaultMode_from_RESET
                0x00024148       0x44 ./src/InitDevice.o
                0x00024148                PORTIO_enter_DefaultMode_from_RESET
 .text.enter_DefaultMode_from_RESET
                0x0002418c       0xa8 ./src/InitDevice.o
                0x0002418c                enter_DefaultMode_from_RESET
 .text          0x00024234       0x18 D:/SiliconLabs/SimplicityStudio/v4_2/developer/sdks/gecko_sdk_suite/v1.1//protocol/bluetooth_2.4/lib/EFR32BG1B/GCC/bgapi.a(gecko_bgapi_hardware.c.obj)
                0x00024234                gecko_bgapi_class_hardware_init
 .text          0x0002424c       0x18 D:/SiliconLabs/SimplicityStudio/v4_2/developer/sdks/gecko_sdk_suite/v1.1//protocol/bluetooth_2.4/lib/EFR32BG1B/GCC/bgapi.a(gecko_bgapi_test.c.obj)
                0x0002424c                gecko_bgapi_class_test_init
 .text          0x00024264       0x18 D:/SiliconLabs/SimplicityStudio/v4_2/developer/sdks/gecko_sdk_suite/v1.1//protocol/bluetooth_2.4/lib/EFR32BG1B/GCC/bgapi.a(gecko_bgapi_dfu.c.obj)
                0x00024264                gecko_bgapi_class_dfu_init
 .text          0x0002427c       0x18 D:/SiliconLabs/SimplicityStudio/v4_2/developer/sdks/gecko_sdk_suite/v1.1//protocol/bluetooth_2.4/lib/EFR32BG1B/GCC/bgapi.a(gecko_bgapi_gap.c.obj)
                0x0002427c                gecko_bgapi_class_le_gap_init
 .text          0x00024294       0x18 D:/SiliconLabs/SimplicityStudio/v4_2/developer/sdks/gecko_sdk_suite/v1.1//protocol/bluetooth_2.4/lib/EFR32BG1B/GCC/bgapi.a(gecko_bgapi_gatt.c.obj)
                0x00024294                gecko_bgapi_class_gatt_init
 .text          0x000242ac       0x18 D:/SiliconLabs/SimplicityStudio/v4_2/developer/sdks/gecko_sdk_suite/v1.1//protocol/bluetooth_2.4/lib/EFR32BG1B/GCC/bgapi.a(gecko_bgapi_gatt_server.c.obj)
                0x000242ac                gecko_bgapi_class_gatt_server_init
 .text          0x000242c4       0x18 D:/SiliconLabs/SimplicityStudio/v4_2/developer/sdks/gecko_sdk_suite/v1.1//protocol/bluetooth_2.4/lib/EFR32BG1B/GCC/bgapi.a(gecko_bgapi_flash.c.obj)
                0x000242c4                gecko_bgapi_class_flash_init
 .text          0x000242dc       0x18 D:/SiliconLabs/SimplicityStudio/v4_2/developer/sdks/gecko_sdk_suite/v1.1//protocol/bluetooth_2.4/lib/EFR32BG1B/GCC/bgapi.a(gecko_bgapi_sm.c.obj)
                0x000242dc                gecko_bgapi_class_sm_init
 .text          0x000242f4       0x18 D:/SiliconLabs/SimplicityStudio/v4_2/developer/sdks/gecko_sdk_suite/v1.1//protocol/bluetooth_2.4/lib/EFR32BG1B/GCC/bgapi.a(gecko_bgapi_system.c.obj)
                0x000242f4                gecko_bgapi_class_system_init
 .text          0x0002430c       0x18 D:/SiliconLabs/SimplicityStudio/v4_2/developer/sdks/gecko_sdk_suite/v1.1//protocol/bluetooth_2.4/lib/EFR32BG1B/GCC/bgapi.a(gecko_bgapi_endpoint.c.obj)
                0x0002430c                gecko_bgapi_class_endpoint_init
 .text          0x00024324       0x18 D:/SiliconLabs/SimplicityStudio/v4_2/developer/sdks/gecko_sdk_suite/v1.1//protocol/bluetooth_2.4/lib/EFR32BG1B/GCC/bgapi.a(gecko_bgapi_le_connection.c.obj)
                0x00024324                gecko_bgapi_class_le_connection_init
 .text          0x0002433c      0x1d0 D:/SiliconLabs/SimplicityStudio/v4_2/developer/sdks/gecko_sdk_suite/v1.1//protocol/bluetooth_2.4/lib/EFR32BG1B/GCC/bgapi.a(bgapi_hardware.c.obj)
                0x0002433c                soft_timer_comparison
                0x000243d0                bgapi_hardware_soft_timer_listener
                0x00024410                lib_hardware_handler_init
                0x00024424                gecko_cmd_hardware_set_soft_timer
                0x00024464                gecko_cmd_hardware_set_lazy_soft_timer
                0x000244a4                gecko_cmd_hardware_get_time
                0x000244d8                gecko_cmd_hardware_enable_dcdc
 .text          0x0002450c      0x330 D:/SiliconLabs/SimplicityStudio/v4_2/developer/sdks/gecko_sdk_suite/v1.1//protocol/bluetooth_2.4/lib/EFR32BG1B/GCC/bgapi.a(bgapi_test_lib.c.obj)
                0x0002450c                bgapi_test_lib_msg_handler
                0x00024564                lib_test_handler_init
                0x00024584                disable_interrupts
                0x000245a8                gecko_cmd_test_dtm_tx
                0x0002463c                gecko_cmd_test_dtm_rx
                0x00024688                gecko_cmd_test_dtm_end
                0x000246f0                gecko_cmd_test_debug_command
                0x000247c0                gecko_cmd_test_debug_counter
 .text          0x0002483c       0x8c D:/SiliconLabs/SimplicityStudio/v4_2/developer/sdks/gecko_sdk_suite/v1.1//protocol/bluetooth_2.4/lib/EFR32BG1B/GCC/bgapi.a(bgapi_dfu.c.obj)
                0x0002483c                lib_dfu_handler_init
                0x0002483e                gecko_cmd_dfu_reset
                0x00024844                gecko_cmd_dfu_flash_set_address
                0x00024870                gecko_cmd_dfu_flash_upload
                0x0002489c                gecko_cmd_dfu_flash_upload_finish
 .text          0x000248c8      0x34c D:/SiliconLabs/SimplicityStudio/v4_2/developer/sdks/gecko_sdk_suite/v1.1//protocol/bluetooth_2.4/lib/EFR32BG1B/GCC/bgapi.a(bgapi_gap.c.obj)
                0x000248c8                lib_le_gap_handler_init
                0x000248ca                gecko_cmd_le_gap_set_mode
                0x00024910                gecko_cmd_le_gap_bt5_set_mode
                0x00024954                gecko_cmd_le_gap_set_adv_data
                0x0002499c                gecko_cmd_le_gap_bt5_set_adv_data
                0x000249d0                gecko_cmd_le_gap_set_adv_timeout
                0x00024a24                gecko_cmd_le_gap_open
                0x00024a88                gecko_cmd_le_gap_discover
                0x00024ab4                gecko_cmd_le_gap_end_procedure
                0x00024ae0                gecko_cmd_le_gap_set_adv_parameters
                0x00024b14                gecko_cmd_le_gap_bt5_set_adv_parameters
                0x00024b50                gecko_cmd_le_gap_set_scan_parameters
                0x00024b80                gecko_cmd_le_gap_set_conn_parameters
                0x00024bb8                gecko_cmd_le_gap_set_phy
                0x00024be4                gecko_cmd_le_gap_set_privacy_mode
 .text          0x00024c14      0x6c4 D:/SiliconLabs/SimplicityStudio/v4_2/developer/sdks/gecko_sdk_suite/v1.1//protocol/bluetooth_2.4/lib/EFR32BG1B/GCC/bgapi.a(bgapi_gatt_lib.c.obj)
                0x00024c14                lib_gatt_handler_init
                0x00024c18                lib_gatt_server_handler_init
                0x00024c1a                gecko_cmd_gatt_set_max_mtu
                0x00024c54                gecko_cmd_gatt_discover_primary_services
                0x00024c84                gecko_cmd_gatt_discover_primary_services_by_uuid
                0x00024cc0                gecko_cmd_gatt_find_included_services
                0x00024cf4                gecko_cmd_gatt_discover_characteristics
                0x00024d28                gecko_cmd_gatt_discover_characteristics_by_uuid
                0x00024d68                gecko_cmd_gatt_read_characteristic_value
                0x00024da0                gecko_cmd_gatt_read_characteristic_value_from_offset
                0x00024ddc                gecko_cmd_gatt_read_characteristic_value_by_uuid
                0x00024e1c                gecko_cmd_gatt_read_multiple_characteristic_values
                0x00024e50                gecko_cmd_gatt_write_characteristic_value
                0x00024e88                gecko_cmd_gatt_write_characteristic_value_without_response
                0x00024ecc                gecko_cmd_gatt_prepare_characteristic_value_write
                0x00024f1c                gecko_cmd_gatt_execute_characteristic_value_write
                0x00024f50                gecko_cmd_gatt_set_characteristic_notification
                0x00024f88                gecko_cmd_gatt_discover_descriptors
                0x00024fbc                gecko_cmd_gatt_read_descriptor_value
                0x00024ff0                gecko_cmd_gatt_write_descriptor_value
                0x00025028                gecko_cmd_gatt_server_read_attribute_value
                0x00025070                gecko_cmd_gatt_server_read_attribute_type
                0x000250b4                gecko_cmd_gatt_server_find_attribute
                0x000250f0                gecko_cmd_gatt_server_write_attribute_value
                0x00025124                gecko_cmd_gatt_server_send_user_read_response
                0x00025174                gecko_cmd_gatt_server_send_user_write_response
                0x000251ac                gecko_cmd_gatt_server_send_characteristic_notification
                0x000251f8                gecko_cmd_gatt_send_characteristic_confirmation
                0x00025228                gecko_cmd_gatt_server_set_database
                0x00025258                gecko_cmd_gatt_server_set_capabilities
                0x00025288                gecko_cmd_gatt_prepare_characteristic_value_reliable_write
 .text          0x000252d8      0x1d0 D:/SiliconLabs/SimplicityStudio/v4_2/developer/sdks/gecko_sdk_suite/v1.1//protocol/bluetooth_2.4/lib/EFR32BG1B/GCC/bgapi.a(bgapi_ps.c.obj)
                0x000252d8                bgapi_ps_dump_listener
                0x00025318                lib_flash_handler_init
                0x0002532c                gecko_cmd_flash_ps_dump
                0x000253c4                gecko_cmd_flash_ps_erase_all
                0x000253f4                gecko_cmd_flash_ps_save
                0x00025430                gecko_cmd_flash_ps_load
                0x00025474                gecko_cmd_flash_ps_erase
 .text          0x000254a8      0x3cc D:/SiliconLabs/SimplicityStudio/v4_2/developer/sdks/gecko_sdk_suite/v1.1//protocol/bluetooth_2.4/lib/EFR32BG1B/GCC/bgapi.a(bgapi_sm.c.obj)
                0x00025570                lib_sm_handler_init
                0x00025584                gecko_cmd_sm_list_all_bondings
                0x000255bc                gecko_cmd_sm_increase_security
                0x000255ec                gecko_cmd_sm_set_bondable_mode
                0x00025618                gecko_cmd_sm_delete_bonding
                0x00025648                gecko_cmd_sm_delete_bondings
                0x00025678                gecko_cmd_sm_configure
                0x000256a8                gecko_cmd_sm_enter_passkey
                0x000256dc                gecko_cmd_sm_set_passkey
                0x00025708                gecko_cmd_sm_passkey_confirm
                0x0002573c                gecko_cmd_sm_set_oob_data
                0x0002576c                gecko_cmd_sm_set_sc_remote_oob_data
                0x0002579c                gecko_cmd_sm_use_sc_oob
                0x000257dc                gecko_cmd_sm_store_bonding_configuration
                0x00025810                gecko_cmd_sm_bonding_confirm
                0x00025844                gecko_cmd_sm_set_debug_mode
 .text          0x00025874      0x1d8 D:/SiliconLabs/SimplicityStudio/v4_2/developer/sdks/gecko_sdk_suite/v1.1//protocol/bluetooth_2.4/lib/EFR32BG1B/GCC/bgapi.a(bgapi_system.c.obj)
                0x00025874                bgapi_system_listener
                0x000258a4                lib_system_handler_init
                0x000258b8                gecko_cmd_system_get_bt_address
                0x000258f0                gecko_cmd_system_set_bt_address
                0x00025924                gecko_cmd_system_set_device_name
                0x00025960                gecko_cmd_system_get_random_data
                0x000259a8                gecko_cmd_system_halt
                0x000259dc                gecko_cmd_system_set_tx_power
                0x00025a0c                gecko_cmd_system_hello
                0x00025a34                gecko_cmd_system_reset
                0x00025a3a                gecko_send_system_awake
 .text          0x00025a4c      0x1ac D:/SiliconLabs/SimplicityStudio/v4_2/developer/sdks/gecko_sdk_suite/v1.1//protocol/bluetooth_2.4/lib/EFR32BG1B/GCC/bgapi.a(bgapi_endpoint.c.obj)
                0x00025a4c                lib_endpoint_handler_init
                0x00025a4e                gecko_cmd_endpoint_send
                0x00025af8                gecko_cmd_endpoint_set_streaming_destination
                0x00025b50                gecko_cmd_endpoint_close
                0x00025bac                gecko_cmd_endpoint_set_flags
                0x00025bae                gecko_cmd_endpoint_clr_flags
                0x00025bb0                gecko_cmd_endpoint_read_counters
 .text          0x00025bf8      0x104 D:/SiliconLabs/SimplicityStudio/v4_2/developer/sdks/gecko_sdk_suite/v1.1//protocol/bluetooth_2.4/lib/EFR32BG1B/GCC/bgapi.a(bgapi_le_connection.c.obj)
                0x00025bf8                lib_le_connection_handler_init
                0x00025bfa                gecko_cmd_le_connection_set_parameters
                0x00025c48                gecko_cmd_le_connection_get_rssi
                0x00025c78                gecko_cmd_le_connection_disable_slave_latency
                0x00025cc0                gecko_cmd_le_connection_set_phy
 .text          0x00025cfc      0xdf0 D:/SiliconLabs/SimplicityStudio/v4_2/developer/sdks/gecko_sdk_suite/v1.1//protocol/bluetooth_2.4/lib/EFR32BG1B/GCC/bgapi.a(gatt_client.c.obj)
                0x00025f64                gatt_discover_primary_services
                0x00025fa2                gatt_discover_primary_services_by_uuid
                0x00025ff8                gatt_find_included_services
                0x00026048                gatt_find_included_services_handler
                0x000260f8                gatt_discover_characteristics
                0x0002611a                gatt_discover_characteristics_by_uuid
                0x0002615c                gatt_discover_descriptors
                0x00026198                gatt_read_characteristic_value
                0x000261d0                gatt_read_characteristic_value_by_uuid
                0x0002620a                gatt_read_multiple_characteristic_values
                0x0002622e                gatt_write_characteristic_value
                0x00026254                gatt_write_characteristic_value_without_response
                0x0002626e                gatt_prepare_characteristic_value_write
                0x000262e4                gatt_execute_characteristic_value_write
                0x00026306                gatt_set_characteristic_notification
                0x00026346                gatt_read_descriptor_value
                0x0002636e                gatt_write_descriptor_value
                0x00026394                gatt_handle_exchange_mtu_rsp
                0x000263b0                gatt_handle_find_information_response
                0x00026502                gatt_handle_find_by_type_value_response
                0x0002659e                gatt_handle_read_response
                0x000266fc                gatt_handle_read_blob_response
                0x00026732                gatt_handle_read_multiple_response
                0x0002676e                gatt_handle_read_by_type_response
                0x000268b8                gatt_handle_read_by_group_type_response
                0x00026960                gatt_handle_write_response
                0x00026974                gatt_handle_prepare_write_response
                0x00026a66                gatt_handle_execute_write_response
                0x00026a9e                gatt_client_handle_value_notification
                0x00026ab0                gatt_client_handle_value_indication
                0x00026ac4                gatt_send_characteristic_confirmation
                0x00026ae2                gatt_client_init
 .text          0x00026aec      0x250 D:/SiliconLabs/SimplicityStudio/v4_2/developer/sdks/gecko_sdk_suite/v1.1//protocol/bluetooth_2.4/lib/EFR32BG1B/GCC/bgapi.a(ubt_gatt_client.c.obj)
                0x00026aec                ubt_gatt_discover_primary_services
                0x00026b02                ubt_gatt_discover_primary_services_by_uuid
                0x00026b2e                ubt_gatt_find_included_services
                0x00026b48                ubt_gatt_discover_characteristics
                0x00026b62                ubt_gatt_discover_characteristics_by_uuid
                0x00026b92                ubt_gatt_discover_descriptors
                0x00026bac                ubt_gatt_read_characteristic_value
                0x00026bce                ubt_gatt_read_characteristic_value_by_uuid
                0x00026bfe                ubt_gatt_read_multiple_characteristic_values
                0x00026c1c                ubt_gatt_write_characteristic_value
                0x00026c3e                ubt_gatt_write_characteristic_value_without_response
                0x00026c78                ubt_gatt_prepare_characteristic_value_write
                0x00026cb2                ubt_gatt_execute_characteristic_value_write
                0x00026ccc                ubt_gatt_send_characteristic_confirmation
                0x00026ce2                ubt_gatt_read_descriptor_value
                0x00026cfc                ubt_gatt_write_descriptor_value
                0x00026d1e                ubt_gatt_set_characteristic_notification
 .text          0x00026d3c      0x4ec D:/SiliconLabs/SimplicityStudio/v4_2/developer/sdks/gecko_sdk_suite/v1.1//protocol/bluetooth_2.4/lib/EFR32BG1B/GCC/bgapi.a(att_client.c.obj)
                0x00026d3c                att_send_find_information_request
                0x00026d62                att_send_find_by_type_value_request
                0x00026d94                att_send_read_by_type_request
                0x00026dc0                att_send_read_request
                0x00026de0                att_send_read_blob_request
                0x00026e06                att_send_read_multiple_request
                0x00026e32                att_send_read_by_group_type_request
                0x00026e5e                att_send_write_request
                0x00026e8a                att_send_write_command
                0x00026eb6                att_send_signed_write_command
                0x00026ef0                att_send_prepare_write_request
                0x00026f2c                att_send_execute_write_request
                0x00026f4a                att_send_handle_value_confirmation
                0x00026f62                validate_gatt_client_pdu_len
                0x0002701c                att_gatt_client_handler
 .text          0x00027228      0x370 d:/siliconlabs/simplicitystudio/v4_2/developer/toolchains/gnu_arm/4.9_2015q3/bin/../lib/gcc/arm-none-eabi/4.9.3/armv7e-m/fpu\libgcc.a(_arm_addsubdf3.o)
                0x00027228                __aeabi_drsub
                0x00027230                __aeabi_dsub
                0x00027230                __subdf3
                0x00027234                __aeabi_dadd
                0x00027234                __adddf3
                0x000274ac                __floatunsidf
                0x000274ac                __aeabi_ui2d
                0x000274cc                __floatsidf
                0x000274cc                __aeabi_i2d
                0x000274f0                __aeabi_f2d
                0x000274f0                __extendsfdf2
                0x0002752c                __floatundidf
                0x0002752c                __aeabi_ul2d
                0x0002753c                __floatdidf
                0x0002753c                __aeabi_l2d
 .text          0x00027598      0x424 d:/siliconlabs/simplicitystudio/v4_2/developer/toolchains/gnu_arm/4.9_2015q3/bin/../lib/gcc/arm-none-eabi/4.9.3/armv7e-m/fpu\libgcc.a(_arm_muldivdf3.o)
                0x00027598                __aeabi_dmul
                0x00027598                __muldf3
                0x000277ec                __divdf3
                0x000277ec                __aeabi_ddiv
 .text          0x000279bc       0xa0 d:/siliconlabs/simplicitystudio/v4_2/developer/toolchains/gnu_arm/4.9_2015q3/bin/../lib/gcc/arm-none-eabi/4.9.3/armv7e-m/fpu\libgcc.a(_arm_truncdfsf2.o)
                0x000279bc                __truncdfsf2
                0x000279bc                __aeabi_d2f
 .text          0x00027a5c       0x30 d:/siliconlabs/simplicitystudio/v4_2/developer/toolchains/gnu_arm/4.9_2015q3/bin/../lib/gcc/arm-none-eabi/4.9.3/armv7e-m/fpu\libgcc.a(_aeabi_uldivmod.o)
                0x00027a5c                __aeabi_uldivmod
 .text          0x00027a8c       0x60 d:/siliconlabs/simplicitystudio/v4_2/developer/toolchains/gnu_arm/4.9_2015q3/bin/../lib/gcc/arm-none-eabi/4.9.3/armv7e-m/fpu\libgcc.a(bpabi.o)
                0x00027a8c                __gnu_ldivmod_helper
                0x00027abc                __gnu_uldivmod_helper
 .text          0x00027aec        0x4 d:/siliconlabs/simplicitystudio/v4_2/developer/toolchains/gnu_arm/4.9_2015q3/bin/../lib/gcc/arm-none-eabi/4.9.3/armv7e-m/fpu\libgcc.a(_dvmd_tls.o)
                0x00027aec                __aeabi_idiv0
                0x00027aec                __aeabi_ldiv0
 .text          0x00027af0      0x29c d:/siliconlabs/simplicitystudio/v4_2/developer/toolchains/gnu_arm/4.9_2015q3/bin/../lib/gcc/arm-none-eabi/4.9.3/armv7e-m/fpu\libgcc.a(_divdi3.o)
                0x00027af0                __divdi3
 .text          0x00027d8c      0x26c d:/siliconlabs/simplicitystudio/v4_2/developer/toolchains/gnu_arm/4.9_2015q3/bin/../lib/gcc/arm-none-eabi/4.9.3/armv7e-m/fpu\libgcc.a(_udivdi3.o)
                0x00027d8c                __udivdi3
 .text.exit     0x00027ff8       0x20 d:/siliconlabs/simplicitystudio/v4_2/developer/toolchains/gnu_arm/4.9_2015q3/bin/../lib/gcc/arm-none-eabi/4.9.3/../../../../arm-none-eabi/lib/armv7e-m/fpu\libc.a(lib_a-exit.o)
                0x00027ff8                exit
 .text.__libc_init_array
                0x00028018       0x50 d:/siliconlabs/simplicitystudio/v4_2/developer/toolchains/gnu_arm/4.9_2015q3/bin/../lib/gcc/arm-none-eabi/4.9.3/../../../../arm-none-eabi/lib/armv7e-m/fpu\libc.a(lib_a-init.o)
                0x00028018                __libc_init_array
 .text.memcmp   0x00028068       0x64 d:/siliconlabs/simplicitystudio/v4_2/developer/toolchains/gnu_arm/4.9_2015q3/bin/../lib/gcc/arm-none-eabi/4.9.3/../../../../arm-none-eabi/lib/armv7e-m/fpu\libc.a(lib_a-memcmp.o)
                0x00028068                memcmp
 .text          0x000280cc      0x134 d:/siliconlabs/simplicitystudio/v4_2/developer/toolchains/gnu_arm/4.9_2015q3/bin/../lib/gcc/arm-none-eabi/4.9.3/../../../../arm-none-eabi/lib/armv7e-m/fpu\libc.a(lib_a-memcpy.o)
                0x000280cc                memcpy
 .text.memset   0x00028200       0x9c d:/siliconlabs/simplicitystudio/v4_2/developer/toolchains/gnu_arm/4.9_2015q3/bin/../lib/gcc/arm-none-eabi/4.9.3/../../../../arm-none-eabi/lib/armv7e-m/fpu\libc.a(lib_a-memset.o)
                0x00028200                memset
 .text.snprintf
                0x0002829c       0x9c d:/siliconlabs/simplicitystudio/v4_2/developer/toolchains/gnu_arm/4.9_2015q3/bin/../lib/gcc/arm-none-eabi/4.9.3/../../../../arm-none-eabi/lib/armv7e-m/fpu\libc.a(lib_a-snprintf.o)
                0x0002829c                snprintf
 .text.strlen   0x00028338       0x5c d:/siliconlabs/simplicitystudio/v4_2/developer/toolchains/gnu_arm/4.9_2015q3/bin/../lib/gcc/arm-none-eabi/4.9.3/../../../../arm-none-eabi/lib/armv7e-m/fpu\libc.a(lib_a-strlen.o)
                0x00028338                strlen
 *fill*         0x00028394        0x4 
 .text._svfprintf_r
                0x00028398     0x14cc d:/siliconlabs/simplicitystudio/v4_2/developer/toolchains/gnu_arm/4.9_2015q3/bin/../lib/gcc/arm-none-eabi/4.9.3/../../../../arm-none-eabi/lib/armv7e-m/fpu\libc.a(lib_a-svfprintf.o)
                0x00028398                _svfprintf_r
 .text.startup.register_fini
                0x00029864       0x14 d:/siliconlabs/simplicitystudio/v4_2/developer/toolchains/gnu_arm/4.9_2015q3/bin/../lib/gcc/arm-none-eabi/4.9.3/../../../../arm-none-eabi/lib/armv7e-m/fpu\libc.a(lib_a-__call_atexit.o)
 .text.__call_exitprocs
                0x00029878       0xd4 d:/siliconlabs/simplicitystudio/v4_2/developer/toolchains/gnu_arm/4.9_2015q3/bin/../lib/gcc/arm-none-eabi/4.9.3/../../../../arm-none-eabi/lib/armv7e-m/fpu\libc.a(lib_a-__call_atexit.o)
                0x00029878                __call_exitprocs
 .text.atexit   0x0002994c        0xc d:/siliconlabs/simplicitystudio/v4_2/developer/toolchains/gnu_arm/4.9_2015q3/bin/../lib/gcc/arm-none-eabi/4.9.3/../../../../arm-none-eabi/lib/armv7e-m/fpu\libc.a(lib_a-atexit.o)
                0x0002994c                atexit
 .text.quorem   0x00029958      0x12c d:/siliconlabs/simplicitystudio/v4_2/developer/toolchains/gnu_arm/4.9_2015q3/bin/../lib/gcc/arm-none-eabi/4.9.3/../../../../arm-none-eabi/lib/armv7e-m/fpu\libc.a(lib_a-dtoa.o)
 *fill*         0x00029a84        0x4 
 .text._dtoa_r  0x00029a88      0xea4 d:/siliconlabs/simplicitystudio/v4_2/developer/toolchains/gnu_arm/4.9_2015q3/bin/../lib/gcc/arm-none-eabi/4.9.3/../../../../arm-none-eabi/lib/armv7e-m/fpu\libc.a(lib_a-dtoa.o)
                0x00029a88                _dtoa_r
 .text.__libc_fini_array
                0x0002a92c       0x2c d:/siliconlabs/simplicitystudio/v4_2/developer/toolchains/gnu_arm/4.9_2015q3/bin/../lib/gcc/arm-none-eabi/4.9.3/../../../../arm-none-eabi/lib/armv7e-m/fpu\libc.a(lib_a-fini.o)
                0x0002a92c                __libc_fini_array
 .text._localeconv_r
                0x0002a958        0x8 d:/siliconlabs/simplicitystudio/v4_2/developer/toolchains/gnu_arm/4.9_2015q3/bin/../lib/gcc/arm-none-eabi/4.9.3/../../../../arm-none-eabi/lib/armv7e-m/fpu\libc.a(lib_a-locale.o)
                0x0002a958                _localeconv_r
 .text._malloc_r
                0x0002a960      0x524 d:/siliconlabs/simplicitystudio/v4_2/developer/toolchains/gnu_arm/4.9_2015q3/bin/../lib/gcc/arm-none-eabi/4.9.3/../../../../arm-none-eabi/lib/armv7e-m/fpu\libc.a(lib_a-mallocr.o)
                0x0002a960                _malloc_r
 .text.memchr   0x0002ae84       0x94 d:/siliconlabs/simplicitystudio/v4_2/developer/toolchains/gnu_arm/4.9_2015q3/bin/../lib/gcc/arm-none-eabi/4.9.3/../../../../arm-none-eabi/lib/armv7e-m/fpu\libc.a(lib_a-memchr.o)
                0x0002ae84                memchr
 .text.__malloc_lock
                0x0002af18        0x4 d:/siliconlabs/simplicitystudio/v4_2/developer/toolchains/gnu_arm/4.9_2015q3/bin/../lib/gcc/arm-none-eabi/4.9.3/../../../../arm-none-eabi/lib/armv7e-m/fpu\libc.a(lib_a-mlock.o)
                0x0002af18                __malloc_lock
 .text.__malloc_unlock
                0x0002af1c        0x4 d:/siliconlabs/simplicitystudio/v4_2/developer/toolchains/gnu_arm/4.9_2015q3/bin/../lib/gcc/arm-none-eabi/4.9.3/../../../../arm-none-eabi/lib/armv7e-m/fpu\libc.a(lib_a-mlock.o)
                0x0002af1c                __malloc_unlock
 .text._Balloc  0x0002af20       0x4c d:/siliconlabs/simplicitystudio/v4_2/developer/toolchains/gnu_arm/4.9_2015q3/bin/../lib/gcc/arm-none-eabi/4.9.3/../../../../arm-none-eabi/lib/armv7e-m/fpu\libc.a(lib_a-mprec.o)
                0x0002af20                _Balloc
 .text._Bfree   0x0002af6c       0x14 d:/siliconlabs/simplicitystudio/v4_2/developer/toolchains/gnu_arm/4.9_2015q3/bin/../lib/gcc/arm-none-eabi/4.9.3/../../../../arm-none-eabi/lib/armv7e-m/fpu\libc.a(lib_a-mprec.o)
                0x0002af6c                _Bfree
 .text.__multadd
                0x0002af80       0x84 d:/siliconlabs/simplicitystudio/v4_2/developer/toolchains/gnu_arm/4.9_2015q3/bin/../lib/gcc/arm-none-eabi/4.9.3/../../../../arm-none-eabi/lib/armv7e-m/fpu\libc.a(lib_a-mprec.o)
                0x0002af80                __multadd
 .text.__hi0bits
                0x0002b004       0x40 d:/siliconlabs/simplicitystudio/v4_2/developer/toolchains/gnu_arm/4.9_2015q3/bin/../lib/gcc/arm-none-eabi/4.9.3/../../../../arm-none-eabi/lib/armv7e-m/fpu\libc.a(lib_a-mprec.o)
                0x0002b004                __hi0bits
 .text.__lo0bits
                0x0002b044       0x5c d:/siliconlabs/simplicitystudio/v4_2/developer/toolchains/gnu_arm/4.9_2015q3/bin/../lib/gcc/arm-none-eabi/4.9.3/../../../../arm-none-eabi/lib/armv7e-m/fpu\libc.a(lib_a-mprec.o)
                0x0002b044                __lo0bits
 .text.__i2b    0x0002b0a0       0x14 d:/siliconlabs/simplicitystudio/v4_2/developer/toolchains/gnu_arm/4.9_2015q3/bin/../lib/gcc/arm-none-eabi/4.9.3/../../../../arm-none-eabi/lib/armv7e-m/fpu\libc.a(lib_a-mprec.o)
                0x0002b0a0                __i2b
 .text.__multiply
                0x0002b0b4      0x134 d:/siliconlabs/simplicitystudio/v4_2/developer/toolchains/gnu_arm/4.9_2015q3/bin/../lib/gcc/arm-none-eabi/4.9.3/../../../../arm-none-eabi/lib/armv7e-m/fpu\libc.a(lib_a-mprec.o)
                0x0002b0b4                __multiply
 .text.__pow5mult
                0x0002b1e8       0xa0 d:/siliconlabs/simplicitystudio/v4_2/developer/toolchains/gnu_arm/4.9_2015q3/bin/../lib/gcc/arm-none-eabi/4.9.3/../../../../arm-none-eabi/lib/armv7e-m/fpu\libc.a(lib_a-mprec.o)
                0x0002b1e8                __pow5mult
 .text.__lshift
                0x0002b288       0xac d:/siliconlabs/simplicitystudio/v4_2/developer/toolchains/gnu_arm/4.9_2015q3/bin/../lib/gcc/arm-none-eabi/4.9.3/../../../../arm-none-eabi/lib/armv7e-m/fpu\libc.a(lib_a-mprec.o)
                0x0002b288                __lshift
 .text.__mcmp   0x0002b334       0x48 d:/siliconlabs/simplicitystudio/v4_2/developer/toolchains/gnu_arm/4.9_2015q3/bin/../lib/gcc/arm-none-eabi/4.9.3/../../../../arm-none-eabi/lib/armv7e-m/fpu\libc.a(lib_a-mprec.o)
                0x0002b334                __mcmp
 .text.__mdiff  0x0002b37c       0xd4 d:/siliconlabs/simplicitystudio/v4_2/developer/toolchains/gnu_arm/4.9_2015q3/bin/../lib/gcc/arm-none-eabi/4.9.3/../../../../arm-none-eabi/lib/armv7e-m/fpu\libc.a(lib_a-mprec.o)
                0x0002b37c                __mdiff
 .text.__d2b    0x0002b450       0xbc d:/siliconlabs/simplicitystudio/v4_2/developer/toolchains/gnu_arm/4.9_2015q3/bin/../lib/gcc/arm-none-eabi/4.9.3/../../../../arm-none-eabi/lib/armv7e-m/fpu\libc.a(lib_a-mprec.o)
                0x0002b450                __d2b
 .text.__fpclassifyd
                0x0002b50c       0x5c d:/siliconlabs/simplicitystudio/v4_2/developer/toolchains/gnu_arm/4.9_2015q3/bin/../lib/gcc/arm-none-eabi/4.9.3/../../../../arm-none-eabi/lib/armv7e-m/fpu\libc.a(lib_a-s_fpclassify.o)
                0x0002b50c                __fpclassifyd
 .text._sbrk_r  0x0002b568       0x24 d:/siliconlabs/simplicitystudio/v4_2/developer/toolchains/gnu_arm/4.9_2015q3/bin/../lib/gcc/arm-none-eabi/4.9.3/../../../../arm-none-eabi/lib/armv7e-m/fpu\libc.a(lib_a-sbrkr.o)
                0x0002b568                _sbrk_r
 .text.__ssprint_r
                0x0002b58c      0x104 d:/siliconlabs/simplicitystudio/v4_2/developer/toolchains/gnu_arm/4.9_2015q3/bin/../lib/gcc/arm-none-eabi/4.9.3/../../../../arm-none-eabi/lib/armv7e-m/fpu\libc.a(lib_a-svfiprintf.o)
                0x0002b58c                __ssprint_r
 .text.__register_exitproc
                0x0002b690       0xa4 d:/siliconlabs/simplicitystudio/v4_2/developer/toolchains/gnu_arm/4.9_2015q3/bin/../lib/gcc/arm-none-eabi/4.9.3/../../../../arm-none-eabi/lib/armv7e-m/fpu\libc.a(lib_a-__atexit.o)
                0x0002b690                __register_exitproc
 .text._calloc_r
                0x0002b734       0x60 d:/siliconlabs/simplicitystudio/v4_2/developer/toolchains/gnu_arm/4.9_2015q3/bin/../lib/gcc/arm-none-eabi/4.9.3/../../../../arm-none-eabi/lib/armv7e-m/fpu\libc.a(lib_a-callocr.o)
                0x0002b734                _calloc_r
 .text._malloc_trim_r
                0x0002b794       0x9c d:/siliconlabs/simplicitystudio/v4_2/developer/toolchains/gnu_arm/4.9_2015q3/bin/../lib/gcc/arm-none-eabi/4.9.3/../../../../arm-none-eabi/lib/armv7e-m/fpu\libc.a(lib_a-freer.o)
                0x0002b794                _malloc_trim_r
 .text._free_r  0x0002b830      0x1b0 d:/siliconlabs/simplicitystudio/v4_2/developer/toolchains/gnu_arm/4.9_2015q3/bin/../lib/gcc/arm-none-eabi/4.9.3/../../../../arm-none-eabi/lib/armv7e-m/fpu\libc.a(lib_a-freer.o)
                0x0002b830                _free_r
 .text.memmove  0x0002b9e0       0xc8 d:/siliconlabs/simplicitystudio/v4_2/developer/toolchains/gnu_arm/4.9_2015q3/bin/../lib/gcc/arm-none-eabi/4.9.3/../../../../arm-none-eabi/lib/armv7e-m/fpu\libc.a(lib_a-memmove.o)
                0x0002b9e0                memmove
 .text._realloc_r
                0x0002baa8      0x3ec d:/siliconlabs/simplicitystudio/v4_2/developer/toolchains/gnu_arm/4.9_2015q3/bin/../lib/gcc/arm-none-eabi/4.9.3/../../../../arm-none-eabi/lib/armv7e-m/fpu\libc.a(lib_a-reallocr.o)
                0x0002baa8                _realloc_r
 .text._sbrk    0x0002be94       0x1c d:/siliconlabs/simplicitystudio/v4_2/developer/toolchains/gnu_arm/4.9_2015q3/bin/../lib/gcc/arm-none-eabi/4.9.3/../../../../arm-none-eabi/lib/armv7e-m/fpu\libnosys.a(sbrk.o)
                0x0002be94                _sbrk
 .text._exit    0x0002beb0        0x4 d:/siliconlabs/simplicitystudio/v4_2/developer/toolchains/gnu_arm/4.9_2015q3/bin/../lib/gcc/arm-none-eabi/4.9.3/../../../../arm-none-eabi/lib/armv7e-m/fpu\libnosys.a(_exit.o)
                0x0002beb0                _exit
 .text          0x0002beb4      0x110 d:/siliconlabs/simplicitystudio/v4_2/developer/toolchains/gnu_arm/4.9_2015q3/bin/../lib/gcc/arm-none-eabi/4.9.3/armv7e-m/fpu\libgcc.a(_arm_cmpdf2.o)
                0x0002beb4                __gtdf2
                0x0002beb4                __gedf2
                0x0002bebc                __ltdf2
                0x0002bebc                __ledf2
                0x0002bec4                __nedf2
                0x0002bec4                __eqdf2
                0x0002bec4                __cmpdf2
                0x0002bf40                __aeabi_cdrcmple
                0x0002bf50                __aeabi_cdcmpeq
                0x0002bf50                __aeabi_cdcmple
                0x0002bf60                __aeabi_dcmpeq
                0x0002bf74                __aeabi_dcmplt
                0x0002bf88                __aeabi_dcmple
                0x0002bf9c                __aeabi_dcmpge
                0x0002bfb0                __aeabi_dcmpgt
 .text          0x0002bfc4       0x50 d:/siliconlabs/simplicitystudio/v4_2/developer/toolchains/gnu_arm/4.9_2015q3/bin/../lib/gcc/arm-none-eabi/4.9.3/armv7e-m/fpu\libgcc.a(_arm_fixdfsi.o)
                0x0002bfc4                __aeabi_d2iz
                0x0002bfc4                __fixdfsi
 *(.init)
 .init          0x0002c014        0x4 d:/siliconlabs/simplicitystudio/v4_2/developer/toolchains/gnu_arm/4.9_2015q3/bin/../lib/gcc/arm-none-eabi/4.9.3/armv7e-m/fpu/crti.o
                0x0002c014                _init
 .init          0x0002c018        0x8 d:/siliconlabs/simplicitystudio/v4_2/developer/toolchains/gnu_arm/4.9_2015q3/bin/../lib/gcc/arm-none-eabi/4.9.3/armv7e-m/fpu/crtn.o
 *(.fini)
 .fini          0x0002c020        0x4 d:/siliconlabs/simplicitystudio/v4_2/developer/toolchains/gnu_arm/4.9_2015q3/bin/../lib/gcc/arm-none-eabi/4.9.3/armv7e-m/fpu/crti.o
                0x0002c020                _fini
 .fini          0x0002c024        0x8 d:/siliconlabs/simplicitystudio/v4_2/developer/toolchains/gnu_arm/4.9_2015q3/bin/../lib/gcc/arm-none-eabi/4.9.3/armv7e-m/fpu/crtn.o
 *crtbegin.o(.ctors)
 *crtbegin?.o(.ctors)
 *(EXCLUDE_FILE(*crtend.o *crtend?.o) .ctors)
 *(SORT(.ctors.*))
 *(.ctors)
 *crtbegin.o(.dtors)
 *crtbegin?.o(.dtors)
 *(EXCLUDE_FILE(*crtend.o *crtend?.o) .dtors)
 *(SORT(.dtors.*))
 *(.dtors)
 *(.rodata*)
 .rodata.str1.4
                0x0002c02c       0x1f ./advertisement.o
 *fill*         0x0002c04b        0x1 
 .rodata.str1.4
                0x0002c04c        0x7 ./app.o
 *fill*         0x0002c053        0x1 
 .rodata.str1.4
                0x0002c054       0x20 ./app_hw.o
 .rodata.str1.4
                0x0002c074       0x3f ./app_ui.o
 *fill*         0x0002c0b3        0x1 
 .rodata.str1.4
                0x0002c0b4       0x17 ./beacon.o
 *fill*         0x0002c0cb        0x1 
 .rodata.str1.4
                0x0002c0cc       0x26 ./htm.o
 *fill*         0x0002c0f2        0x2 
 .rodata.str1.4
                0x0002c0f4       0x45 ./ia.o
 *fill*         0x0002c139        0x3 
 .rodata.ptiInit
                0x0002c13c       0x24 ./main.o
 .rodata.config
                0x0002c160       0x38 ./main.o
 .rodata.str1.4
                0x0002c198        0x4 ./main.o
 .rodata.CSWTCH.45
                0x0002c19c        0xc ./emlib/em_cmu.o
 .rodata.CSWTCH.46
                0x0002c1a8       0x10 ./emlib/em_cmu.o
 .rodata.CSWTCH.47
                0x0002c1b8       0x10 ./emlib/em_cmu.o
 .rodata.CSWTCH.48
                0x0002c1c8       0x10 ./emlib/em_cmu.o
 .rodata.i2cNSum
                0x0002c1d8        0x4 ./emlib/em_i2c.o
 .rodata.GLIB_FontNarrow6x8
                0x0002c1dc       0x10 ./glib/BRD4300ArevA03/glib_font_narrow_6x8.o
                0x0002c1dc                GLIB_FontNarrow6x8
 .rodata.GLIB_FontNarrow6x8PixMap
                0x0002c1ec      0x320 ./glib/BRD4300ArevA03/glib_font_narrow_6x8.o
 .rodata.GLIB_FontNormal8x8
                0x0002c50c       0x10 ./glib/BRD4300ArevA03/glib_font_normal_8x8.o
                0x0002c50c                GLIB_FontNormal8x8
 .rodata.GLIB_FontNormal8x8PixMap
                0x0002c51c      0x320 ./glib/BRD4300ArevA03/glib_font_normal_8x8.o
 .rodata        0x0002c83c       0x18 ./kit/BRD4300ArevA03/udelay.o
 .rodata.str1.4
                0x0002c854       0x15 ./kit_lcd/BRD4300ArevA03/displayls013b7dh03.o
 *fill*         0x0002c869        0x3 
 .rodata        0x0002c86c       0x24 ./kit_lcd/BRD4300ArevA03/displaypalemlib.o
 .rodata        0x0002c890       0x60 ./src/InitDevice.o
 .rodata        0x0002c8f0       0x28 D:/SiliconLabs/SimplicityStudio/v4_2/developer/sdks/gecko_sdk_suite/v1.1//protocol/bluetooth_2.4/lib/EFR32BG1B/GCC/bgapi.a(gecko_bgapi_hardware.c.obj)
 .rodata        0x0002c918       0x30 D:/SiliconLabs/SimplicityStudio/v4_2/developer/sdks/gecko_sdk_suite/v1.1//protocol/bluetooth_2.4/lib/EFR32BG1B/GCC/bgapi.a(gecko_bgapi_test.c.obj)
 .rodata        0x0002c948       0x28 D:/SiliconLabs/SimplicityStudio/v4_2/developer/sdks/gecko_sdk_suite/v1.1//protocol/bluetooth_2.4/lib/EFR32BG1B/GCC/bgapi.a(gecko_bgapi_dfu.c.obj)
 .rodata        0x0002c970       0x78 D:/SiliconLabs/SimplicityStudio/v4_2/developer/sdks/gecko_sdk_suite/v1.1//protocol/bluetooth_2.4/lib/EFR32BG1B/GCC/bgapi.a(gecko_bgapi_gap.c.obj)
 .rodata        0x0002c9e8       0xa8 D:/SiliconLabs/SimplicityStudio/v4_2/developer/sdks/gecko_sdk_suite/v1.1//protocol/bluetooth_2.4/lib/EFR32BG1B/GCC/bgapi.a(gecko_bgapi_gatt.c.obj)
 .rodata        0x0002ca90       0x50 D:/SiliconLabs/SimplicityStudio/v4_2/developer/sdks/gecko_sdk_suite/v1.1//protocol/bluetooth_2.4/lib/EFR32BG1B/GCC/bgapi.a(gecko_bgapi_gatt_server.c.obj)
 .rodata        0x0002cae0       0x30 D:/SiliconLabs/SimplicityStudio/v4_2/developer/sdks/gecko_sdk_suite/v1.1//protocol/bluetooth_2.4/lib/EFR32BG1B/GCC/bgapi.a(gecko_bgapi_flash.c.obj)
 .rodata        0x0002cb10       0x80 D:/SiliconLabs/SimplicityStudio/v4_2/developer/sdks/gecko_sdk_suite/v1.1//protocol/bluetooth_2.4/lib/EFR32BG1B/GCC/bgapi.a(gecko_bgapi_sm.c.obj)
 .rodata        0x0002cb90       0x48 D:/SiliconLabs/SimplicityStudio/v4_2/developer/sdks/gecko_sdk_suite/v1.1//protocol/bluetooth_2.4/lib/EFR32BG1B/GCC/bgapi.a(gecko_bgapi_system.c.obj)
 .rodata        0x0002cbd8       0x38 D:/SiliconLabs/SimplicityStudio/v4_2/developer/sdks/gecko_sdk_suite/v1.1//protocol/bluetooth_2.4/lib/EFR32BG1B/GCC/bgapi.a(gecko_bgapi_endpoint.c.obj)
 .rodata        0x0002cc10       0x28 D:/SiliconLabs/SimplicityStudio/v4_2/developer/sdks/gecko_sdk_suite/v1.1//protocol/bluetooth_2.4/lib/EFR32BG1B/GCC/bgapi.a(gecko_bgapi_le_connection.c.obj)
 .rodata        0x0002cc38       0x18 D:/SiliconLabs/SimplicityStudio/v4_2/developer/sdks/gecko_sdk_suite/v1.1//protocol/bluetooth_2.4/lib/EFR32BG1B/GCC/bgapi.a(bgapi_sm.c.obj)
 .rodata        0x0002cc50        0x4 D:/SiliconLabs/SimplicityStudio/v4_2/developer/sdks/gecko_sdk_suite/v1.1//protocol/bluetooth_2.4/lib/EFR32BG1B/GCC/bgapi.a(gatt_client.c.obj)
 .rodata.str1.4
                0x0002cc54        0x2 d:/siliconlabs/simplicitystudio/v4_2/developer/toolchains/gnu_arm/4.9_2015q3/bin/../lib/gcc/arm-none-eabi/4.9.3/../../../../arm-none-eabi/lib/armv7e-m/fpu\libc.a(lib_a-impure.o)
 *fill*         0x0002cc56        0x2 
 .rodata._global_impure_ptr
                0x0002cc58        0x4 d:/siliconlabs/simplicitystudio/v4_2/developer/toolchains/gnu_arm/4.9_2015q3/bin/../lib/gcc/arm-none-eabi/4.9.3/../../../../arm-none-eabi/lib/armv7e-m/fpu\libc.a(lib_a-impure.o)
                0x0002cc58                _global_impure_ptr
 .rodata.zeroes.6911
                0x0002cc5c       0x10 d:/siliconlabs/simplicitystudio/v4_2/developer/toolchains/gnu_arm/4.9_2015q3/bin/../lib/gcc/arm-none-eabi/4.9.3/../../../../arm-none-eabi/lib/armv7e-m/fpu\libc.a(lib_a-svfprintf.o)
 .rodata.blanks.6910
                0x0002cc6c       0x10 d:/siliconlabs/simplicitystudio/v4_2/developer/toolchains/gnu_arm/4.9_2015q3/bin/../lib/gcc/arm-none-eabi/4.9.3/../../../../arm-none-eabi/lib/armv7e-m/fpu\libc.a(lib_a-svfprintf.o)
 .rodata.str1.4
                0x0002cc7c       0x42 d:/siliconlabs/simplicitystudio/v4_2/developer/toolchains/gnu_arm/4.9_2015q3/bin/../lib/gcc/arm-none-eabi/4.9.3/../../../../arm-none-eabi/lib/armv7e-m/fpu\libc.a(lib_a-svfprintf.o)
 *fill*         0x0002ccbe        0x2 
 .rodata.str1.4
                0x0002ccc0       0x10 d:/siliconlabs/simplicitystudio/v4_2/developer/toolchains/gnu_arm/4.9_2015q3/bin/../lib/gcc/arm-none-eabi/4.9.3/../../../../arm-none-eabi/lib/armv7e-m/fpu\libc.a(lib_a-dtoa.o)
                                 0x12 (size before relaxing)
 .rodata.str1.4
                0x0002ccd0        0xc d:/siliconlabs/simplicitystudio/v4_2/developer/toolchains/gnu_arm/4.9_2015q3/bin/../lib/gcc/arm-none-eabi/4.9.3/../../../../arm-none-eabi/lib/armv7e-m/fpu\libc.a(lib_a-locale.o)
                                 0x12 (size before relaxing)
 *fill*         0x0002ccdc        0x4 
 .rodata.__mprec_tens
                0x0002cce0       0xc8 d:/siliconlabs/simplicitystudio/v4_2/developer/toolchains/gnu_arm/4.9_2015q3/bin/../lib/gcc/arm-none-eabi/4.9.3/../../../../arm-none-eabi/lib/armv7e-m/fpu\libc.a(lib_a-mprec.o)
                0x0002cce0                __mprec_tens
 .rodata.p05.5302
                0x0002cda8        0xc d:/siliconlabs/simplicitystudio/v4_2/developer/toolchains/gnu_arm/4.9_2015q3/bin/../lib/gcc/arm-none-eabi/4.9.3/../../../../arm-none-eabi/lib/armv7e-m/fpu\libc.a(lib_a-mprec.o)
 *fill*         0x0002cdb4        0x4 
 .rodata.__mprec_bigtens
                0x0002cdb8       0x28 d:/siliconlabs/simplicitystudio/v4_2/developer/toolchains/gnu_arm/4.9_2015q3/bin/../lib/gcc/arm-none-eabi/4.9.3/../../../../arm-none-eabi/lib/armv7e-m/fpu\libc.a(lib_a-mprec.o)
                0x0002cdb8                __mprec_bigtens
 *(.eh_frame*)
 .eh_frame      0x0002cde0        0x0 d:/siliconlabs/simplicitystudio/v4_2/developer/toolchains/gnu_arm/4.9_2015q3/bin/../lib/gcc/arm-none-eabi/4.9.3/armv7e-m/fpu/crtbegin.o
 .eh_frame      0x0002cde0        0x0 d:/siliconlabs/simplicitystudio/v4_2/developer/toolchains/gnu_arm/4.9_2015q3/bin/../lib/gcc/arm-none-eabi/4.9.3/../../../../arm-none-eabi/lib/armv7e-m/fpu\libc.a(lib_a-strcmp.o)
                                 0x70 (size before relaxing)
 .eh_frame      0x0002cde0        0x4 d:/siliconlabs/simplicitystudio/v4_2/developer/toolchains/gnu_arm/4.9_2015q3/bin/../lib/gcc/arm-none-eabi/4.9.3/armv7e-m/fpu/crtend.o
                0x0002cde4                . = ALIGN (0x4)

.glue_7         0x0002cde4        0x0
 .glue_7        0x00000000        0x0 linker stubs

.glue_7t        0x0002cde4        0x0
 .glue_7t       0x00000000        0x0 linker stubs

.vfp11_veneer   0x0002cde4        0x0
 .vfp11_veneer  0x00000000        0x0 linker stubs

.v4_bx          0x0002cde4        0x0
 .v4_bx         0x00000000        0x0 linker stubs

.iplt           0x0002cde4        0x0
 .iplt          0x00000000        0x0 d:/siliconlabs/simplicitystudio/v4_2/developer/toolchains/gnu_arm/4.9_2015q3/bin/../lib/gcc/arm-none-eabi/4.9.3/armv7e-m/fpu/crtbegin.o

.igot.plt       0x0002cde4        0x0
 .igot.plt      0x00000000        0x0 d:/siliconlabs/simplicitystudio/v4_2/developer/toolchains/gnu_arm/4.9_2015q3/bin/../lib/gcc/arm-none-eabi/4.9.3/armv7e-m/fpu/crtbegin.o

.text_app_ARM.extab
 *(.ARM.extab* .gnu.linkonce.armextab.*)
                0x0002cde4                __exidx_start = .

.text_app_ARM.exidx
                0x0002cde4        0x8
 *(.ARM.exidx* .gnu.linkonce.armexidx.*)
 .ARM.exidx     0x0002cde4        0x8 d:/siliconlabs/simplicitystudio/v4_2/developer/toolchains/gnu_arm/4.9_2015q3/bin/../lib/gcc/arm-none-eabi/4.9.3/../../../../arm-none-eabi/lib/armv7e-m/fpu/crt0.o
 .ARM.exidx     0x0002cdec        0x0 d:/siliconlabs/simplicitystudio/v4_2/developer/toolchains/gnu_arm/4.9_2015q3/bin/../lib/gcc/arm-none-eabi/4.9.3/armv7e-m/fpu\libgcc.a(_divdi3.o)
                                  0x8 (size before relaxing)
 .ARM.exidx     0x0002cdec        0x0 d:/siliconlabs/simplicitystudio/v4_2/developer/toolchains/gnu_arm/4.9_2015q3/bin/../lib/gcc/arm-none-eabi/4.9.3/armv7e-m/fpu\libgcc.a(_udivdi3.o)
                                  0x8 (size before relaxing)
                0x0002cdec                __exidx_end = .
                0x0002cdec                __etext = .

.rel.dyn        0x0002cdec        0x0
 .rel.iplt      0x00000000        0x0 d:/siliconlabs/simplicitystudio/v4_2/developer/toolchains/gnu_arm/4.9_2015q3/bin/../lib/gcc/arm-none-eabi/4.9.3/armv7e-m/fpu/crtbegin.o

.text_app_data  0x20003000      0x934 load address 0x0002cdec
                0x20003000                __data_start__ = .
 *(vtable)
 *(.data*)
 .data.advConnectableMode
                0x20003000        0x1 ./advertisement.o
 .data.button0Released.8749
                0x20003001        0x1 ./app_ui.o
 *fill*         0x20003002        0x2 
 .data.appUiLedSeqHighAlertReq
                0x20003004        0x8 ./app_ui.o
 .data.appUiLedSeqLowAlertReq
                0x2000300c        0x8 ./app_ui.o
 .data.appUiLedSeqHighAlert
                0x20003014        0x8 ./app_ui.o
 .data.appUiLedSeqLowAlert
                0x2000301c       0x20 ./app_ui.o
 .data.button1Released.8750
                0x2000303c        0x1 ./app_ui.o
 *fill*         0x2000303d        0x3 
 .data.appUiLedSeqOffReq
                0x20003040        0x8 ./app_ui.o
 .data.activeReq.8745
                0x20003048        0x4 ./app_ui.o
 .data.bcnBeaconAdvData
                0x2000304c       0x1e ./beacon.o
 *fill*         0x2000306a        0x2 
 .data.bg_gattdb_data_attribute_field_22_data
                0x2000306c        0x2 ./gatt_db.o
                0x2000306c                bg_gattdb_data_attribute_field_22_data
 *fill*         0x2000306e        0x2 
 .data.bg_gattdb_data_attribute_field_6_data
                0x20003070        0x7 ./gatt_db.o
                0x20003070                bg_gattdb_data_attribute_field_6_data
 *fill*         0x20003077        0x1 
 .data.bg_gattdb_data_attribute_field_17_data
                0x20003078        0x1 ./gatt_db.o
                0x20003078                bg_gattdb_data_attribute_field_17_data
 *fill*         0x20003079        0x3 
 .data.htmDateTime
                0x2000307c        0x8 ./htm.o
 .data.htmTempMeas
                0x20003084       0x10 ./htm.o
 .data.htmClientConnection
                0x20003094        0x1 ./htm.o
 *fill*         0x20003095        0x3 
 .data.auxHfrcoFreq
                0x20003098        0x4 ./emlib/em_cmu.o
 .data.loops_per_jiffy
                0x2000309c        0x4 ./kit/BRD4300ArevA03/udelay.o
                0x2000309c                loops_per_jiffy
 .data.pDisplayDeviceDriverInitFunctions
                0x200030a0        0x8 ./kit_lcd/BRD4300ArevA03/display.o
 .data.pixelMatrixPool
                0x200030a8        0x4 ./kit_lcd/BRD4300ArevA03/displayls013b7dh03.o
 *fill*         0x200030ac        0x4 
 .data.impure_data
                0x200030b0      0x428 d:/siliconlabs/simplicitystudio/v4_2/developer/toolchains/gnu_arm/4.9_2015q3/bin/../lib/gcc/arm-none-eabi/4.9.3/../../../../arm-none-eabi/lib/armv7e-m/fpu\libc.a(lib_a-impure.o)
 .data._impure_ptr
                0x200034d8        0x4 d:/siliconlabs/simplicitystudio/v4_2/developer/toolchains/gnu_arm/4.9_2015q3/bin/../lib/gcc/arm-none-eabi/4.9.3/../../../../arm-none-eabi/lib/armv7e-m/fpu\libc.a(lib_a-impure.o)
                0x200034d8                _impure_ptr
 .data.lconv    0x200034dc       0x38 d:/siliconlabs/simplicitystudio/v4_2/developer/toolchains/gnu_arm/4.9_2015q3/bin/../lib/gcc/arm-none-eabi/4.9.3/../../../../arm-none-eabi/lib/armv7e-m/fpu\libc.a(lib_a-locale.o)
 .data.__malloc_av_
                0x20003514      0x408 d:/siliconlabs/simplicitystudio/v4_2/developer/toolchains/gnu_arm/4.9_2015q3/bin/../lib/gcc/arm-none-eabi/4.9.3/../../../../arm-none-eabi/lib/armv7e-m/fpu\libc.a(lib_a-mallocr.o)
                0x20003514                __malloc_av_
 .data.__malloc_trim_threshold
                0x2000391c        0x4 d:/siliconlabs/simplicitystudio/v4_2/developer/toolchains/gnu_arm/4.9_2015q3/bin/../lib/gcc/arm-none-eabi/4.9.3/../../../../arm-none-eabi/lib/armv7e-m/fpu\libc.a(lib_a-mallocr.o)
                0x2000391c                __malloc_trim_threshold
 .data.__malloc_sbrk_base
                0x20003920        0x4 d:/siliconlabs/simplicitystudio/v4_2/developer/toolchains/gnu_arm/4.9_2015q3/bin/../lib/gcc/arm-none-eabi/4.9.3/../../../../arm-none-eabi/lib/armv7e-m/fpu\libc.a(lib_a-mallocr.o)
                0x20003920                __malloc_sbrk_base
                0x20003924                . = ALIGN (0x4)
 *(.ram)
                0x20003924                . = ALIGN (0x4)
                0x20003924                PROVIDE (__preinit_array_start, .)
 *(.preinit_array)
                0x20003924                PROVIDE (__preinit_array_end, .)
                0x20003924                . = ALIGN (0x4)
                0x20003924                PROVIDE (__init_array_start, .)
 *(SORT(.init_array.*))
 .init_array.00000
                0x20003924        0x4 d:/siliconlabs/simplicitystudio/v4_2/developer/toolchains/gnu_arm/4.9_2015q3/bin/../lib/gcc/arm-none-eabi/4.9.3/../../../../arm-none-eabi/lib/armv7e-m/fpu\libc.a(lib_a-__call_atexit.o)
 *(.init_array)
 .init_array    0x20003928        0x4 d:/siliconlabs/simplicitystudio/v4_2/developer/toolchains/gnu_arm/4.9_2015q3/bin/../lib/gcc/arm-none-eabi/4.9.3/armv7e-m/fpu/crtbegin.o
                0x2000392c                PROVIDE (__init_array_end, .)
                0x2000392c                . = ALIGN (0x4)
                0x2000392c                PROVIDE (__fini_array_start, .)
 *(SORT(.fini_array.*))
 *(.fini_array)
 .fini_array    0x2000392c        0x4 d:/siliconlabs/simplicitystudio/v4_2/developer/toolchains/gnu_arm/4.9_2015q3/bin/../lib/gcc/arm-none-eabi/4.9.3/armv7e-m/fpu/crtbegin.o
                0x20003930                PROVIDE (__fini_array_end, .)
 *(.jcr*)
 .jcr           0x20003930        0x0 d:/siliconlabs/simplicitystudio/v4_2/developer/toolchains/gnu_arm/4.9_2015q3/bin/../lib/gcc/arm-none-eabi/4.9.3/armv7e-m/fpu/crtbegin.o
 .jcr           0x20003930        0x4 d:/siliconlabs/simplicitystudio/v4_2/developer/toolchains/gnu_arm/4.9_2015q3/bin/../lib/gcc/arm-none-eabi/4.9.3/armv7e-m/fpu/crtend.o
                0x20003934                . = ALIGN (0x4)
                0x20003934                __data_end__ = .

.bss            0x20003934     0x2434 load address 0x0002d720
                0x20003934                . = ALIGN (0x4)
                0x20003934                __bss_start__ = .
 *(.bss*)
 .bss           0x20003934       0x1c d:/siliconlabs/simplicitystudio/v4_2/developer/toolchains/gnu_arm/4.9_2015q3/bin/../lib/gcc/arm-none-eabi/4.9.3/armv7e-m/fpu/crtbegin.o
 .bss.advIsConnected
                0x20003950        0x1 ./advertisement.o
 .bss.boot_to_dfu.8591
                0x20003951        0x1 ./app.o
 .bss.si7013_status
                0x20003952        0x1 ./app_hw.o
 .bss.pos.8744  0x20003953        0x1 ./app_ui.o
 .bss.appUiLedSeqReq
                0x20003954        0x4 ./app_ui.o
 .bss.button0Time.8751
                0x20003958        0x2 ./app_ui.o
 .bss.appUiRcDischargeDone.8737
                0x2000395a        0x1 ./app_ui.o
 *fill*         0x2000395b        0x1 
 .bss.appUiLedSeqOff
                0x2000395c        0x2 ./app_ui.o
 *fill*         0x2000395e        0x2 
 .bss.appUiHeaderString
                0x20003960       0x40 ./app_ui.o
 .bss.appUiBtn  0x200039a0        0x4 ./app_ui.o
 .bss.button1Time.8752
                0x200039a4        0x2 ./app_ui.o
 *fill*         0x200039a6        0x2 
 .bss.bg_gattdb_data_attribute_field_14_data
                0x200039a8        0xd ./gatt_db.o
                0x200039a8                bg_gattdb_data_attribute_field_14_data
 *fill*         0x200039b5        0x3 
 .bss.bg_gattdb_data_attribute_field_2_data
                0x200039b8        0x4 ./gatt_db.o
                0x200039b8                bg_gattdb_data_attribute_field_2_data
 .bss.bg_gattdb_data_attribute_field_28_data
                0x200039bc        0x1 ./gatt_db.o
                0x200039bc                bg_gattdb_data_attribute_field_28_data
 *fill*         0x200039bd        0x3 
 .bss.bg_gattdb_data_attribute_field_19_data
                0x200039c0        0xd ./gatt_db.o
                0x200039c0                bg_gattdb_data_attribute_field_19_data
 *fill*         0x200039cd        0x3 
 .bss.deviceHeader
                0x200039d0        0x4 ./graphics.o
 .bss.glibContext
                0x200039d4       0x2c ./graphics.o
 .bss.graphLineNum
                0x20003a00        0x1 ./graphics.o
 *fill*         0x20003a01        0x3 
 .bss.chTable   0x20003a04       0xa0 ./bgapi/dmadrv.o
 .bss.dmaXfer   0x20003aa4      0x100 ./bgapi/dmadrv.o
 .bss.i2cTransfer
                0x20003ba4       0x10 ./emlib/em_i2c.o
 .bss.pixelMatrixBuffer
                0x20003bb4        0x4 ./glib/BRD4300ArevA03/dmd_display.o
 .bss.displayDevice
                0x20003bb8       0x30 ./glib/BRD4300ArevA03/dmd_display.o
 .bss.dimensions
                0x20003be8        0xc ./glib/BRD4300ArevA03/dmd_display.o
 .bss.moduleInitialized
                0x20003bf4        0x1 ./glib/BRD4300ArevA03/dmd_display.o
 *fill*         0x20003bf5        0x3 
 .bss.devicesRegistered
                0x20003bf8        0x4 ./kit_lcd/BRD4300ArevA03/display.o
 .bss.deviceTable
                0x20003bfc       0x30 ./kit_lcd/BRD4300ArevA03/display.o
 .bss.moduleInitialized
                0x20003c2c        0x1 ./kit_lcd/BRD4300ArevA03/display.o
 *fill*         0x20003c2d        0x3 
 .bss.pixelMatrixPoolBase
                0x20003c30      0x800 ./kit_lcd/BRD4300ArevA03/displayls013b7dh03.o
 .bss           0x20004430        0x4 D:/SiliconLabs/SimplicityStudio/v4_2/developer/sdks/gecko_sdk_suite/v1.1//protocol/bluetooth_2.4/lib/EFR32BG1B/GCC/bgapi.a(bgapi_hardware.c.obj)
 .bss           0x20004434        0x4 D:/SiliconLabs/SimplicityStudio/v4_2/developer/sdks/gecko_sdk_suite/v1.1//protocol/bluetooth_2.4/lib/EFR32BG1B/GCC/bgapi.a(bgapi_test_lib.c.obj)
 .bss           0x20004438        0x2 D:/SiliconLabs/SimplicityStudio/v4_2/developer/sdks/gecko_sdk_suite/v1.1//protocol/bluetooth_2.4/lib/EFR32BG1B/GCC/bgapi.a(bgapi_gap.c.obj)
                0x20004438                legacy_maxadv_events
 *fill*         0x2000443a        0x2 
 .bss           0x2000443c        0x4 D:/SiliconLabs/SimplicityStudio/v4_2/developer/sdks/gecko_sdk_suite/v1.1//protocol/bluetooth_2.4/lib/EFR32BG1B/GCC/bgapi.a(bgapi_ps.c.obj)
 .bss           0x20004440        0x4 D:/SiliconLabs/SimplicityStudio/v4_2/developer/sdks/gecko_sdk_suite/v1.1//protocol/bluetooth_2.4/lib/EFR32BG1B/GCC/bgapi.a(bgapi_sm.c.obj)
 .bss           0x20004444        0x4 D:/SiliconLabs/SimplicityStudio/v4_2/developer/sdks/gecko_sdk_suite/v1.1//protocol/bluetooth_2.4/lib/EFR32BG1B/GCC/bgapi.a(bgapi_system.c.obj)
 .bss.__malloc_max_total_mem
                0x20004448        0x4 d:/siliconlabs/simplicitystudio/v4_2/developer/toolchains/gnu_arm/4.9_2015q3/bin/../lib/gcc/arm-none-eabi/4.9.3/../../../../arm-none-eabi/lib/armv7e-m/fpu\libc.a(lib_a-mallocr.o)
                0x20004448                __malloc_max_total_mem
 .bss.__malloc_max_sbrked_mem
                0x2000444c        0x4 d:/siliconlabs/simplicitystudio/v4_2/developer/toolchains/gnu_arm/4.9_2015q3/bin/../lib/gcc/arm-none-eabi/4.9.3/../../../../arm-none-eabi/lib/armv7e-m/fpu\libc.a(lib_a-mallocr.o)
                0x2000444c                __malloc_max_sbrked_mem
 .bss.__malloc_top_pad
                0x20004450        0x4 d:/siliconlabs/simplicitystudio/v4_2/developer/toolchains/gnu_arm/4.9_2015q3/bin/../lib/gcc/arm-none-eabi/4.9.3/../../../../arm-none-eabi/lib/armv7e-m/fpu\libc.a(lib_a-mallocr.o)
                0x20004450                __malloc_top_pad
 .bss.__malloc_current_mallinfo
                0x20004454       0x28 d:/siliconlabs/simplicitystudio/v4_2/developer/toolchains/gnu_arm/4.9_2015q3/bin/../lib/gcc/arm-none-eabi/4.9.3/../../../../arm-none-eabi/lib/armv7e-m/fpu\libc.a(lib_a-mallocr.o)
                0x20004454                __malloc_current_mallinfo
 .bss.heap_end.4079
                0x2000447c        0x4 d:/siliconlabs/simplicitystudio/v4_2/developer/toolchains/gnu_arm/4.9_2015q3/bin/../lib/gcc/arm-none-eabi/4.9.3/../../../../arm-none-eabi/lib/armv7e-m/fpu\libnosys.a(sbrk.o)
 *(COMMON)
 COMMON         0x20004480     0x18d0 ./main.o
                0x20004480                bluetooth_stack_heap
 COMMON         0x20005d50       0x10 ./glib/BRD4300ArevA03/dmd_display.o
                0x20005d50                dirtyRows
 COMMON         0x20005d60        0x4 D:/SiliconLabs/SimplicityStudio/v4_2/developer/sdks/gecko_sdk_suite/v1.1//protocol/bluetooth_2.4/lib/EFR32BG1B/GCC/bgapi.a(bgapi_test_lib.c.obj)
                0x20005d60                msg_sender
 COMMON         0x20005d64        0x4 d:/siliconlabs/simplicitystudio/v4_2/developer/toolchains/gnu_arm/4.9_2015q3/bin/../lib/gcc/arm-none-eabi/4.9.3/../../../../arm-none-eabi/lib/armv7e-m/fpu\libc.a(lib_a-reent.o)
                0x20005d64                errno
                0x20005d68                . = ALIGN (0x4)
                0x20005d68                __bss_end__ = .

.heap           0x20005d68      0xc00
                0x20005d68                __HeapBase = .
                0x20005d68                __end__ = .
                0x20005d68                end = __end__
                0x20005d68                _end = __end__
 *(.heap*)
 .heap          0x20005d68      0xc00 ./device/EFR32_B_1_1_B/gcc/startup_efr32bg1b.o
                0x20006968                __HeapLimit = .

.stack_dummy    0x20006968      0x400
 *(.stack*)
 .stack         0x20006968      0x400 ./device/EFR32_B_1_1_B/gcc/startup_efr32bg1b.o
                0x20007bfc                __StackTop = (ORIGIN (RAM) + 0x4bfc)
                0x200077fc                __StackLimit = (__StackTop - SIZEOF (.stack_dummy))
                0x20007bfc                PROVIDE (__stack, __StackTop)
                0x00000001                ASSERT ((__StackLimit >= __HeapLimit), region RAM overflowed with stack)
OUTPUT(soc-smartPhone.axf elf32-littlearm)

.ARM.attributes
                0x00000000       0x30
 .ARM.attributes
                0x00000000       0x22 d:/siliconlabs/simplicitystudio/v4_2/developer/toolchains/gnu_arm/4.9_2015q3/bin/../lib/gcc/arm-none-eabi/4.9.3/armv7e-m/fpu/crti.o
 .ARM.attributes
                0x00000022       0x34 d:/siliconlabs/simplicitystudio/v4_2/developer/toolchains/gnu_arm/4.9_2015q3/bin/../lib/gcc/arm-none-eabi/4.9.3/armv7e-m/fpu/crtbegin.o
 .ARM.attributes
                0x00000056       0x20 d:/siliconlabs/simplicitystudio/v4_2/developer/toolchains/gnu_arm/4.9_2015q3/bin/../lib/gcc/arm-none-eabi/4.9.3/../../../../arm-none-eabi/lib/armv7e-m/fpu/crt0.o
 .ARM.attributes
                0x00000076       0x39 ./advertisement.o
 .ARM.attributes
                0x000000af       0x39 ./app.o
 .ARM.attributes
                0x000000e8       0x39 ./app_hw.o
 .ARM.attributes
                0x00000121       0x39 ./app_ui.o
 .ARM.attributes
                0x0000015a       0x39 ./application_properties.o
 .ARM.attributes
                0x00000193       0x39 ./beacon.o
 .ARM.attributes
                0x000001cc       0x39 ./gatt_db.o
 .ARM.attributes
                0x00000205       0x39 ./graphics.o
 .ARM.attributes
                0x0000023e       0x39 ./htm.o
 .ARM.attributes
                0x00000277       0x39 ./ia.o
 .ARM.attributes
                0x000002b0       0x39 ./main.o
 .ARM.attributes
                0x000002e9       0x39 ./bgapi/dmadrv.o
 .ARM.attributes
                0x00000322       0x39 ./device/EFR32_B_1_1_B/gcc/startup_efr32bg1b.o
 .ARM.attributes
                0x0000035b       0x39 ./emlib/em_cmu.o
 .ARM.attributes
                0x00000394       0x39 ./emlib/em_gpio.o
 .ARM.attributes
                0x000003cd       0x39 ./emlib/em_i2c.o
 .ARM.attributes
                0x00000406       0x39 ./emlib/em_rtcc.o
 .ARM.attributes
                0x0000043f       0x39 ./emlib/em_system.o
 .ARM.attributes
                0x00000478       0x39 ./emlib/em_usart.o
 .ARM.attributes
                0x000004b1       0x39 ./glib/BRD4300ArevA03/dmd_display.o
 .ARM.attributes
                0x000004ea       0x39 ./glib/BRD4300ArevA03/glib.o
 .ARM.attributes
                0x00000523       0x39 ./glib/BRD4300ArevA03/glib_font_narrow_6x8.o
 .ARM.attributes
                0x0000055c       0x39 ./glib/BRD4300ArevA03/glib_font_normal_8x8.o
 .ARM.attributes
                0x00000595       0x39 ./glib/BRD4300ArevA03/glib_rectangle.o
 .ARM.attributes
                0x000005ce       0x39 ./glib/BRD4300ArevA03/glib_string.o
 .ARM.attributes
                0x00000607       0x39 ./kit/BRD4300ArevA03/i2cspm.o
 .ARM.attributes
                0x00000640       0x39 ./kit/BRD4300ArevA03/si7013.o
 .ARM.attributes
                0x00000679       0x39 ./kit/BRD4300ArevA03/udelay.o
 .ARM.attributes
                0x000006b2       0x39 ./kit_lcd/BRD4300ArevA03/display.o
 .ARM.attributes
                0x000006eb       0x39 ./kit_lcd/BRD4300ArevA03/displayls013b7dh03.o
 .ARM.attributes
                0x00000724       0x39 ./kit_lcd/BRD4300ArevA03/displaypalemlib.o
 .ARM.attributes
                0x0000075d       0x39 ./src/InitDevice.o
 .ARM.attributes
                0x00000796       0x39 D:/SiliconLabs/SimplicityStudio/v4_2/developer/sdks/gecko_sdk_suite/v1.1//protocol/bluetooth_2.4/lib/EFR32BG1B/GCC/bgapi.a(gecko_bgapi_hardware.c.obj)
 .ARM.attributes
                0x000007cf       0x39 D:/SiliconLabs/SimplicityStudio/v4_2/developer/sdks/gecko_sdk_suite/v1.1//protocol/bluetooth_2.4/lib/EFR32BG1B/GCC/bgapi.a(gecko_bgapi_test.c.obj)
 .ARM.attributes
                0x00000808       0x39 D:/SiliconLabs/SimplicityStudio/v4_2/developer/sdks/gecko_sdk_suite/v1.1//protocol/bluetooth_2.4/lib/EFR32BG1B/GCC/bgapi.a(gecko_bgapi_dfu.c.obj)
 .ARM.attributes
                0x00000841       0x39 D:/SiliconLabs/SimplicityStudio/v4_2/developer/sdks/gecko_sdk_suite/v1.1//protocol/bluetooth_2.4/lib/EFR32BG1B/GCC/bgapi.a(gecko_bgapi_gap.c.obj)
 .ARM.attributes
                0x0000087a       0x39 D:/SiliconLabs/SimplicityStudio/v4_2/developer/sdks/gecko_sdk_suite/v1.1//protocol/bluetooth_2.4/lib/EFR32BG1B/GCC/bgapi.a(gecko_bgapi_gatt.c.obj)
 .ARM.attributes
                0x000008b3       0x39 D:/SiliconLabs/SimplicityStudio/v4_2/developer/sdks/gecko_sdk_suite/v1.1//protocol/bluetooth_2.4/lib/EFR32BG1B/GCC/bgapi.a(gecko_bgapi_gatt_server.c.obj)
 .ARM.attributes
                0x000008ec       0x39 D:/SiliconLabs/SimplicityStudio/v4_2/developer/sdks/gecko_sdk_suite/v1.1//protocol/bluetooth_2.4/lib/EFR32BG1B/GCC/bgapi.a(gecko_bgapi_flash.c.obj)
 .ARM.attributes
                0x00000925       0x39 D:/SiliconLabs/SimplicityStudio/v4_2/developer/sdks/gecko_sdk_suite/v1.1//protocol/bluetooth_2.4/lib/EFR32BG1B/GCC/bgapi.a(gecko_bgapi_sm.c.obj)
 .ARM.attributes
                0x0000095e       0x39 D:/SiliconLabs/SimplicityStudio/v4_2/developer/sdks/gecko_sdk_suite/v1.1//protocol/bluetooth_2.4/lib/EFR32BG1B/GCC/bgapi.a(gecko_bgapi_system.c.obj)
 .ARM.attributes
                0x00000997       0x39 D:/SiliconLabs/SimplicityStudio/v4_2/developer/sdks/gecko_sdk_suite/v1.1//protocol/bluetooth_2.4/lib/EFR32BG1B/GCC/bgapi.a(gecko_bgapi_endpoint.c.obj)
 .ARM.attributes
                0x000009d0       0x39 D:/SiliconLabs/SimplicityStudio/v4_2/developer/sdks/gecko_sdk_suite/v1.1//protocol/bluetooth_2.4/lib/EFR32BG1B/GCC/bgapi.a(gecko_bgapi_le_connection.c.obj)
 .ARM.attributes
                0x00000a09       0x39 D:/SiliconLabs/SimplicityStudio/v4_2/developer/sdks/gecko_sdk_suite/v1.1//protocol/bluetooth_2.4/lib/EFR32BG1B/GCC/bgapi.a(bgapi_hardware.c.obj)
 .ARM.attributes
                0x00000a42       0x39 D:/SiliconLabs/SimplicityStudio/v4_2/developer/sdks/gecko_sdk_suite/v1.1//protocol/bluetooth_2.4/lib/EFR32BG1B/GCC/bgapi.a(bgapi_test_lib.c.obj)
 .ARM.attributes
                0x00000a7b       0x39 D:/SiliconLabs/SimplicityStudio/v4_2/developer/sdks/gecko_sdk_suite/v1.1//protocol/bluetooth_2.4/lib/EFR32BG1B/GCC/bgapi.a(bgapi_dfu.c.obj)
 .ARM.attributes
                0x00000ab4       0x39 D:/SiliconLabs/SimplicityStudio/v4_2/developer/sdks/gecko_sdk_suite/v1.1//protocol/bluetooth_2.4/lib/EFR32BG1B/GCC/bgapi.a(bgapi_gap.c.obj)
 .ARM.attributes
                0x00000aed       0x39 D:/SiliconLabs/SimplicityStudio/v4_2/developer/sdks/gecko_sdk_suite/v1.1//protocol/bluetooth_2.4/lib/EFR32BG1B/GCC/bgapi.a(bgapi_gatt_lib.c.obj)
 .ARM.attributes
                0x00000b26       0x39 D:/SiliconLabs/SimplicityStudio/v4_2/developer/sdks/gecko_sdk_suite/v1.1//protocol/bluetooth_2.4/lib/EFR32BG1B/GCC/bgapi.a(bgapi_ps.c.obj)
 .ARM.attributes
                0x00000b5f       0x39 D:/SiliconLabs/SimplicityStudio/v4_2/developer/sdks/gecko_sdk_suite/v1.1//protocol/bluetooth_2.4/lib/EFR32BG1B/GCC/bgapi.a(bgapi_sm.c.obj)
 .ARM.attributes
                0x00000b98       0x39 D:/SiliconLabs/SimplicityStudio/v4_2/developer/sdks/gecko_sdk_suite/v1.1//protocol/bluetooth_2.4/lib/EFR32BG1B/GCC/bgapi.a(bgapi_system.c.obj)
 .ARM.attributes
                0x00000bd1       0x39 D:/SiliconLabs/SimplicityStudio/v4_2/developer/sdks/gecko_sdk_suite/v1.1//protocol/bluetooth_2.4/lib/EFR32BG1B/GCC/bgapi.a(bgapi_endpoint.c.obj)
 .ARM.attributes
                0x00000c0a       0x39 D:/SiliconLabs/SimplicityStudio/v4_2/developer/sdks/gecko_sdk_suite/v1.1//protocol/bluetooth_2.4/lib/EFR32BG1B/GCC/bgapi.a(bgapi_le_connection.c.obj)
 .ARM.attributes
                0x00000c43       0x39 D:/SiliconLabs/SimplicityStudio/v4_2/developer/sdks/gecko_sdk_suite/v1.1//protocol/bluetooth_2.4/lib/EFR32BG1B/GCC/bgapi.a(gatt_client.c.obj)
 .ARM.attributes
                0x00000c7c       0x39 D:/SiliconLabs/SimplicityStudio/v4_2/developer/sdks/gecko_sdk_suite/v1.1//protocol/bluetooth_2.4/lib/EFR32BG1B/GCC/bgapi.a(ubt_gatt_client.c.obj)
 .ARM.attributes
                0x00000cb5       0x39 D:/SiliconLabs/SimplicityStudio/v4_2/developer/sdks/gecko_sdk_suite/v1.1//protocol/bluetooth_2.4/lib/EFR32BG1B/GCC/bgapi.a(att_client.c.obj)
 .ARM.attributes
                0x00000cee       0x1c D:/SiliconLabs/SimplicityStudio/v4_2/developer/sdks/gecko_sdk_suite/v1.1//protocol/bluetooth_2.4/lib/EFR32BG1B/EABI/binbootloader.o
 .ARM.attributes
                0x00000d0a       0x1c D:/SiliconLabs/SimplicityStudio/v4_2/developer/sdks/gecko_sdk_suite/v1.1//protocol/bluetooth_2.4/lib/EFR32BG1B/EABI/binstack.o
 .ARM.attributes
                0x00000d26       0x22 d:/siliconlabs/simplicitystudio/v4_2/developer/toolchains/gnu_arm/4.9_2015q3/bin/../lib/gcc/arm-none-eabi/4.9.3/armv7e-m/fpu\libgcc.a(_arm_addsubdf3.o)
 .ARM.attributes
                0x00000d48       0x22 d:/siliconlabs/simplicitystudio/v4_2/developer/toolchains/gnu_arm/4.9_2015q3/bin/../lib/gcc/arm-none-eabi/4.9.3/armv7e-m/fpu\libgcc.a(_arm_muldivdf3.o)
 .ARM.attributes
                0x00000d6a       0x22 d:/siliconlabs/simplicitystudio/v4_2/developer/toolchains/gnu_arm/4.9_2015q3/bin/../lib/gcc/arm-none-eabi/4.9.3/armv7e-m/fpu\libgcc.a(_arm_truncdfsf2.o)
 .ARM.attributes
                0x00000d8c       0x22 d:/siliconlabs/simplicitystudio/v4_2/developer/toolchains/gnu_arm/4.9_2015q3/bin/../lib/gcc/arm-none-eabi/4.9.3/armv7e-m/fpu\libgcc.a(_aeabi_uldivmod.o)
 .ARM.attributes
                0x00000dae       0x34 d:/siliconlabs/simplicitystudio/v4_2/developer/toolchains/gnu_arm/4.9_2015q3/bin/../lib/gcc/arm-none-eabi/4.9.3/armv7e-m/fpu\libgcc.a(bpabi.o)
 .ARM.attributes