Archive member included because of file (symbol)

D:/SiliconLabs/SimplicityStudio/v4_2/developer/sdks/gecko_sdk_suite/v1.1//protocol/bluetooth_2.4/lib/EFR32BG1B/GCC/bgapi.a(gecko_bgapi_hardware.c.obj)
                              ./main.o (gecko_bgapi_class_hardware_init)
D:/SiliconLabs/SimplicityStudio/v4_2/developer/sdks/gecko_sdk_suite/v1.1//protocol/bluetooth_2.4/lib/EFR32BG1B/GCC/bgapi.a(gecko_bgapi_test.c.obj)
                              ./main.o (gecko_bgapi_class_test_init)
D:/SiliconLabs/SimplicityStudio/v4_2/developer/sdks/gecko_sdk_suite/v1.1//protocol/bluetooth_2.4/lib/EFR32BG1B/GCC/bgapi.a(gecko_bgapi_dfu.c.obj)
                              ./main.o (gecko_bgapi_class_dfu_init)
D:/SiliconLabs/SimplicityStudio/v4_2/developer/sdks/gecko_sdk_suite/v1.1//protocol/bluetooth_2.4/lib/EFR32BG1B/GCC/bgapi.a(gecko_bgapi_gap.c.obj)
                              ./main.o (gecko_bgapi_class_le_gap_init)
D:/SiliconLabs/SimplicityStudio/v4_2/developer/sdks/gecko_sdk_suite/v1.1//protocol/bluetooth_2.4/lib/EFR32BG1B/GCC/bgapi.a(gecko_bgapi_gatt.c.obj)
                              ./main.o (gecko_bgapi_class_gatt_init)
D:/SiliconLabs/SimplicityStudio/v4_2/developer/sdks/gecko_sdk_suite/v1.1//protocol/bluetooth_2.4/lib/EFR32BG1B/GCC/bgapi.a(gecko_bgapi_gatt_server.c.obj)
                              ./main.o (gecko_bgapi_class_gatt_server_init)
D:/SiliconLabs/SimplicityStudio/v4_2/developer/sdks/gecko_sdk_suite/v1.1//protocol/bluetooth_2.4/lib/EFR32BG1B/GCC/bgapi.a(gecko_bgapi_flash.c.obj)
                              ./main.o (gecko_bgapi_class_flash_init)
D:/SiliconLabs/SimplicityStudio/v4_2/developer/sdks/gecko_sdk_suite/v1.1//protocol/bluetooth_2.4/lib/EFR32BG1B/GCC/bgapi.a(gecko_bgapi_sm.c.obj)
                              ./main.o (gecko_bgapi_class_sm_init)
D:/SiliconLabs/SimplicityStudio/v4_2/developer/sdks/gecko_sdk_suite/v1.1//protocol/bluetooth_2.4/lib/EFR32BG1B/GCC/bgapi.a(gecko_bgapi_system.c.obj)
                              ./main.o (gecko_bgapi_class_system_init)
D:/SiliconLabs/SimplicityStudio/v4_2/developer/sdks/gecko_sdk_suite/v1.1//protocol/bluetooth_2.4/lib/EFR32BG1B/GCC/bgapi.a(gecko_bgapi_endpoint.c.obj)
                              ./main.o (gecko_bgapi_class_endpoint_init)
D:/SiliconLabs/SimplicityStudio/v4_2/developer/sdks/gecko_sdk_suite/v1.1//protocol/bluetooth_2.4/lib/EFR32BG1B/GCC/bgapi.a(gecko_bgapi_le_connection.c.obj)
                              ./main.o (gecko_bgapi_class_le_connection_init)
D:/SiliconLabs/SimplicityStudio/v4_2/developer/sdks/gecko_sdk_suite/v1.1//protocol/bluetooth_2.4/lib/EFR32BG1B/GCC/bgapi.a(bgapi_hardware.c.obj)
                              D:/SiliconLabs/SimplicityStudio/v4_2/developer/sdks/gecko_sdk_suite/v1.1//protocol/bluetooth_2.4/lib/EFR32BG1B/GCC/bgapi.a(gecko_bgapi_hardware.c.obj) (lib_hardware_handler_init)
D:/SiliconLabs/SimplicityStudio/v4_2/developer/sdks/gecko_sdk_suite/v1.1//protocol/bluetooth_2.4/lib/EFR32BG1B/GCC/bgapi.a(bgapi_test_lib.c.obj)
                              D:/SiliconLabs/SimplicityStudio/v4_2/developer/sdks/gecko_sdk_suite/v1.1//protocol/bluetooth_2.4/lib/EFR32BG1B/GCC/bgapi.a(gecko_bgapi_test.c.obj) (lib_test_handler_init)
D:/SiliconLabs/SimplicityStudio/v4_2/developer/sdks/gecko_sdk_suite/v1.1//protocol/bluetooth_2.4/lib/EFR32BG1B/GCC/bgapi.a(bgapi_dfu.c.obj)
                              D:/SiliconLabs/SimplicityStudio/v4_2/developer/sdks/gecko_sdk_suite/v1.1//protocol/bluetooth_2.4/lib/EFR32BG1B/GCC/bgapi.a(gecko_bgapi_dfu.c.obj) (lib_dfu_handler_init)
D:/SiliconLabs/SimplicityStudio/v4_2/developer/sdks/gecko_sdk_suite/v1.1//protocol/bluetooth_2.4/lib/EFR32BG1B/GCC/bgapi.a(bgapi_gap.c.obj)
                              D:/SiliconLabs/SimplicityStudio/v4_2/developer/sdks/gecko_sdk_suite/v1.1//protocol/bluetooth_2.4/lib/EFR32BG1B/GCC/bgapi.a(gecko_bgapi_gap.c.obj) (lib_le_gap_handler_init)
D:/SiliconLabs/SimplicityStudio/v4_2/developer/sdks/gecko_sdk_suite/v1.1//protocol/bluetooth_2.4/lib/EFR32BG1B/GCC/bgapi.a(bgapi_gatt_lib.c.obj)
                              D:/SiliconLabs/SimplicityStudio/v4_2/developer/sdks/gecko_sdk_suite/v1.1//protocol/bluetooth_2.4/lib/EFR32BG1B/GCC/bgapi.a(gecko_bgapi_gatt.c.obj) (lib_gatt_handler_init)
D:/SiliconLabs/SimplicityStudio/v4_2/developer/sdks/gecko_sdk_suite/v1.1//protocol/bluetooth_2.4/lib/EFR32BG1B/GCC/bgapi.a(bgapi_ps.c.obj)
                              D:/SiliconLabs/SimplicityStudio/v4_2/developer/sdks/gecko_sdk_suite/v1.1//protocol/bluetooth_2.4/lib/EFR32BG1B/GCC/bgapi.a(gecko_bgapi_flash.c.obj) (lib_flash_handler_init)
D:/SiliconLabs/SimplicityStudio/v4_2/developer/sdks/gecko_sdk_suite/v1.1//protocol/bluetooth_2.4/lib/EFR32BG1B/GCC/bgapi.a(bgapi_sm.c.obj)
                              D:/SiliconLabs/SimplicityStudio/v4_2/developer/sdks/gecko_sdk_suite/v1.1//protocol/bluetooth_2.4/lib/EFR32BG1B/GCC/bgapi.a(gecko_bgapi_sm.c.obj) (lib_sm_handler_init)
[...]
Memory Configuration

Name             Origin             Length             Attributes
FLASH_BOOTLOADER 0x00000000         0x00004000         xr
FLASH            0x00004000         0x0003b000         xr
RAM              0x20003000         0x00004bfc         xrw
*default*        0x00000000         0xffffffff

Linker script and memory map

LOAD d:/siliconlabs/simplicitystudio/v4_2/developer/toolchains/gnu_arm/4.9_2015q3/bin/../lib/gcc/arm-none-eabi/4.9.3/armv7e-m/fpu/crti.o
LOAD d:/siliconlabs/simplicitystudio/v4_2/developer/toolchains/gnu_arm/4.9_2015q3/bin/../lib/gcc/arm-none-eabi/4.9.3/armv7e-m/fpu/crtbegin.o
LOAD d:/siliconlabs/simplicitystudio/v4_2/developer/toolchains/gnu_arm/4.9_2015q3/bin/../lib/gcc/arm-none-eabi/4.9.3/../../../../arm-none-eabi/lib/armv7e-m/fpu/crt0.o
LOAD ./application_properties.o
LOAD ./gatt_db.o
LOAD ./gpiointerrupt.o
LOAD ./main.o
LOAD ./uart_echo.o
LOAD ./device/EFR32_B_1_1_B/gcc/startup_efr32bg1b.o
LOAD ./emlib/em_cmu.o
LOAD ./emlib/em_cryotimer.o
LOAD ./emlib/em_gpio.o
LOAD ./emlib/em_i2c.o
LOAD ./emlib/em_msc.o
LOAD ./emlib/em_rtcc.o
LOAD ./emlib/em_system.o
LOAD ./emlib/em_timer.o
LOAD ./emlib/em_usart.o
LOAD ./src/InitDevice.o
LOAD D:/SiliconLabs/SimplicityStudio/v4_2/developer/sdks/gecko_sdk_suite/v1.1//protocol/bluetooth_2.4/lib/EFR32BG1B/EABI/binbootloader.o
LOAD D:/SiliconLabs/SimplicityStudio/v4_2/developer/sdks/gecko_sdk_suite/v1.1//protocol/bluetooth_2.4/lib/EFR32BG1B/GCC/bgapi.a
LOAD D:/SiliconLabs/SimplicityStudio/v4_2/developer/sdks/gecko_sdk_suite/v1.1//protocol/bluetooth_2.4/lib/EFR32BG1B/EABI/stack.a
LOAD D:/SiliconLabs/SimplicityStudio/v4_2/developer/sdks/gecko_sdk_suite/v1.1//protocol/bluetooth_2.4/lib/EFR32BG1B/EABI/binstack.o
START GROUP
LOAD d:/siliconlabs/simplicitystudio/v4_2/developer/toolchains/gnu_arm/4.9_2015q3/bin/../lib/gcc/arm-none-eabi/4.9.3/armv7e-m/fpu\libgcc.a
LOAD d:/siliconlabs/simplicitystudio/v4_2/developer/toolchains/gnu_arm/4.9_2015q3/bin/../lib/gcc/arm-none-eabi/4.9.3/../../../../arm-none-eabi/lib/armv7e-m/fpu\libc.a
LOAD d:/siliconlabs/simplicitystudio/v4_2/developer/toolchains/gnu_arm/4.9_2015q3/bin/../lib/gcc/arm-none-eabi/4.9.3/../../../../arm-none-eabi/lib/armv7e-m/fpu\libnosys.a
END GROUP
START GROUP
LOAD d:/siliconlabs/simplicitystudio/v4_2/developer/toolchains/gnu_arm/4.9_2015q3/bin/../lib/gcc/arm-none-eabi/4.9.3/armv7e-m/fpu\libgcc.a
LOAD d:/siliconlabs/simplicitystudio/v4_2/developer/toolchains/gnu_arm/4.9_2015q3/bin/../lib/gcc/arm-none-eabi/4.9.3/../../../../arm-none-eabi/lib/armv7e-m/fpu\libg.a
LOAD d:/siliconlabs/simplicitystudio/v4_2/developer/toolchains/gnu_arm/4.9_2015q3/bin/../lib/gcc/arm-none-eabi/4.9.3/../../../../arm-none-eabi/lib/armv7e-m/fpu\libc.a
END GROUP
LOAD d:/siliconlabs/simplicitystudio/v4_2/developer/toolchains/gnu_arm/4.9_2015q3/bin/../lib/gcc/arm-none-eabi/4.9.3/armv7e-m/fpu/crtend.o
LOAD d:/siliconlabs/simplicitystudio/v4_2/developer/toolchains/gnu_arm/4.9_2015q3/bin/../lib/gcc/arm-none-eabi/4.9.3/armv7e-m/fpu/crtn.o

.text_bootloader
                0x00000000     0x4000
 *(.binbootloader*)
 .binbootloader
                0x00000000      0x31c D:/SiliconLabs/SimplicityStudio/v4_2/developer/sdks/gecko_sdk_suite/v1.1//protocol/bluetooth_2.4/lib/EFR32BG1B/EABI/binbootloader.o
                0x00004000                . = ALIGN (0x4000)
 *fill*         0x0000031c     0x3ce4 

.text_stack_bin
                0x00004000    0x1cee3
 *(.binstack*)
 .binstack      0x00004000    0x1cee3 D:/SiliconLabs/SimplicityStudio/v4_2/developer/sdks/gecko_sdk_suite/v1.1//protocol/bluetooth_2.4/lib/EFR32BG1B/EABI/binstack.o

.text_signature
                0x00020ee3      0x11d
                0x00020f23                . = (. + 0x40)
 *fill*         0x00020ee3       0x40 
                0x00021000                . = ALIGN (0x800)
 *fill*         0x00020f23       0xdd 
                0x00021000                __text_start__ = .

.text_app       0x00021000     0xbcf4
 *(.AAT)
 .AAT           0x00021000       0x80 ./main.o
                0x00021000                AppAddressTable
 *(.vectors)
 .vectors       0x00021080       0xc8 ./device/EFR32_B_1_1_B/gcc/startup_efr32bg1b.o
                0x00021080                __Vectors
                0x00021148                __Vectors_End = .
                0x000000c8                __Vectors_Size = (__Vectors_End - __Vectors)
                0x00021148                __end__ = .
 *(.gecko_configuration)
 *(.xo_configuration)
 *(.gatt_header)
 .gatt_header   0x00021148       0x34 ./gatt_db.o
                0x00021148                bg_gattdb_data
 *(.gatt_data)
 .gatt_data     0x0002117c      0x271 ./gatt_db.o
                0x0002117c                bg_gattdb_data_uuidtable_16_map
                0x00021198                bg_gattdb_data_uuidtable_128_map
                0x000211d8                bg_gattdb_data_attribute_field_23
                0x000211e4                bg_gattdb_data_attribute_field_21
                0x000211ec                bg_gattdb_data_attribute_field_20
                0x00021204                bg_gattdb_data_attribute_field_19
                0x00021218                bg_gattdb_data_attribute_field_18
                0x00021220                bg_gattdb_data_attribute_field_17
                0x00021238                bg_gattdb_data_attribute_field_16
                0x0002124c                bg_gattdb_data_attribute_field_15
                0x00021254                bg_gattdb_data_attribute_field_14
                0x0002125c                bg_gattdb_data_attribute_field_13
                0x00021264                bg_gattdb_data_attribute_field_12
                0x0002126c                bg_gattdb_data_attribute_field_11
                0x0002127c                bg_gattdb_data_attribute_field_10
                0x00021284                bg_gattdb_data_attribute_field_9
                0x00021288                bg_gattdb_data_attribute_field_8
                0x0002128c                bg_gattdb_data_attribute_field_7
                0x00021294                bg_gattdb_data_attribute_field_6
                0x000212a0                bg_gattdb_data_attribute_field_5
                0x000212a8                bg_gattdb_data_attribute_field_4
                0x000212ac                bg_gattdb_data_attribute_field_2
                0x000212b4                bg_gattdb_data_attribute_field_1
                0x000212bc                bg_gattdb_data_attribute_field_0
                0x000212c0                bg_gattdb_data_attributes_map
                0x000213e0                bg_gattdb_data_attributes_dynamic_mapping_map
                0x000213e8                bg_gattdb_data_adv_uuid16_map
                0x000213ec                bg_gattdb_data_adv_uuid128_map
 *(.application_properties)
 *fill*         0x000213ed        0x3 
 .application_properties
                0x000213f0       0x38 ./application_properties.o
                0x000213f0                applicationProperties
 *(.text*)
 .text          0x00021428       0x5c d:/siliconlabs/simplicitystudio/v4_2/developer/toolchains/gnu_arm/4.9_2015q3/bin/../lib/gcc/arm-none-eabi/4.9.3/armv7e-m/fpu/crtbegin.o
 .text          0x00021484       0x74 d:/siliconlabs/simplicitystudio/v4_2/developer/toolchains/gnu_arm/4.9_2015q3/bin/../lib/gcc/arm-none-eabi/4.9.3/../../../../arm-none-eabi/lib/armv7e-m/fpu/crt0.o
                0x00021484                _start
                0x00021484                _mainCRTStartup
 .text.GPIO_IntClear
                0x000214f8       0x20 ./gpiointerrupt.o
 .text.GPIO_IntGetEnabled
                0x00021518       0x28 ./gpiointerrupt.o
 .text.SL_CTZ   0x00021540       0x28 ./gpiointerrupt.o
 .text.GPIOINT_IRQDispatcher
                0x00021568       0x50 ./gpiointerrupt.o
 .text.GPIO_EVEN_IRQHandler
                0x000215b8       0x28 ./gpiointerrupt.o
                0x000215b8                GPIO_EVEN_IRQHandler
 .text.GPIO_ODD_IRQHandler
                0x000215e0       0x28 ./gpiointerrupt.o
                0x000215e0                GPIO_ODD_IRQHandler
 .text.gecko_init
                0x00021608       0x40 ./main.o
 .text.gecko_cmd_system_reset
                0x00021648       0x40 ./main.o
 .text.gecko_cmd_le_gap_set_mode
                0x00021688       0x58 ./main.o
 .text.gecko_cmd_le_gap_set_adv_parameters
                0x000216e0       0x60 ./main.o
 .text.gecko_cmd_le_connection_set_parameters
                0x00021740       0x84 ./main.o
 .text.gecko_cmd_gatt_server_send_user_write_response
                0x000217c4       0x64 ./main.o
 .text.gecko_cmd_gatt_server_send_characteristic_notification
                0x00021828       0x9c ./main.o
 .text.gecko_cmd_endpoint_close
                0x000218c4       0x48 ./main.o
 .text.gecko_cmd_hardware_set_soft_timer
                0x0002190c       0x60 ./main.o
 .text.USART_StatusGet
                0x0002196c       0x18 ./main.o
 .text.USART_RxDataGet
                0x00021984       0x1c ./main.o
 .text.NextBufIdxIncr
                0x000219a0       0x44 ./main.o
                0x000219a0                NextBufIdxIncr
 .text.BufUsed  0x000219e4       0x38 ./main.o
                0x000219e4                BufUsed
 .text.reset_rdBuffer
                0x00021a1c       0x44 ./main.o
                0x00021a1c                reset_rdBuffer
 .text.reset_wrtBuffer
                0x00021a60       0x44 ./main.o
                0x00021a60                reset_wrtBuffer
 .text.Test_Frm
                0x00021aa4       0xc4 ./main.o
                0x00021aa4                Test_Frm
 .text.UART_Send2
                0x00021b68       0x8c ./main.o
                0x00021b68                UART_Send2
 .text.BGM_Send
                0x00021bf4      0x138 ./main.o
                0x00021bf4                BGM_Send
 .text.led_timer
                0x00021d2c       0x3c ./main.o
                0x00021d2c                led_timer
 .text.main     0x00021d68      0x8a0 ./main.o
                0x00021d68                main
 .text.UART_Send
                0x00022608       0x30 ./uart_echo.o
                0x00022608                UART_Send
 .text.Reset_Handler
                0x00022638       0x38 ./device/EFR32_B_1_1_B/gcc/startup_efr32bg1b.o
                0x00022638                Reset_Handler
 .text.Default_Handler
                0x00022670        0x8 ./device/EFR32_B_1_1_B/gcc/startup_efr32bg1b.o
                0x00022670                DebugMon_Handler
                0x00022670                USART0_TX_IRQHandler
                0x00022670                I2C0_IRQHandler
                0x00022670                HardFault_Handler
                0x00022670                SysTick_Handler
                0x00022670                USART1_RX_IRQHandler
                0x00022670                PendSV_Handler
                0x00022670                NMI_Handler
                0x00022670                SYNTH_IRQHandler
                0x00022670                WDOG0_IRQHandler
                0x00022670                USART1_TX_IRQHandler
                0x00022670                MSC_IRQHandler
                0x00022670                ADC0_IRQHandler
                0x00022670                UsageFault_Handler
                0x00022670                LEUART0_IRQHandler
                0x00022670                FPUEH_IRQHandler
                0x00022670                LDMA_IRQHandler
                0x00022670                TIMER0_IRQHandler
                0x00022670                LETIMER0_IRQHandler
                0x00022670                TIMER1_IRQHandler
                0x00022670                RFSENSE_IRQHandler
                0x00022670                BUFC_IRQHandler
                0x00022670                MODEM_IRQHandler
                0x00022670                Default_Handler
                0x00022670                RAC_SEQ_IRQHandler
                0x00022670                FRC_PRI_IRQHandler
                0x00022670                FRC_IRQHandler
                0x00022670                CRYOTIMER_IRQHandler
                0x00022670                PCNT0_IRQHandler
                0x00022670                AGC_IRQHandler
                0x00022670                ACMP0_IRQHandler
                0x00022670                USART0_RX_IRQHandler
                0x00022670                MemManage_Handler
                0x00022670                SVC_Handler
                0x00022670                RTCC_IRQHandler
                0x00022670                CRYPTO_IRQHandler
                0x00022670                CMU_IRQHandler
                0x00022670                RAC_RSM_IRQHandler
                0x00022670                PROTIMER_IRQHandler
                0x00022670                BusFault_Handler
                0x00022670                IDAC0_IRQHandler
 .text.BUS_RegBitWrite
                0x00022678       0x2c ./emlib/em_cmu.o
 .text.BUS_RegBitRead
                0x000226a4       0x2c ./emlib/em_cmu.o
 .text.BUS_RegMaskedSet
                0x000226d0       0x24 ./emlib/em_cmu.o
 .text.BUS_RegMaskedClear
                0x000226f4       0x24 ./emlib/em_cmu.o
 .text.BUS_RegMaskedWrite
                0x00022718       0x24 ./emlib/em_cmu.o
 .text.CMU_Log2ToDiv
                0x0002273c       0x1c ./emlib/em_cmu.o
 .text.setHfLeConfig
                0x00022758       0x64 ./emlib/em_cmu.o
 .text.auxClkGet
                0x000227bc       0x20 ./emlib/em_cmu.o
 .text.hfSrcClkGet
                0x000227dc       0x2c ./emlib/em_cmu.o
 .text.dbgClkGet
                0x00022808       0x3c ./emlib/em_cmu.o
 .text.adcAsyncClkGet
                0x00022844       0x80 ./emlib/em_cmu.o
 .text.flashWaitStateControl
                0x000228c4       0x7c ./emlib/em_cmu.o
 .text.flashWaitStateMax
                0x00022940       0x14 ./emlib/em_cmu.o
 .text.CMU_UpdateWaitStates
                0x00022954       0x18 ./emlib/em_cmu.o
                0x00022954                CMU_UpdateWaitStates
 .text.getRegIshUpperVal
                0x0002296c       0x38 ./emlib/em_cmu.o
 .text.getHfxoTuningMode
                0x000229a4       0x1c ./emlib/em_cmu.o
 .text.setHfxoTuningMode
                0x000229c0       0x28 ./emlib/em_cmu.o
 .text.lfClkGet
                0x000229e8       0xe8 ./emlib/em_cmu.o
 .text.syncReg  0x00022ad0       0x38 ./emlib/em_cmu.o
 .text.CMU_ClockEnable
                0x00022b08       0xcc ./emlib/em_cmu.o
                0x00022b08                CMU_ClockEnable
 .text.CMU_ClockFreqGet
                0x00022bd4      0x198 ./emlib/em_cmu.o
                0x00022bd4                CMU_ClockFreqGet
 .text.CMU_ClockSelectGet
                0x00022d6c      0x190 ./emlib/em_cmu.o
                0x00022d6c                CMU_ClockSelectGet
 .text.CMU_ClockSelectSet
                0x00022efc      0x25c ./emlib/em_cmu.o
                0x00022efc                CMU_ClockSelectSet
 .text.CMU_HFXOAutostartEnable
                0x00023158       0x7c ./emlib/em_cmu.o
                0x00023158                CMU_HFXOAutostartEnable
 .text.CMU_HFXOInit
                0x000231d4       0xf4 ./emlib/em_cmu.o
                0x000231d4                CMU_HFXOInit
 .text.CMU_LFXOInit
                0x000232c8       0x50 ./emlib/em_cmu.o
                0x000232c8                CMU_LFXOInit
 .text.CMU_OscillatorEnable
                0x00023318      0x174 ./emlib/em_cmu.o
                0x00023318                CMU_OscillatorEnable
 .text.CMU_OscillatorTuningGet
                0x0002348c       0x74 ./emlib/em_cmu.o
                0x0002348c                CMU_OscillatorTuningGet
 .text.CMU_OscillatorTuningSet
                0x00023500       0xfc ./emlib/em_cmu.o
                0x00023500                CMU_OscillatorTuningSet
 .text.CMU_OscillatorTuningWait
                0x000235fc       0x8c ./emlib/em_cmu.o
                0x000235fc                CMU_OscillatorTuningWait
 .text.CMU_OscillatorTuningOptimize
                0x00023688       0x4c ./emlib/em_cmu.o
                0x00023688                CMU_OscillatorTuningOptimize
 .text.BUS_RegMaskedSet
                0x000236d4       0x24 ./emlib/em_gpio.o
 .text.BUS_RegMaskedClear
                0x000236f8       0x24 ./emlib/em_gpio.o
 .text.GPIO_PinOutClear
                0x0002371c       0x58 ./emlib/em_gpio.o
 .text.GPIO_PinOutSet
                0x00023774       0x58 ./emlib/em_gpio.o
 .text.GPIO_PinModeSet
                0x000237cc      0x108 ./emlib/em_gpio.o
                0x000237cc                GPIO_PinModeSet
 .text.RTCC_Init
                0x000238d4       0x60 ./emlib/em_rtcc.o
                0x000238d4                RTCC_Init
 .text.SYSTEM_ChipRevisionGet
                0x00023934       0x74 ./emlib/em_system.o
                0x00023934                SYSTEM_ChipRevisionGet
 .text.TIMER_Valid
                0x000239a8       0x38 ./emlib/em_timer.o
 .text.TIMER_EnableDTI
                0x000239e0       0x40 ./emlib/em_timer.o
 .text.TIMER_GetDTIFault
                0x00023a20       0x1c ./emlib/em_timer.o
 .text.TIMER_ClearDTIFault
                0x00023a3c       0x1c ./emlib/em_timer.o
 .text.TIMER_Init
                0x00023a58       0xdc ./emlib/em_timer.o
                0x00023a58                TIMER_Init
 .text.TIMER_InitCC
                0x00023b34       0x9c ./emlib/em_timer.o
                0x00023b34                TIMER_InitCC
 .text.TIMER_InitDTI
                0x00023bd0      0x10c ./emlib/em_timer.o
                0x00023bd0                TIMER_InitDTI
 .text.USART_BaudrateAsyncSet
                0x00023cdc       0xb0 ./emlib/em_usart.o
                0x00023cdc                USART_BaudrateAsyncSet
 .text.USART_Enable
                0x00023d8c       0x4c ./emlib/em_usart.o
                0x00023d8c                USART_Enable
 .text.USART_InitAsync
                0x00023dd8       0xbc ./emlib/em_usart.o
                0x00023dd8                USART_InitAsync
 .text.USART_InitPrsTrigger
                0x00023e94       0x64 ./emlib/em_usart.o
                0x00023e94                USART_InitPrsTrigger
 .text.USART_Reset
                0x00023ef8       0x94 ./emlib/em_usart.o
                0x00023ef8                USART_Reset
 .text.USART_Tx
                0x00023f8c       0x2c ./emlib/em_usart.o
                0x00023f8c                USART_Tx
 .text.SYSTEM_GetProdRev
                0x00023fb8       0x1c ./src/InitDevice.o
 .text.BUS_RegBitWrite
                0x00023fd4       0x2c ./src/InitDevice.o
 .text.CHIP_Init
                0x00024000       0xb4 ./src/InitDevice.o
 .text.enter_DefaultMode_from_RESET
                0x000240b4       0x34 ./src/InitDevice.o
                0x000240b4                enter_DefaultMode_from_RESET
 .text.EMU_enter_DefaultMode_from_RESET
                0x000240e8       0x94 ./src/InitDevice.o
                0x000240e8                EMU_enter_DefaultMode_from_RESET
 .text.LFXO_enter_DefaultMode_from_RESET
                0x0002417c        0xc ./src/InitDevice.o
                0x0002417c                LFXO_enter_DefaultMode_from_RESET
 .text.CMU_enter_DefaultMode_from_RESET
                0x00024188      0x14c ./src/InitDevice.o
                0x00024188                CMU_enter_DefaultMode_from_RESET
 .text.RTCC_enter_DefaultMode_from_RESET
                0x000242d4       0x4c ./src/InitDevice.o
                0x000242d4                RTCC_enter_DefaultMode_from_RESET
 .text.USART1_enter_DefaultMode_from_RESET
                0x00024320      0x180 ./src/InitDevice.o
                0x00024320                USART1_enter_DefaultMode_from_RESET
 .text.GPCRC_enter_DefaultMode_from_RESET
                0x000244a0        0xc ./src/InitDevice.o
                0x000244a0                GPCRC_enter_DefaultMode_from_RESET
 .text.LDMA_enter_DefaultMode_from_RESET
                0x000244ac        0xc ./src/InitDevice.o
                0x000244ac                LDMA_enter_DefaultMode_from_RESET
 .text.TIMER0_enter_DefaultMode_from_RESET
                0x000244b8      0x320 ./src/InitDevice.o
                0x000244b8                TIMER0_enter_DefaultMode_from_RESET
 .text.PRS_enter_DefaultMode_from_RESET
                0x000247d8       0x20 ./src/InitDevice.o
                0x000247d8                PRS_enter_DefaultMode_from_RESET
 .text.PORTIO_enter_DefaultMode_from_RESET
                0x000247f8       0x8c ./src/InitDevice.o
                0x000247f8                PORTIO_enter_DefaultMode_from_RESET
 .text          0x00024884       0x18 D:/SiliconLabs/SimplicityStudio/v4_2/developer/sdks/gecko_sdk_suite/v1.1//protocol/bluetooth_2.4/lib/EFR32BG1B/GCC/bgapi.a(gecko_bgapi_hardware.c.obj)
                0x00024884                gecko_bgapi_class_hardware_init
 .text          0x0002489c       0x18 D:/SiliconLabs/SimplicityStudio/v4_2/developer/sdks/gecko_sdk_suite/v1.1//protocol/bluetooth_2.4/lib/EFR32BG1B/GCC/bgapi.a(gecko_bgapi_test.c.obj)
                0x0002489c                gecko_bgapi_class_test_init
 .text          0x000248b4       0x18 D:/SiliconLabs/SimplicityStudio/v4_2/developer/sdks/gecko_sdk_suite/v1.1//protocol/bluetooth_2.4/lib/EFR32BG1B/GCC/bgapi.a(gecko_bgapi_dfu.c.obj)
                0x000248b4                gecko_bgapi_class_dfu_init
 .text          0x000248cc       0x18 D:/SiliconLabs/SimplicityStudio/v4_2/developer/sdks/gecko_sdk_suite/v1.1//protocol/bluetooth_2.4/lib/EFR32BG1B/GCC/bgapi.a(gecko_bgapi_gap.c.obj)
                0x000248cc                gecko_bgapi_class_le_gap_init
 .text          0x000248e4       0x18 D:/SiliconLabs/SimplicityStudio/v4_2/developer/sdks/gecko_sdk_suite/v1.1//protocol/bluetooth_2.4/lib/EFR32BG1B/GCC/bgapi.a(gecko_bgapi_gatt.c.obj)
                0x000248e4                gecko_bgapi_class_gatt_init
 .text          0x000248fc       0x18 D:/SiliconLabs/SimplicityStudio/v4_2/developer/sdks/gecko_sdk_suite/v1.1//protocol/bluetooth_2.4/lib/EFR32BG1B/GCC/bgapi.a(gecko_bgapi_gatt_server.c.obj)
                0x000248fc                gecko_bgapi_class_gatt_server_init
 .text          0x00024914       0x18 D:/SiliconLabs/SimplicityStudio/v4_2/developer/sdks/gecko_sdk_suite/v1.1//protocol/bluetooth_2.4/lib/EFR32BG1B/GCC/bgapi.a(gecko_bgapi_flash.c.obj)
                0x00024914                gecko_bgapi_class_flash_init
 .text          0x0002492c       0x18 D:/SiliconLabs/SimplicityStudio/v4_2/developer/sdks/gecko_sdk_suite/v1.1//protocol/bluetooth_2.4/lib/EFR32BG1B/GCC/bgapi.a(gecko_bgapi_sm.c.obj)
                0x0002492c                gecko_bgapi_class_sm_init
 .text          0x00024944       0x18 D:/SiliconLabs/SimplicityStudio/v4_2/developer/sdks/gecko_sdk_suite/v1.1//protocol/bluetooth_2.4/lib/EFR32BG1B/GCC/bgapi.a(gecko_bgapi_system.c.obj)
                0x00024944                gecko_bgapi_class_system_init
 .text          0x0002495c       0x18 D:/SiliconLabs/SimplicityStudio/v4_2/developer/sdks/gecko_sdk_suite/v1.1//protocol/bluetooth_2.4/lib/EFR32BG1B/GCC/bgapi.a(gecko_bgapi_endpoint.c.obj)
                0x0002495c                gecko_bgapi_class_endpoint_init
 .text          0x00024974       0x18 D:/SiliconLabs/SimplicityStudio/v4_2/developer/sdks/gecko_sdk_suite/v1.1//protocol/bluetooth_2.4/lib/EFR32BG1B/GCC/bgapi.a(gecko_bgapi_le_connection.c.obj)
                0x00024974                gecko_bgapi_class_le_connection_init
 .text          0x0002498c      0x1d0 D:/SiliconLabs/SimplicityStudio/v4_2/developer/sdks/gecko_sdk_suite/v1.1//protocol/bluetooth_2.4/lib/EFR32BG1B/GCC/bgapi.a(bgapi_hardware.c.obj)
                0x0002498c                soft_timer_comparison
                0x00024a20                bgapi_hardware_soft_timer_listener
                0x00024a60                lib_hardware_handler_init
                0x00024a74                gecko_cmd_hardware_set_soft_timer
                0x00024ab4                gecko_cmd_hardware_set_lazy_soft_timer
                0x00024af4                gecko_cmd_hardware_get_time
                0x00024b28                gecko_cmd_hardware_enable_dcdc
 .text          0x00024b5c      0x330 D:/SiliconLabs/SimplicityStudio/v4_2/developer/sdks/gecko_sdk_suite/v1.1//protocol/bluetooth_2.4/lib/EFR32BG1B/GCC/bgapi.a(bgapi_test_lib.c.obj)
                0x00024b5c                bgapi_test_lib_msg_handler
                0x00024bb4                lib_test_handler_init
                0x00024bd4                disable_interrupts
                0x00024bf8                gecko_cmd_test_dtm_tx
                0x00024c8c                gecko_cmd_test_dtm_rx
                0x00024cd8                gecko_cmd_test_dtm_end
                0x00024d40                gecko_cmd_test_debug_command
                0x00024e10                gecko_cmd_test_debug_counter
 .text          0x00024e8c       0x8c D:/SiliconLabs/SimplicityStudio/v4_2/developer/sdks/gecko_sdk_suite/v1.1//protocol/bluetooth_2.4/lib/EFR32BG1B/GCC/bgapi.a(bgapi_dfu.c.obj)
                0x00024e8c                lib_dfu_handler_init
                0x00024e8e                gecko_cmd_dfu_reset
                0x00024e94                gecko_cmd_dfu_flash_set_address
                0x00024ec0                gecko_cmd_dfu_flash_upload
                0x00024eec                gecko_cmd_dfu_flash_upload_finish
 .text          0x00024f18      0x34c D:/SiliconLabs/SimplicityStudio/v4_2/developer/sdks/gecko_sdk_suite/v1.1//protocol/bluetooth_2.4/lib/EFR32BG1B/GCC/bgapi.a(bgapi_gap.c.obj)
                0x00024f18                lib_le_gap_handler_init
                0x00024f1a                gecko_cmd_le_gap_set_mode
                0x00024f60                gecko_cmd_le_gap_bt5_set_mode
                0x00024fa4                gecko_cmd_le_gap_set_adv_data
                0x00024fec                gecko_cmd_le_gap_bt5_set_adv_data
                0x00025020                gecko_cmd_le_gap_set_adv_timeout
                0x00025074                gecko_cmd_le_gap_open
                0x000250d8                gecko_cmd_le_gap_discover
                0x00025104                gecko_cmd_le_gap_end_procedure
                0x00025130                gecko_cmd_le_gap_set_adv_parameters
                0x00025164                gecko_cmd_le_gap_bt5_set_adv_parameters
                0x000251a0                gecko_cmd_le_gap_set_scan_parameters
                0x000251d0                gecko_cmd_le_gap_set_conn_parameters
                0x00025208                gecko_cmd_le_gap_set_phy
                0x00025234                gecko_cmd_le_gap_set_privacy_mode
 .text          0x00025264      0x6c4 D:/SiliconLabs/SimplicityStudio/v4_2/developer/sdks/gecko_sdk_suite/v1.1//protocol/bluetooth_2.4/lib/EFR32BG1B/GCC/bgapi.a(bgapi_gatt_lib.c.obj)
                0x00025264                lib_gatt_handler_init
                0x00025268                lib_gatt_server_handler_init
                0x0002526a                gecko_cmd_gatt_set_max_mtu
                0x000252a4                gecko_cmd_gatt_discover_primary_services
                0x000252d4                gecko_cmd_gatt_discover_primary_services_by_uuid
                0x00025310                gecko_cmd_gatt_find_included_services
                0x00025344                gecko_cmd_gatt_discover_characteristics
                0x00025378                gecko_cmd_gatt_discover_characteristics_by_uuid
                0x000253b8                gecko_cmd_gatt_read_characteristic_value
                0x000253f0                gecko_cmd_gatt_read_characteristic_value_from_offset
                0x0002542c                gecko_cmd_gatt_read_characteristic_value_by_uuid
                0x0002546c                gecko_cmd_gatt_read_multiple_characteristic_values
                0x000254a0                gecko_cmd_gatt_write_characteristic_value
                0x000254d8                gecko_cmd_gatt_write_characteristic_value_without_response
                0x0002551c                gecko_cmd_gatt_prepare_characteristic_value_write
                0x0002556c                gecko_cmd_gatt_execute_characteristic_value_write
                0x000255a0                gecko_cmd_gatt_set_characteristic_notification
                0x000255d8                gecko_cmd_gatt_discover_descriptors
                0x0002560c                gecko_cmd_gatt_read_descriptor_value
                0x00025640                gecko_cmd_gatt_write_descriptor_value
                0x00025678                gecko_cmd_gatt_server_read_attribute_value
                0x000256c0                gecko_cmd_gatt_server_read_attribute_type
                0x00025704                gecko_cmd_gatt_server_find_attribute
                0x00025740                gecko_cmd_gatt_server_write_attribute_value
                0x00025774                gecko_cmd_gatt_server_send_user_read_response
                0x000257c4                gecko_cmd_gatt_server_send_user_write_response
                0x000257fc                gecko_cmd_gatt_server_send_characteristic_notification
                0x00025848                gecko_cmd_gatt_send_characteristic_confirmation
                0x00025878                gecko_cmd_gatt_server_set_database
                0x000258a8                gecko_cmd_gatt_server_set_capabilities
                0x000258d8                gecko_cmd_gatt_prepare_characteristic_value_reliable_write
 .text          0x00025928      0x1d0 D:/SiliconLabs/SimplicityStudio/v4_2/developer/sdks/gecko_sdk_suite/v1.1//protocol/bluetooth_2.4/lib/EFR32BG1B/GCC/bgapi.a(bgapi_ps.c.obj)
                0x00025928                bgapi_ps_dump_listener
                0x00025968                lib_flash_handler_init
                0x0002597c                gecko_cmd_flash_ps_dump
                0x00025a14                gecko_cmd_flash_ps_erase_all
                0x00025a44                gecko_cmd_flash_ps_save
                0x00025a80                gecko_cmd_flash_ps_load
                0x00025ac4                gecko_cmd_flash_ps_erase
 .text          0x00025af8      0x3cc D:/SiliconLabs/SimplicityStudio/v4_2/developer/sdks/gecko_sdk_suite/v1.1//protocol/bluetooth_2.4/lib/EFR32BG1B/GCC/bgapi.a(bgapi_sm.c.obj)
                0x00025bc0                lib_sm_handler_init
                0x00025bd4                gecko_cmd_sm_list_all_bondings
                0x00025c0c                gecko_cmd_sm_increase_security
                0x00025c3c                gecko_cmd_sm_set_bondable_mode
                0x00025c68                gecko_cmd_sm_delete_bonding
                0x00025c98                gecko_cmd_sm_delete_bondings
                0x00025cc8                gecko_cmd_sm_configure
                0x00025cf8                gecko_cmd_sm_enter_passkey
                0x00025d2c                gecko_cmd_sm_set_passkey
                0x00025d58                gecko_cmd_sm_passkey_confirm
                0x00025d8c                gecko_cmd_sm_set_oob_data
                0x00025dbc                gecko_cmd_sm_set_sc_remote_oob_data
                0x00025dec                gecko_cmd_sm_use_sc_oob
                0x00025e2c                gecko_cmd_sm_store_bonding_configuration
                0x00025e60                gecko_cmd_sm_bonding_confirm
                0x00025e94                gecko_cmd_sm_set_debug_mode
 .text          0x00025ec4      0x1d8 D:/SiliconLabs/SimplicityStudio/v4_2/developer/sdks/gecko_sdk_suite/v1.1//protocol/bluetooth_2.4/lib/EFR32BG1B/GCC/bgapi.a(bgapi_system.c.obj)
                0x00025ec4                bgapi_system_listener
                0x00025ef4                lib_system_handler_init
                0x00025f08                gecko_cmd_system_get_bt_address
                0x00025f40                gecko_cmd_system_set_bt_address
                0x00025f74                gecko_cmd_system_set_device_name
                0x00025fb0                gecko_cmd_system_get_random_data
                0x00025ff8                gecko_cmd_system_halt
                0x0002602c                gecko_cmd_system_set_tx_power
                0x0002605c                gecko_cmd_system_hello
                0x00026084                gecko_cmd_system_reset
                0x0002608a                gecko_send_system_awake
 .text          0x0002609c      0x1ac D:/SiliconLabs/SimplicityStudio/v4_2/developer/sdks/gecko_sdk_suite/v1.1//protocol/bluetooth_2.4/lib/EFR32BG1B/GCC/bgapi.a(bgapi_endpoint.c.obj)
                0x0002609c                lib_endpoint_handler_init
                0x0002609e                gecko_cmd_endpoint_send
                0x00026148                gecko_cmd_endpoint_set_streaming_destination
                0x000261a0                gecko_cmd_endpoint_close
                0x000261fc                gecko_cmd_endpoint_set_flags
                0x000261fe                gecko_cmd_endpoint_clr_flags
                0x00026200                gecko_cmd_endpoint_read_counters
 .text          0x00026248      0x104 D:/SiliconLabs/SimplicityStudio/v4_2/developer/sdks/gecko_sdk_suite/v1.1//protocol/bluetooth_2.4/lib/EFR32BG1B/GCC/bgapi.a(bgapi_le_connection.c.obj)
                0x00026248                lib_le_connection_handler_init
                0x0002624a                gecko_cmd_le_connection_set_parameters
                0x00026298                gecko_cmd_le_connection_get_rssi
                0x000262c8                gecko_cmd_le_connection_disable_slave_latency
                0x00026310                gecko_cmd_le_connection_set_phy
 .text          0x0002634c      0xdf0 D:/SiliconLabs/SimplicityStudio/v4_2/developer/sdks/gecko_sdk_suite/v1.1//protocol/bluetooth_2.4/lib/EFR32BG1B/GCC/bgapi.a(gatt_client.c.obj)
                0x000265b4                gatt_discover_primary_services
                0x000265f2                gatt_discover_primary_services_by_uuid
                0x00026648                gatt_find_included_services
                0x00026698                gatt_find_included_services_handler
                0x00026748                gatt_discover_characteristics
                0x0002676a                gatt_discover_characteristics_by_uuid
                0x000267ac                gatt_discover_descriptors
                0x000267e8                gatt_read_characteristic_value
                0x00026820                gatt_read_characteristic_value_by_uuid
                0x0002685a                gatt_read_multiple_characteristic_values
                0x0002687e                gatt_write_characteristic_value
                0x000268a4                gatt_write_characteristic_value_without_response
                0x000268be                gatt_prepare_characteristic_value_write
                0x00026934                gatt_execute_characteristic_value_write
                0x00026956                gatt_set_characteristic_notification
                0x00026996                gatt_read_descriptor_value
                0x000269be                gatt_write_descriptor_value
                0x000269e4                gatt_handle_exchange_mtu_rsp
                0x00026a00                gatt_handle_find_information_response
                0x00026b52                gatt_handle_find_by_type_value_response
                0x00026bee                gatt_handle_read_response
                0x00026d4c                gatt_handle_read_blob_response
                0x00026d82                gatt_handle_read_multiple_response
                0x00026dbe                gatt_handle_read_by_type_response
                0x00026f08                gatt_handle_read_by_group_type_response
                0x00026fb0                gatt_handle_write_response
                0x00026fc4                gatt_handle_prepare_write_response
                0x000270b6                gatt_handle_execute_write_response
                0x000270ee                gatt_client_handle_value_notification
                0x00027100                gatt_client_handle_value_indication
                0x00027114                gatt_send_characteristic_confirmation
                0x00027132                gatt_client_init
 .text          0x0002713c      0x250 D:/SiliconLabs/SimplicityStudio/v4_2/developer/sdks/gecko_sdk_suite/v1.1//protocol/bluetooth_2.4/lib/EFR32BG1B/GCC/bgapi.a(ubt_gatt_client.c.obj)
                0x0002713c                ubt_gatt_discover_primary_services
                0x00027152                ubt_gatt_discover_primary_services_by_uuid
                0x0002717e                ubt_gatt_find_included_services
                0x00027198                ubt_gatt_discover_characteristics
                0x000271b2                ubt_gatt_discover_characteristics_by_uuid
                0x000271e2                ubt_gatt_discover_descriptors
                0x000271fc                ubt_gatt_read_characteristic_value
                0x0002721e                ubt_gatt_read_characteristic_value_by_uuid
                0x0002724e                ubt_gatt_read_multiple_characteristic_values
                0x0002726c                ubt_gatt_write_characteristic_value
                0x0002728e                ubt_gatt_write_characteristic_value_without_response
                0x000272c8                ubt_gatt_prepare_characteristic_value_write
                0x00027302                ubt_gatt_execute_characteristic_value_write
                0x0002731c                ubt_gatt_send_characteristic_confirmation
                0x00027332                ubt_gatt_read_descriptor_value
                0x0002734c                ubt_gatt_write_descriptor_value
                0x0002736e                ubt_gatt_set_characteristic_notification
 .text          0x0002738c      0x4ec D:/SiliconLabs/SimplicityStudio/v4_2/developer/sdks/gecko_sdk_suite/v1.1//protocol/bluetooth_2.4/lib/EFR32BG1B/GCC/bgapi.a(att_client.c.obj)
                0x0002738c                att_send_find_information_request
                0x000273b2                att_send_find_by_type_value_request
                0x000273e4                att_send_read_by_type_request
                0x00027410                att_send_read_request
                0x00027430                att_send_read_blob_request
                0x00027456                att_send_read_multiple_request
                0x00027482                att_send_read_by_group_type_request
                0x000274ae                att_send_write_request
                0x000274da                att_send_write_command
                0x00027506                att_send_signed_write_command
                0x00027540                att_send_prepare_write_request
                0x0002757c                att_send_execute_write_request
                0x0002759a                att_send_handle_value_confirmation
                0x000275b2                validate_gatt_client_pdu_len
                0x0002766c                att_gatt_client_handler
 .text          0x00027878       0x30 d:/siliconlabs/simplicitystudio/v4_2/developer/toolchains/gnu_arm/4.9_2015q3/bin/../lib/gcc/arm-none-eabi/4.9.3/armv7e-m/fpu\libgcc.a(_aeabi_uldivmod.o)
                0x00027878                __aeabi_uldivmod
 .text          0x000278a8       0x60 d:/siliconlabs/simplicitystudio/v4_2/developer/toolchains/gnu_arm/4.9_2015q3/bin/../lib/gcc/arm-none-eabi/4.9.3/armv7e-m/fpu\libgcc.a(bpabi.o)
                0x000278a8                __gnu_ldivmod_helper
                0x000278d8                __gnu_uldivmod_helper
 .text          0x00027908        0x4 d:/siliconlabs/simplicitystudio/v4_2/developer/toolchains/gnu_arm/4.9_2015q3/bin/../lib/gcc/arm-none-eabi/4.9.3/armv7e-m/fpu\libgcc.a(_dvmd_tls.o)
                0x00027908                __aeabi_idiv0
                0x00027908                __aeabi_ldiv0
 .text          0x0002790c      0x29c d:/siliconlabs/simplicitystudio/v4_2/developer/toolchains/gnu_arm/4.9_2015q3/bin/../lib/gcc/arm-none-eabi/4.9.3/armv7e-m/fpu\libgcc.a(_divdi3.o)
                0x0002790c                __divdi3
 .text          0x00027ba8      0x26c d:/siliconlabs/simplicitystudio/v4_2/developer/toolchains/gnu_arm/4.9_2015q3/bin/../lib/gcc/arm-none-eabi/4.9.3/armv7e-m/fpu\libgcc.a(_udivdi3.o)
                0x00027ba8                __udivdi3
 .text.exit     0x00027e14       0x20 d:/siliconlabs/simplicitystudio/v4_2/developer/toolchains/gnu_arm/4.9_2015q3/bin/../lib/gcc/arm-none-eabi/4.9.3/../../../../arm-none-eabi/lib/armv7e-m/fpu\libc.a(lib_a-exit.o)
                0x00027e14                exit
 .text.__libc_init_array
                0x00027e34       0x50 d:/siliconlabs/simplicitystudio/v4_2/developer/toolchains/gnu_arm/4.9_2015q3/bin/../lib/gcc/arm-none-eabi/4.9.3/../../../../arm-none-eabi/lib/armv7e-m/fpu\libc.a(lib_a-init.o)
                0x00027e34                __libc_init_array
 .text.memcmp   0x00027e84       0x64 d:/siliconlabs/simplicitystudio/v4_2/developer/toolchains/gnu_arm/4.9_2015q3/bin/../lib/gcc/arm-none-eabi/4.9.3/../../../../arm-none-eabi/lib/armv7e-m/fpu\libc.a(lib_a-memcmp.o)
                0x00027e84                memcmp
 .text          0x00027ee8      0x134 d:/siliconlabs/simplicitystudio/v4_2/developer/toolchains/gnu_arm/4.9_2015q3/bin/../lib/gcc/arm-none-eabi/4.9.3/../../../../arm-none-eabi/lib/armv7e-m/fpu\libc.a(lib_a-memcpy.o)
                0x00027ee8                memcpy
 .text.memset   0x0002801c       0x9c d:/siliconlabs/simplicitystudio/v4_2/developer/toolchains/gnu_arm/4.9_2015q3/bin/../lib/gcc/arm-none-eabi/4.9.3/../../../../arm-none-eabi/lib/armv7e-m/fpu\libc.a(lib_a-memset.o)
                0x0002801c                memset
 .text.sprintf  0x000280b8       0x4c d:/siliconlabs/simplicitystudio/v4_2/developer/toolchains/gnu_arm/4.9_2015q3/bin/../lib/gcc/arm-none-eabi/4.9.3/../../../../arm-none-eabi/lib/armv7e-m/fpu\libc.a(lib_a-sprintf.o)
                0x000280b8                sprintf
 .text.strlen   0x00028104       0x5c d:/siliconlabs/simplicitystudio/v4_2/developer/toolchains/gnu_arm/4.9_2015q3/bin/../lib/gcc/arm-none-eabi/4.9.3/../../../../arm-none-eabi/lib/armv7e-m/fpu\libc.a(lib_a-strlen.o)
                0x00028104                strlen
 .text.strncpy  0x00028160       0x68 d:/siliconlabs/simplicitystudio/v4_2/developer/toolchains/gnu_arm/4.9_2015q3/bin/../lib/gcc/arm-none-eabi/4.9.3/../../../../arm-none-eabi/lib/armv7e-m/fpu\libc.a(lib_a-strncpy.o)
                0x00028160                strncpy
 .text._svfprintf_r
                0x000281c8     0x14cc d:/siliconlabs/simplicitystudio/v4_2/developer/toolchains/gnu_arm/4.9_2015q3/bin/../lib/gcc/arm-none-eabi/4.9.3/../../../../arm-none-eabi/lib/armv7e-m/fpu\libc.a(lib_a-svfprintf.o)
                0x000281c8                _svfprintf_r
 .text.startup.register_fini
                0x00029694       0x14 d:/siliconlabs/simplicitystudio/v4_2/developer/toolchains/gnu_arm/4.9_2015q3/bin/../lib/gcc/arm-none-eabi/4.9.3/../../../../arm-none-eabi/lib/armv7e-m/fpu\libc.a(lib_a-__call_atexit.o)
 .text.__call_exitprocs
                0x000296a8       0xd4 d:/siliconlabs/simplicitystudio/v4_2/developer/toolchains/gnu_arm/4.9_2015q3/bin/../lib/gcc/arm-none-eabi/4.9.3/../../../../arm-none-eabi/lib/armv7e-m/fpu\libc.a(lib_a-__call_atexit.o)
                0x000296a8                __call_exitprocs
 .text.atexit   0x0002977c        0xc d:/siliconlabs/simplicitystudio/v4_2/developer/toolchains/gnu_arm/4.9_2015q3/bin/../lib/gcc/arm-none-eabi/4.9.3/../../../../arm-none-eabi/lib/armv7e-m/fpu\libc.a(lib_a-atexit.o)
                0x0002977c                atexit
 .text.quorem   0x00029788      0x12c d:/siliconlabs/simplicitystudio/v4_2/developer/toolchains/gnu_arm/4.9_2015q3/bin/../lib/gcc/arm-none-eabi/4.9.3/../../../../arm-none-eabi/lib/armv7e-m/fpu\libc.a(lib_a-dtoa.o)
 *fill*         0x000298b4        0x4 
 .text._dtoa_r  0x000298b8      0xea4 d:/siliconlabs/simplicitystudio/v4_2/developer/toolchains/gnu_arm/4.9_2015q3/bin/../lib/gcc/arm-none-eabi/4.9.3/../../../../arm-none-eabi/lib/armv7e-m/fpu\libc.a(lib_a-dtoa.o)
                0x000298b8                _dtoa_r
 .text.__libc_fini_array
                0x0002a75c       0x2c d:/siliconlabs/simplicitystudio/v4_2/developer/toolchains/gnu_arm/4.9_2015q3/bin/../lib/gcc/arm-none-eabi/4.9.3/../../../../arm-none-eabi/lib/armv7e-m/fpu\libc.a(lib_a-fini.o)
                0x0002a75c                __libc_fini_array
 .text._localeconv_r
                0x0002a788        0x8 d:/siliconlabs/simplicitystudio/v4_2/developer/toolchains/gnu_arm/4.9_2015q3/bin/../lib/gcc/arm-none-eabi/4.9.3/../../../../arm-none-eabi/lib/armv7e-m/fpu\libc.a(lib_a-locale.o)
                0x0002a788                _localeconv_r
 .text._malloc_r
                0x0002a790      0x524 d:/siliconlabs/simplicitystudio/v4_2/developer/toolchains/gnu_arm/4.9_2015q3/bin/../lib/gcc/arm-none-eabi/4.9.3/../../../../arm-none-eabi/lib/armv7e-m/fpu\libc.a(lib_a-mallocr.o)
                0x0002a790                _malloc_r
 .text.memchr   0x0002acb4       0x94 d:/siliconlabs/simplicitystudio/v4_2/developer/toolchains/gnu_arm/4.9_2015q3/bin/../lib/gcc/arm-none-eabi/4.9.3/../../../../arm-none-eabi/lib/armv7e-m/fpu\libc.a(lib_a-memchr.o)
                0x0002acb4                memchr
 .text.__malloc_lock
                0x0002ad48        0x4 d:/siliconlabs/simplicitystudio/v4_2/developer/toolchains/gnu_arm/4.9_2015q3/bin/../lib/gcc/arm-none-eabi/4.9.3/../../../../arm-none-eabi/lib/armv7e-m/fpu\libc.a(lib_a-mlock.o)
                0x0002ad48                __malloc_lock
 .text.__malloc_unlock
                0x0002ad4c        0x4 d:/siliconlabs/simplicitystudio/v4_2/developer/toolchains/gnu_arm/4.9_2015q3/bin/../lib/gcc/arm-none-eabi/4.9.3/../../../../arm-none-eabi/lib/armv7e-m/fpu\libc.a(lib_a-mlock.o)
                0x0002ad4c                __malloc_unlock
 .text._Balloc  0x0002ad50       0x4c d:/siliconlabs/simplicitystudio/v4_2/developer/toolchains/gnu_arm/4.9_2015q3/bin/../lib/gcc/arm-none-eabi/4.9.3/../../../../arm-none-eabi/lib/armv7e-m/fpu\libc.a(lib_a-mprec.o)
                0x0002ad50                _Balloc
 .text._Bfree   0x0002ad9c       0x14 d:/siliconlabs/simplicitystudio/v4_2/developer/toolchains/gnu_arm/4.9_2015q3/bin/../lib/gcc/arm-none-eabi/4.9.3/../../../../arm-none-eabi/lib/armv7e-m/fpu\libc.a(lib_a-mprec.o)
                0x0002ad9c                _Bfree
 .text.__multadd
                0x0002adb0       0x84 d:/siliconlabs/simplicitystudio/v4_2/developer/toolchains/gnu_arm/4.9_2015q3/bin/../lib/gcc/arm-none-eabi/4.9.3/../../../../arm-none-eabi/lib/armv7e-m/fpu\libc.a(lib_a-mprec.o)
                0x0002adb0                __multadd
 .text.__hi0bits
                0x0002ae34       0x40 d:/siliconlabs/simplicitystudio/v4_2/developer/toolchains/gnu_arm/4.9_2015q3/bin/../lib/gcc/arm-none-eabi/4.9.3/../../../../arm-none-eabi/lib/armv7e-m/fpu\libc.a(lib_a-mprec.o)
                0x0002ae34                __hi0bits
 .text.__lo0bits
                0x0002ae74       0x5c d:/siliconlabs/simplicitystudio/v4_2/developer/toolchains/gnu_arm/4.9_2015q3/bin/../lib/gcc/arm-none-eabi/4.9.3/../../../../arm-none-eabi/lib/armv7e-m/fpu\libc.a(lib_a-mprec.o)
                0x0002ae74                __lo0bits
 .text.__i2b    0x0002aed0       0x14 d:/siliconlabs/simplicitystudio/v4_2/developer/toolchains/gnu_arm/4.9_2015q3/bin/../lib/gcc/arm-none-eabi/4.9.3/../../../../arm-none-eabi/lib/armv7e-m/fpu\libc.a(lib_a-mprec.o)
                0x0002aed0                __i2b
 .text.__multiply
                0x0002aee4      0x134 d:/siliconlabs/simplicitystudio/v4_2/developer/toolchains/gnu_arm/4.9_2015q3/bin/../lib/gcc/arm-none-eabi/4.9.3/../../../../arm-none-eabi/lib/armv7e-m/fpu\libc.a(lib_a-mprec.o)
                0x0002aee4                __multiply
 .text.__pow5mult
                0x0002b018       0xa0 d:/siliconlabs/simplicitystudio/v4_2/developer/toolchains/gnu_arm/4.9_2015q3/bin/../lib/gcc/arm-none-eabi/4.9.3/../../../../arm-none-eabi/lib/armv7e-m/fpu\libc.a(lib_a-mprec.o)
                0x0002b018                __pow5mult
 .text.__lshift
                0x0002b0b8       0xac d:/siliconlabs/simplicitystudio/v4_2/developer/toolchains/gnu_arm/4.9_2015q3/bin/../lib/gcc/arm-none-eabi/4.9.3/../../../../arm-none-eabi/lib/armv7e-m/fpu\libc.a(lib_a-mprec.o)
                0x0002b0b8                __lshift
 .text.__mcmp   0x0002b164       0x48 d:/siliconlabs/simplicitystudio/v4_2/developer/toolchains/gnu_arm/4.9_2015q3/bin/../lib/gcc/arm-none-eabi/4.9.3/../../../../arm-none-eabi/lib/armv7e-m/fpu\libc.a(lib_a-mprec.o)
                0x0002b164                __mcmp
 .text.__mdiff  0x0002b1ac       0xd4 d:/siliconlabs/simplicitystudio/v4_2/developer/toolchains/gnu_arm/4.9_2015q3/bin/../lib/gcc/arm-none-eabi/4.9.3/../../../../arm-none-eabi/lib/armv7e-m/fpu\libc.a(lib_a-mprec.o)
                0x0002b1ac                __mdiff
 .text.__d2b    0x0002b280       0xbc d:/siliconlabs/simplicitystudio/v4_2/developer/toolchains/gnu_arm/4.9_2015q3/bin/../lib/gcc/arm-none-eabi/4.9.3/../../../../arm-none-eabi/lib/armv7e-m/fpu\libc.a(lib_a-mprec.o)
                0x0002b280                __d2b
 .text.__fpclassifyd
                0x0002b33c       0x5c d:/siliconlabs/simplicitystudio/v4_2/developer/toolchains/gnu_arm/4.9_2015q3/bin/../lib/gcc/arm-none-eabi/4.9.3/../../../../arm-none-eabi/lib/armv7e-m/fpu\libc.a(lib_a-s_fpclassify.o)
                0x0002b33c                __fpclassifyd
 .text._sbrk_r  0x0002b398       0x24 d:/siliconlabs/simplicitystudio/v4_2/developer/toolchains/gnu_arm/4.9_2015q3/bin/../lib/gcc/arm-none-eabi/4.9.3/../../../../arm-none-eabi/lib/armv7e-m/fpu\libc.a(lib_a-sbrkr.o)
                0x0002b398                _sbrk_r
 .text.__ssprint_r
                0x0002b3bc      0x104 d:/siliconlabs/simplicitystudio/v4_2/developer/toolchains/gnu_arm/4.9_2015q3/bin/../lib/gcc/arm-none-eabi/4.9.3/../../../../arm-none-eabi/lib/armv7e-m/fpu\libc.a(lib_a-svfiprintf.o)
                0x0002b3bc                __ssprint_r
 .text.__register_exitproc
                0x0002b4c0       0xa4 d:/siliconlabs/simplicitystudio/v4_2/developer/toolchains/gnu_arm/4.9_2015q3/bin/../lib/gcc/arm-none-eabi/4.9.3/../../../../arm-none-eabi/lib/armv7e-m/fpu\libc.a(lib_a-__atexit.o)
                0x0002b4c0                __register_exitproc
 .text._calloc_r
                0x0002b564       0x60 d:/siliconlabs/simplicitystudio/v4_2/developer/toolchains/gnu_arm/4.9_2015q3/bin/../lib/gcc/arm-none-eabi/4.9.3/../../../../arm-none-eabi/lib/armv7e-m/fpu\libc.a(lib_a-callocr.o)
                0x0002b564                _calloc_r
 .text._malloc_trim_r
                0x0002b5c4       0x9c d:/siliconlabs/simplicitystudio/v4_2/developer/toolchains/gnu_arm/4.9_2015q3/bin/../lib/gcc/arm-none-eabi/4.9.3/../../../../arm-none-eabi/lib/armv7e-m/fpu\libc.a(lib_a-freer.o)
                0x0002b5c4                _malloc_trim_r
 .text._free_r  0x0002b660      0x1b0 d:/siliconlabs/simplicitystudio/v4_2/developer/toolchains/gnu_arm/4.9_2015q3/bin/../lib/gcc/arm-none-eabi/4.9.3/../../../../arm-none-eabi/lib/armv7e-m/fpu\libc.a(lib_a-freer.o)
                0x0002b660                _free_r
 .text.memmove  0x0002b810       0xc8 d:/siliconlabs/simplicitystudio/v4_2/developer/toolchains/gnu_arm/4.9_2015q3/bin/../lib/gcc/arm-none-eabi/4.9.3/../../../../arm-none-eabi/lib/armv7e-m/fpu\libc.a(lib_a-memmove.o)
                0x0002b810                memmove
 .text._realloc_r
                0x0002b8d8      0x3ec d:/siliconlabs/simplicitystudio/v4_2/developer/toolchains/gnu_arm/4.9_2015q3/bin/../lib/gcc/arm-none-eabi/4.9.3/../../../../arm-none-eabi/lib/armv7e-m/fpu\libc.a(lib_a-reallocr.o)
                0x0002b8d8                _realloc_r
 .text._sbrk    0x0002bcc4       0x1c d:/siliconlabs/simplicitystudio/v4_2/developer/toolchains/gnu_arm/4.9_2015q3/bin/../lib/gcc/arm-none-eabi/4.9.3/../../../../arm-none-eabi/lib/armv7e-m/fpu\libnosys.a(sbrk.o)
                0x0002bcc4                _sbrk
 .text._exit    0x0002bce0        0x4 d:/siliconlabs/simplicitystudio/v4_2/developer/toolchains/gnu_arm/4.9_2015q3/bin/../lib/gcc/arm-none-eabi/4.9.3/../../../../arm-none-eabi/lib/armv7e-m/fpu\libnosys.a(_exit.o)
                0x0002bce0                _exit
 .text          0x0002bce4      0x370 d:/siliconlabs/simplicitystudio/v4_2/developer/toolchains/gnu_arm/4.9_2015q3/bin/../lib/gcc/arm-none-eabi/4.9.3/armv7e-m/fpu\libgcc.a(_arm_addsubdf3.o)
                0x0002bce4                __aeabi_drsub
                0x0002bcec                __aeabi_dsub
                0x0002bcec                __subdf3
                0x0002bcf0                __aeabi_dadd
                0x0002bcf0                __adddf3
                0x0002bf68                __floatunsidf
                0x0002bf68                __aeabi_ui2d
                0x0002bf88                __floatsidf
                0x0002bf88                __aeabi_i2d
                0x0002bfac                __aeabi_f2d
                0x0002bfac                __extendsfdf2
                0x0002bfe8                __floatundidf
                0x0002bfe8                __aeabi_ul2d
                0x0002bff8                __floatdidf
                0x0002bff8                __aeabi_l2d
 .text          0x0002c054      0x424 d:/siliconlabs/simplicitystudio/v4_2/developer/toolchains/gnu_arm/4.9_2015q3/bin/../lib/gcc/arm-none-eabi/4.9.3/armv7e-m/fpu\libgcc.a(_arm_muldivdf3.o)
                0x0002c054                __aeabi_dmul
                0x0002c054                __muldf3
                0x0002c2a8                __divdf3
                0x0002c2a8                __aeabi_ddiv
 .text          0x0002c478      0x110 d:/siliconlabs/simplicitystudio/v4_2/developer/toolchains/gnu_arm/4.9_2015q3/bin/../lib/gcc/arm-none-eabi/4.9.3/armv7e-m/fpu\libgcc.a(_arm_cmpdf2.o)
                0x0002c478                __gtdf2
                0x0002c478                __gedf2
                0x0002c480                __ltdf2
                0x0002c480                __ledf2
                0x0002c488                __nedf2
                0x0002c488                __eqdf2
                0x0002c488                __cmpdf2
                0x0002c504                __aeabi_cdrcmple
                0x0002c514                __aeabi_cdcmpeq
                0x0002c514                __aeabi_cdcmple
                0x0002c524                __aeabi_dcmpeq
                0x0002c538                __aeabi_dcmplt
                0x0002c54c                __aeabi_dcmple
                0x0002c560                __aeabi_dcmpge
                0x0002c574                __aeabi_dcmpgt
 .text          0x0002c588       0x50 d:/siliconlabs/simplicitystudio/v4_2/developer/toolchains/gnu_arm/4.9_2015q3/bin/../lib/gcc/arm-none-eabi/4.9.3/armv7e-m/fpu\libgcc.a(_arm_fixdfsi.o)
                0x0002c588                __aeabi_d2iz
                0x0002c588                __fixdfsi
 *(.init)
 .init          0x0002c5d8        0x4 d:/siliconlabs/simplicitystudio/v4_2/developer/toolchains/gnu_arm/4.9_2015q3/bin/../lib/gcc/arm-none-eabi/4.9.3/armv7e-m/fpu/crti.o
                0x0002c5d8                _init
 .init          0x0002c5dc        0x8 d:/siliconlabs/simplicitystudio/v4_2/developer/toolchains/gnu_arm/4.9_2015q3/bin/../lib/gcc/arm-none-eabi/4.9.3/armv7e-m/fpu/crtn.o
 *(.fini)
 .fini          0x0002c5e4        0x4 d:/siliconlabs/simplicitystudio/v4_2/developer/toolchains/gnu_arm/4.9_2015q3/bin/../lib/gcc/arm-none-eabi/4.9.3/armv7e-m/fpu/crti.o
                0x0002c5e4                _fini
 .fini          0x0002c5e8        0x8 d:/siliconlabs/simplicitystudio/v4_2/developer/toolchains/gnu_arm/4.9_2015q3/bin/../lib/gcc/arm-none-eabi/4.9.3/armv7e-m/fpu/crtn.o
 *crtbegin.o(.ctors)
 *crtbegin?.o(.ctors)
 *(EXCLUDE_FILE(*crtend.o *crtend?.o) .ctors)
 *(SORT(.ctors.*))
 *(.ctors)
 *crtbegin.o(.dtors)
 *crtbegin?.o(.dtors)
 *(EXCLUDE_FILE(*crtend.o *crtend?.o) .dtors)
 *(SORT(.dtors.*))
 *(.dtors)
 *(.rodata*)
 .rodata.ptiInit
                0x0002c5f0       0x24 ./main.o
 .rodata        0x0002c614      0x10e ./main.o
 *fill*         0x0002c722        0x2 
 .rodata.config
                0x0002c724       0x38 ./main.o
 .rodata        0x0002c75c       0xa8 ./src/InitDevice.o
 .rodata        0x0002c804       0x28 D:/SiliconLabs/SimplicityStudio/v4_2/developer/sdks/gecko_sdk_suite/v1.1//protocol/bluetooth_2.4/lib/EFR32BG1B/GCC/bgapi.a(gecko_bgapi_hardware.c.obj)
 .rodata        0x0002c82c       0x30 D:/SiliconLabs/SimplicityStudio/v4_2/developer/sdks/gecko_sdk_suite/v1.1//protocol/bluetooth_2.4/lib/EFR32BG1B/GCC/bgapi.a(gecko_bgapi_test.c.obj)
 .rodata        0x0002c85c       0x28 D:/SiliconLabs/SimplicityStudio/v4_2/developer/sdks/gecko_sdk_suite/v1.1//protocol/bluetooth_2.4/lib/EFR32BG1B/GCC/bgapi.a(gecko_bgapi_dfu.c.obj)
 .rodata        0x0002c884       0x78 D:/SiliconLabs/SimplicityStudio/v4_2/developer/sdks/gecko_sdk_suite/v1.1//protocol/bluetooth_2.4/lib/EFR32BG1B/GCC/bgapi.a(gecko_bgapi_gap.c.obj)
 .rodata        0x0002c8fc       0xa8 D:/SiliconLabs/SimplicityStudio/v4_2/developer/sdks/gecko_sdk_suite/v1.1//protocol/bluetooth_2.4/lib/EFR32BG1B/GCC/bgapi.a(gecko_bgapi_gatt.c.obj)
 .rodata        0x0002c9a4       0x50 D:/SiliconLabs/SimplicityStudio/v4_2/developer/sdks/gecko_sdk_suite/v1.1//protocol/bluetooth_2.4/lib/EFR32BG1B/GCC/bgapi.a(gecko_bgapi_gatt_server.c.obj)
 .rodata        0x0002c9f4       0x30 D:/SiliconLabs/SimplicityStudio/v4_2/developer/sdks/gecko_sdk_suite/v1.1//protocol/bluetooth_2.4/lib/EFR32BG1B/GCC/bgapi.a(gecko_bgapi_flash.c.obj)
 .rodata        0x0002ca24       0x80 D:/SiliconLabs/SimplicityStudio/v4_2/developer/sdks/gecko_sdk_suite/v1.1//protocol/bluetooth_2.4/lib/EFR32BG1B/GCC/bgapi.a(gecko_bgapi_sm.c.obj)
 .rodata        0x0002caa4       0x48 D:/SiliconLabs/SimplicityStudio/v4_2/developer/sdks/gecko_sdk_suite/v1.1//protocol/bluetooth_2.4/lib/EFR32BG1B/GCC/bgapi.a(gecko_bgapi_system.c.obj)
 .rodata        0x0002caec       0x38 D:/SiliconLabs/SimplicityStudio/v4_2/developer/sdks/gecko_sdk_suite/v1.1//protocol/bluetooth_2.4/lib/EFR32BG1B/GCC/bgapi.a(gecko_bgapi_endpoint.c.obj)
 .rodata        0x0002cb24       0x28 D:/SiliconLabs/SimplicityStudio/v4_2/developer/sdks/gecko_sdk_suite/v1.1//protocol/bluetooth_2.4/lib/EFR32BG1B/GCC/bgapi.a(gecko_bgapi_le_connection.c.obj)
 .rodata        0x0002cb4c       0x18 D:/SiliconLabs/SimplicityStudio/v4_2/developer/sdks/gecko_sdk_suite/v1.1//protocol/bluetooth_2.4/lib/EFR32BG1B/GCC/bgapi.a(bgapi_sm.c.obj)
 .rodata        0x0002cb64        0x4 D:/SiliconLabs/SimplicityStudio/v4_2/developer/sdks/gecko_sdk_suite/v1.1//protocol/bluetooth_2.4/lib/EFR32BG1B/GCC/bgapi.a(gatt_client.c.obj)
 .rodata.str1.4
                0x0002cb68        0x2 d:/siliconlabs/simplicitystudio/v4_2/developer/toolchains/gnu_arm/4.9_2015q3/bin/../lib/gcc/arm-none-eabi/4.9.3/../../../../arm-none-eabi/lib/armv7e-m/fpu\libc.a(lib_a-impure.o)
 *fill*         0x0002cb6a        0x2 
 .rodata._global_impure_ptr
                0x0002cb6c        0x4 d:/siliconlabs/simplicitystudio/v4_2/developer/toolchains/gnu_arm/4.9_2015q3/bin/../lib/gcc/arm-none-eabi/4.9.3/../../../../arm-none-eabi/lib/armv7e-m/fpu\libc.a(lib_a-impure.o)
                0x0002cb6c                _global_impure_ptr
 .rodata.zeroes.6911
                0x0002cb70       0x10 d:/siliconlabs/simplicitystudio/v4_2/developer/toolchains/gnu_arm/4.9_2015q3/bin/../lib/gcc/arm-none-eabi/4.9.3/../../../../arm-none-eabi/lib/armv7e-m/fpu\libc.a(lib_a-svfprintf.o)
 .rodata.blanks.6910
                0x0002cb80       0x10 d:/siliconlabs/simplicitystudio/v4_2/developer/toolchains/gnu_arm/4.9_2015q3/bin/../lib/gcc/arm-none-eabi/4.9.3/../../../../arm-none-eabi/lib/armv7e-m/fpu\libc.a(lib_a-svfprintf.o)
 .rodata.str1.4
                0x0002cb90       0x42 d:/siliconlabs/simplicitystudio/v4_2/developer/toolchains/gnu_arm/4.9_2015q3/bin/../lib/gcc/arm-none-eabi/4.9.3/../../../../arm-none-eabi/lib/armv7e-m/fpu\libc.a(lib_a-svfprintf.o)
 *fill*         0x0002cbd2        0x2 
 .rodata.str1.4
                0x0002cbd4       0x10 d:/siliconlabs/simplicitystudio/v4_2/developer/toolchains/gnu_arm/4.9_2015q3/bin/../lib/gcc/arm-none-eabi/4.9.3/../../../../arm-none-eabi/lib/armv7e-m/fpu\libc.a(lib_a-dtoa.o)
                                 0x12 (size before relaxing)
 .rodata.str1.4
                0x0002cbe4        0xc d:/siliconlabs/simplicitystudio/v4_2/developer/toolchains/gnu_arm/4.9_2015q3/bin/../lib/gcc/arm-none-eabi/4.9.3/../../../../arm-none-eabi/lib/armv7e-m/fpu\libc.a(lib_a-locale.o)
                                 0x12 (size before relaxing)
 .rodata.__mprec_tens
                0x0002cbf0       0xc8 d:/siliconlabs/simplicitystudio/v4_2/developer/toolchains/gnu_arm/4.9_2015q3/bin/../lib/gcc/arm-none-eabi/4.9.3/../../../../arm-none-eabi/lib/armv7e-m/fpu\libc.a(lib_a-mprec.o)
                0x0002cbf0                __mprec_tens
 .rodata.p05.5302
                0x0002ccb8        0xc d:/siliconlabs/simplicitystudio/v4_2/developer/toolchains/gnu_arm/4.9_2015q3/bin/../lib/gcc/arm-none-eabi/4.9.3/../../../../arm-none-eabi/lib/armv7e-m/fpu\libc.a(lib_a-mprec.o)
 *fill*         0x0002ccc4        0x4 
 .rodata.__mprec_bigtens
                0x0002ccc8       0x28 d:/siliconlabs/simplicitystudio/v4_2/developer/toolchains/gnu_arm/4.9_2015q3/bin/../lib/gcc/arm-none-eabi/4.9.3/../../../../arm-none-eabi/lib/armv7e-m/fpu\libc.a(lib_a-mprec.o)
                0x0002ccc8                __mprec_bigtens
 *(.eh_frame*)
 .eh_frame      0x0002ccf0        0x0 d:/siliconlabs/simplicitystudio/v4_2/developer/toolchains/gnu_arm/4.9_2015q3/bin/../lib/gcc/arm-none-eabi/4.9.3/armv7e-m/fpu/crtbegin.o
 .eh_frame      0x0002ccf0        0x0 d:/siliconlabs/simplicitystudio/v4_2/developer/toolchains/gnu_arm/4.9_2015q3/bin/../lib/gcc/arm-none-eabi/4.9.3/../../../../arm-none-eabi/lib/armv7e-m/fpu\libc.a(lib_a-strcmp.o)
                                 0x70 (size before relaxing)
 .eh_frame      0x0002ccf0        0x4 d:/siliconlabs/simplicitystudio/v4_2/developer/toolchains/gnu_arm/4.9_2015q3/bin/../lib/gcc/arm-none-eabi/4.9.3/armv7e-m/fpu/crtend.o
                0x0002ccf4                . = ALIGN (0x4)

.glue_7         0x0002ccf4        0x0
 .glue_7        0x00000000        0x0 linker stubs

.glue_7t        0x0002ccf4        0x0
 .glue_7t       0x00000000        0x0 linker stubs

.vfp11_veneer   0x0002ccf4        0x0
 .vfp11_veneer  0x00000000        0x0 linker stubs

.v4_bx          0x0002ccf4        0x0
 .v4_bx         0x00000000        0x0 linker stubs

.iplt           0x0002ccf4        0x0
 .iplt          0x00000000        0x0 d:/siliconlabs/simplicitystudio/v4_2/developer/toolchains/gnu_arm/4.9_2015q3/bin/../lib/gcc/arm-none-eabi/4.9.3/armv7e-m/fpu/crtbegin.o

.igot.plt       0x0002ccf4        0x0
 .igot.plt      0x00000000        0x0 d:/siliconlabs/simplicitystudio/v4_2/developer/toolchains/gnu_arm/4.9_2015q3/bin/../lib/gcc/arm-none-eabi/4.9.3/armv7e-m/fpu/crtbegin.o

.text_app_ARM.extab
 *(.ARM.extab* .gnu.linkonce.armextab.*)
                0x0002ccf4                __exidx_start = .

.text_app_ARM.exidx
                0x0002ccf4        0x8
 *(.ARM.exidx* .gnu.linkonce.armexidx.*)
 .ARM.exidx     0x0002ccf4        0x8 d:/siliconlabs/simplicitystudio/v4_2/developer/toolchains/gnu_arm/4.9_2015q3/bin/../lib/gcc/arm-none-eabi/4.9.3/../../../../arm-none-eabi/lib/armv7e-m/fpu/crt0.o
 .ARM.exidx     0x0002ccfc        0x0 d:/siliconlabs/simplicitystudio/v4_2/developer/toolchains/gnu_arm/4.9_2015q3/bin/../lib/gcc/arm-none-eabi/4.9.3/armv7e-m/fpu\libgcc.a(_divdi3.o)
                                  0x8 (size before relaxing)
 .ARM.exidx     0x0002ccfc        0x0 d:/siliconlabs/simplicitystudio/v4_2/developer/toolchains/gnu_arm/4.9_2015q3/bin/../lib/gcc/arm-none-eabi/4.9.3/armv7e-m/fpu\libgcc.a(_udivdi3.o)
                                  0x8 (size before relaxing)
                0x0002ccfc                __exidx_end = .
                0x0002ccfc                __etext = .

.rel.dyn        0x0002ccfc        0x0
 .rel.iplt      0x00000000        0x0 d:/siliconlabs/simplicitystudio/v4_2/developer/toolchains/gnu_arm/4.9_2015q3/bin/../lib/gcc/arm-none-eabi/4.9.3/armv7e-m/fpu/crtbegin.o

.text_app_data  0x20003000      0x88c load address 0x0002ccfc
                0x20003000                __data_start__ = .
 *(vtable)
 *(.data*)
 .data.auxHfrcoFreq
                0x20003000        0x4 ./emlib/em_cmu.o
 *fill*         0x20003004        0x4 
 .data.impure_data
                0x20003008      0x428 d:/siliconlabs/simplicitystudio/v4_2/developer/toolchains/gnu_arm/4.9_2015q3/bin/../lib/gcc/arm-none-eabi/4.9.3/../../../../arm-none-eabi/lib/armv7e-m/fpu\libc.a(lib_a-impure.o)
 .data._impure_ptr
                0x20003430        0x4 d:/siliconlabs/simplicitystudio/v4_2/developer/toolchains/gnu_arm/4.9_2015q3/bin/../lib/gcc/arm-none-eabi/4.9.3/../../../../arm-none-eabi/lib/armv7e-m/fpu\libc.a(lib_a-impure.o)
                0x20003430                _impure_ptr
 .data.lconv    0x20003434       0x38 d:/siliconlabs/simplicitystudio/v4_2/developer/toolchains/gnu_arm/4.9_2015q3/bin/../lib/gcc/arm-none-eabi/4.9.3/../../../../arm-none-eabi/lib/armv7e-m/fpu\libc.a(lib_a-locale.o)
 .data.__malloc_av_
                0x2000346c      0x408 d:/siliconlabs/simplicitystudio/v4_2/developer/toolchains/gnu_arm/4.9_2015q3/bin/../lib/gcc/arm-none-eabi/4.9.3/../../../../arm-none-eabi/lib/armv7e-m/fpu\libc.a(lib_a-mallocr.o)
                0x2000346c                __malloc_av_
 .data.__malloc_trim_threshold
                0x20003874        0x4 d:/siliconlabs/simplicitystudio/v4_2/developer/toolchains/gnu_arm/4.9_2015q3/bin/../lib/gcc/arm-none-eabi/4.9.3/../../../../arm-none-eabi/lib/armv7e-m/fpu\libc.a(lib_a-mallocr.o)
                0x20003874                __malloc_trim_threshold
 .data.__malloc_sbrk_base
                0x20003878        0x4 d:/siliconlabs/simplicitystudio/v4_2/developer/toolchains/gnu_arm/4.9_2015q3/bin/../lib/gcc/arm-none-eabi/4.9.3/../../../../arm-none-eabi/lib/armv7e-m/fpu\libc.a(lib_a-mallocr.o)
                0x20003878                __malloc_sbrk_base
                0x2000387c                . = ALIGN (0x4)
 *(.ram)
                0x2000387c                . = ALIGN (0x4)
                0x2000387c                PROVIDE (__preinit_array_start, .)
 *(.preinit_array)
                0x2000387c                PROVIDE (__preinit_array_end, .)
                0x2000387c                . = ALIGN (0x4)
                0x2000387c                PROVIDE (__init_array_start, .)
 *(SORT(.init_array.*))
 .init_array.00000
                0x2000387c        0x4 d:/siliconlabs/simplicitystudio/v4_2/developer/toolchains/gnu_arm/4.9_2015q3/bin/../lib/gcc/arm-none-eabi/4.9.3/../../../../arm-none-eabi/lib/armv7e-m/fpu\libc.a(lib_a-__call_atexit.o)
 *(.init_array)
 .init_array    0x20003880        0x4 d:/siliconlabs/simplicitystudio/v4_2/developer/toolchains/gnu_arm/4.9_2015q3/bin/../lib/gcc/arm-none-eabi/4.9.3/armv7e-m/fpu/crtbegin.o
                0x20003884                PROVIDE (__init_array_end, .)
                0x20003884                . = ALIGN (0x4)
                0x20003884                PROVIDE (__fini_array_start, .)
 *(SORT(.fini_array.*))
 *(.fini_array)
 .fini_array    0x20003884        0x4 d:/siliconlabs/simplicitystudio/v4_2/developer/toolchains/gnu_arm/4.9_2015q3/bin/../lib/gcc/arm-none-eabi/4.9.3/armv7e-m/fpu/crtbegin.o
                0x20003888                PROVIDE (__fini_array_end, .)
 *(.jcr*)
 .jcr           0x20003888        0x0 d:/siliconlabs/simplicitystudio/v4_2/developer/toolchains/gnu_arm/4.9_2015q3/bin/../lib/gcc/arm-none-eabi/4.9.3/armv7e-m/fpu/crtbegin.o
 .jcr           0x20003888        0x4 d:/siliconlabs/simplicitystudio/v4_2/developer/toolchains/gnu_arm/4.9_2015q3/bin/../lib/gcc/arm-none-eabi/4.9.3/armv7e-m/fpu/crtend.o
                0x2000388c                . = ALIGN (0x4)
                0x2000388c                __data_end__ = .

.bss            0x2000388c     0x25c4 load address 0x0002d588
                0x2000388c                . = ALIGN (0x4)
                0x2000388c                __bss_start__ = .
 *(.bss*)
 .bss           0x2000388c       0x1c d:/siliconlabs/simplicitystudio/v4_2/developer/toolchains/gnu_arm/4.9_2015q3/bin/../lib/gcc/arm-none-eabi/4.9.3/armv7e-m/fpu/crtbegin.o
 .bss.bg_gattdb_data_attribute_field_21_data
                0x200038a8       0x16 ./gatt_db.o
                0x200038a8                bg_gattdb_data_attribute_field_21_data
 *fill*         0x200038be        0x2 
 .bss.bg_gattdb_data_attribute_field_2_data
                0x200038c0        0x4 ./gatt_db.o
                0x200038c0                bg_gattdb_data_attribute_field_2_data
 .bss.gpioCallbacks
                0x200038c4       0x40 ./gpiointerrupt.o
 .bss.tx_Buffr  0x20003904      0x606 ./main.o
 *fill*         0x20003f0a        0x2 
 .bss.rx_Buffr  0x20003f0c      0x604 ./main.o
 .bss.boot_to_dfu
                0x20004510        0x1 ./main.o
                0x20004510                boot_to_dfu
 *fill*         0x20004511        0x3 
 .bss.ticker    0x20004514        0x4 ./main.o
                0x20004514                ticker
 .bss.Read_bufferOverflow
                0x20004518        0x1 ./main.o
 *fill*         0x20004519        0x3 
 .bss.Frm_Var.10217
                0x2000451c        0x4 ./main.o
 .bss.Data_Active.10253
                0x20004520        0x1 ./main.o
 *fill*         0x20004521        0x3 
 .bss           0x20004524        0x4 D:/SiliconLabs/SimplicityStudio/v4_2/developer/sdks/gecko_sdk_suite/v1.1//protocol/bluetooth_2.4/lib/EFR32BG1B/GCC/bgapi.a(bgapi_hardware.c.obj)
 .bss           0x20004528        0x4 D:/SiliconLabs/SimplicityStudio/v4_2/developer/sdks/gecko_sdk_suite/v1.1//protocol/bluetooth_2.4/lib/EFR32BG1B/GCC/bgapi.a(bgapi_test_lib.c.obj)
 .bss           0x2000452c        0x2 D:/SiliconLabs/SimplicityStudio/v4_2/developer/sdks/gecko_sdk_suite/v1.1//protocol/bluetooth_2.4/lib/EFR32BG1B/GCC/bgapi.a(bgapi_gap.c.obj)
                0x2000452c                legacy_maxadv_events
 *fill*         0x2000452e        0x2 
 .bss           0x20004530        0x4 D:/SiliconLabs/SimplicityStudio/v4_2/developer/sdks/gecko_sdk_suite/v1.1//protocol/bluetooth_2.4/lib/EFR32BG1B/GCC/bgapi.a(bgapi_ps.c.obj)
 .bss           0x20004534        0x4 D:/SiliconLabs/SimplicityStudio/v4_2/developer/sdks/gecko_sdk_suite/v1.1//protocol/bluetooth_2.4/lib/EFR32BG1B/GCC/bgapi.a(bgapi_sm.c.obj)
 .bss           0x20004538        0x4 D:/SiliconLabs/SimplicityStudio/v4_2/developer/sdks/gecko_sdk_suite/v1.1//protocol/bluetooth_2.4/lib/EFR32BG1B/GCC/bgapi.a(bgapi_system.c.obj)
 .bss.__malloc_max_total_mem
                0x2000453c        0x4 d:/siliconlabs/simplicitystudio/v4_2/developer/toolchains/gnu_arm/4.9_2015q3/bin/../lib/gcc/arm-none-eabi/4.9.3/../../../../arm-none-eabi/lib/armv7e-m/fpu\libc.a(lib_a-mallocr.o)
                0x2000453c                __malloc_max_total_mem
 .bss.__malloc_max_sbrked_mem
                0x20004540        0x4 d:/siliconlabs/simplicitystudio/v4_2/developer/toolchains/gnu_arm/4.9_2015q3/bin/../lib/gcc/arm-none-eabi/4.9.3/../../../../arm-none-eabi/lib/armv7e-m/fpu\libc.a(lib_a-mallocr.o)
                0x20004540                __malloc_max_sbrked_mem
 .bss.__malloc_top_pad
                0x20004544        0x4 d:/siliconlabs/simplicitystudio/v4_2/developer/toolchains/gnu_arm/4.9_2015q3/bin/../lib/gcc/arm-none-eabi/4.9.3/../../../../arm-none-eabi/lib/armv7e-m/fpu\libc.a(lib_a-mallocr.o)
                0x20004544                __malloc_top_pad
 .bss.__malloc_current_mallinfo
                0x20004548       0x28 d:/siliconlabs/simplicitystudio/v4_2/developer/toolchains/gnu_arm/4.9_2015q3/bin/../lib/gcc/arm-none-eabi/4.9.3/../../../../arm-none-eabi/lib/armv7e-m/fpu\libc.a(lib_a-mallocr.o)
                0x20004548                __malloc_current_mallinfo
 .bss.heap_end.4079
                0x20004570        0x4 d:/siliconlabs/simplicitystudio/v4_2/developer/toolchains/gnu_arm/4.9_2015q3/bin/../lib/gcc/arm-none-eabi/4.9.3/../../../../arm-none-eabi/lib/armv7e-m/fpu\libnosys.a(sbrk.o)
 *(COMMON)
 COMMON         0x20004574     0x18d4 ./main.o
                0x20004574                connected
                0x20004578                bluetooth_stack_heap
 COMMON         0x20005e48        0x4 D:/SiliconLabs/SimplicityStudio/v4_2/developer/sdks/gecko_sdk_suite/v1.1//protocol/bluetooth_2.4/lib/EFR32BG1B/GCC/bgapi.a(bgapi_test_lib.c.obj)
                0x20005e48                msg_sender
 COMMON         0x20005e4c        0x4 d:/siliconlabs/simplicitystudio/v4_2/developer/toolchains/gnu_arm/4.9_2015q3/bin/../lib/gcc/arm-none-eabi/4.9.3/../../../../arm-none-eabi/lib/armv7e-m/fpu\libc.a(lib_a-reent.o)
                0x20005e4c                errno
                0x20005e50                . = ALIGN (0x4)
                0x20005e50                __bss_end__ = .

.heap           0x20005e50      0xc00
                0x20005e50                __HeapBase = .
                0x20005e50                __end__ = .
                0x20005e50                end = __end__
                0x20005e50                _end = __end__
 *(.heap*)
 .heap          0x20005e50      0xc00 ./device/EFR32_B_1_1_B/gcc/startup_efr32bg1b.o
                0x20006a50                __HeapLimit = .

.stack_dummy    0x20006a50      0x400
 *(.stack*)
 .stack         0x20006a50      0x400 ./device/EFR32_B_1_1_B/gcc/startup_efr32bg1b.o
                0x20007bfc                __StackTop = (ORIGIN (RAM) + 0x4bfc)
                0x200077fc                __StackLimit = (__StackTop - SIZEOF (.stack_dummy))
                0x20007bfc                PROVIDE (__stack, __StackTop)
                0x00000001                ASSERT ((__StackLimit >= __HeapLimit), region RAM overflowed with stack)
OUTPUT(soc-CRP-SkyPack.axf elf32-littlearm)

.ARM.attributes
                0x00000000       0x30
 .ARM.attributes
                0x00000000       0x22 d:/siliconlabs/simplicitystudio/v4_2/developer/toolchains/gnu_arm/4.9_2015q3/bin/../lib/gcc/arm-none-eabi/4.9.3/armv7e-m/fpu/crti.o
 .ARM.attributes
                0x00000022       0x34 d:/siliconlabs/simplicitystudio/v4_2/developer/toolchains/gnu_arm/4.9_2015q3/bin/../lib/gcc/arm-none-eabi/4.9.3/armv7e-m/fpu/crtbegin.o
 .ARM.attributes
                0x00000056       0x20 d:/siliconlabs/simplicitystudio/v4_2/developer/toolchains/gnu_arm/4.9_2015q3/bin/../lib/gcc/arm-none-eabi/4.9.3/../../../../arm-none-eabi/lib/armv7e-m/fpu/crt0.o
 .ARM.attributes
                0x00000076       0x39 ./application_properties.o
 .ARM.attributes
                0x000000af       0x39 ./gatt_db.o
 .ARM.attributes
                0x000000e8       0x39 ./gpiointerrupt.o
 .ARM.attributes
                0x00000121       0x39 ./main.o
 .ARM.attributes
                0x0000015a       0x39 ./uart_echo.o
 .ARM.attributes
                0x00000193       0x39 ./device/EFR32_B_1_1_B/gcc/startup_efr32bg1b.o
 .ARM.attributes
                0x000001cc       0x39 ./emlib/em_cmu.o
 .ARM.attributes
                0x00000205       0x39 ./emlib/em_gpio.o
 .ARM.attributes
                0x0000023e       0x39 ./emlib/em_rtcc.o
 .ARM.attributes
                0x00000277       0x39 ./emlib/em_system.o
 .ARM.attributes
                0x000002b0       0x39 ./emlib/em_timer.o
 .ARM.attributes
                0x000002e9       0x39 ./emlib/em_usart.o
 .ARM.attributes
                0x00000322       0x39 ./src/InitDevice.o
 .ARM.attributes
                0x0000035b       0x1c D:/SiliconLabs/SimplicityStudio/v4_2/developer/sdks/gecko_sdk_suite/v1.1//protocol/bluetooth_2.4/lib/EFR32BG1B/EABI/binbootloader.o
 .ARM.attributes
                0x00000377       0x39 D:/SiliconLabs/SimplicityStudio/v4_2/developer/sdks/gecko_sdk_suite/v1.1//protocol/bluetooth_2.4/lib/EFR32BG1B/GCC/bgapi.a(gecko_bgapi_hardware.c.obj)
 .ARM.attributes
                0x000003b0       0x39 D:/SiliconLabs/SimplicityStudio/v4_2/developer/sdks/gecko_sdk_suite/v1.1//protocol/bluetooth_2.4/lib/EFR32BG1B/GCC/bgapi.a(gecko_bgapi_test.c.obj)
 .ARM.attributes
                0x000003e9       0x39 D:/SiliconLabs/SimplicityStudio/v4_2/developer/sdks/gecko_sdk_suite/v1.1//protocol/bluetooth_2.4/lib/EFR32BG1B/GCC/bgapi.a(gecko_bgapi_dfu.c.obj)
 .ARM.attributes
                0x00000422       0x39 D:/SiliconLabs/SimplicityStudio/v4_2/developer/sdks/gecko_sdk_suite/v1.1//protocol/bluetooth_2.4/lib/EFR32BG1B/GCC/bgapi.a(gecko_bgapi_gap.c.obj)
 .ARM.attributes
                0x0000045b       0x39 D:/SiliconLabs/SimplicityStudio/v4_2/developer/sdks/gecko_sdk_suite/v1.1//protocol/bluetooth_2.4/lib/EFR32BG1B/GCC/bgapi.a(gecko_bgapi_gatt.c.obj)
 .ARM.attributes
                0x00000494       0x39 D:/SiliconLabs/SimplicityStudio/v4_2/developer/sdks/gecko_sdk_suite/v1.1//protocol/bluetooth_2.4/lib/EFR32BG1B/GCC/bgapi.a(gecko_bgapi_gatt_server.c.obj)
 .ARM.attributes
                0x000004cd       0x39 D:/SiliconLabs/SimplicityStudio/v4_2/developer/sdks/gecko_sdk_suite/v1.1//protocol/bluetooth_2.4/lib/EFR32BG1B/GCC/bgapi.a(gecko_bgapi_flash.c.obj)
 .ARM.attributes
                0x00000506       0x39 D:/SiliconLabs/SimplicityStudio/v4_2/developer/sdks/gecko_sdk_suite/v1.1//protocol/bluetooth_2.4/lib/EFR32BG1B/GCC/bgapi.a(gecko_bgapi_sm.c.obj)
 .ARM.attributes
                0x0000053f       0x39 D:/SiliconLabs/SimplicityStudio/v4_2/developer/sdks/gecko_sdk_suite/v1.1//protocol/bluetooth_2.4/lib/EFR32BG1B/GCC/bgapi.a(gecko_bgapi_system.c.obj)
 .ARM.attributes
                0x00000578       0x39 D:/SiliconLabs/SimplicityStudio/v4_2/developer/sdks/gecko_sdk_suite/v1.1//protocol/bluetooth_2.4/lib/EFR32BG1B/GCC/bgapi.a(gecko_bgapi_endpoint.c.obj)
 .ARM.attributes
                0x000005b1       0x39 D:/SiliconLabs/SimplicityStudio/v4_2/developer/sdks/gecko_sdk_suite/v1.1//protocol/bluetooth_2.4/lib/EFR32BG1B/GCC/bgapi.a(gecko_bgapi_le_connection.c.obj)
 .ARM.attributes
                0x000005ea       0x39 D:/SiliconLabs/SimplicityStudio/v4_2/developer/sdks/gecko_sdk_suite/v1.1//protocol/bluetooth_2.4/lib/EFR32BG1B/GCC/bgapi.a(bgapi_hardware.c.obj)
 .ARM.attributes
                0x00000623       0x39 D:/SiliconLabs/SimplicityStudio/v4_2/developer/sdks/gecko_sdk_suite/v1.1//protocol/bluetooth_2.4/lib/EFR32BG1B/GCC/bgapi.a(bgapi_test_lib.c.obj)
 .ARM.attributes
                0x0000065c       0x39 D:/SiliconLabs/SimplicityStudio/v4_2/developer/sdks/gecko_sdk_suite/v1.1//protocol/bluetooth_2.4/lib/EFR32BG1B/GCC/bgapi.a(bgapi_dfu.c.obj)
 .ARM.attributes
                0x00000695       0x39 D:/SiliconLabs/SimplicityStudio/v4_2/developer/sdks/gecko_sdk_suite/v1.1//protocol/bluetooth_2.4/lib/EFR32BG1B/GCC/bgapi.a(bgapi_gap.c.obj)
 .ARM.attributes
                0x000006ce       0x39 D:/SiliconLabs/SimplicityStudio/v4_2/developer/sdks/gecko_sdk_suite/v1.1//protocol/bluetooth_2.4/lib/EFR32BG1B/GCC/bgapi.a(bgapi_gatt_lib.c.obj)
 .ARM.attributes
                0x00000707       0x39 D:/SiliconLabs/SimplicityStudio/v4_2/developer/sdks/gecko_sdk_suite/v1.1//protocol/bluetooth_2.4/lib/EFR32BG1B/GCC/bgapi.a(bgapi_ps.c.obj)
 .ARM.attributes
                0x00000740       0x39 D:/SiliconLabs/SimplicityStudio/v4_2/developer/sdks/gecko_sdk_suite/v1.1//protocol/bluetooth_2.4/lib/EFR32BG1B/GCC/bgapi.a(bgapi_sm.c.obj)
 .ARM.attributes
                0x00000779       0x39 D:/SiliconLabs/SimplicityStudio/v4_2/developer/sdks/gecko_sdk_suite/v1.1//protocol/bluetooth_2.4/lib/EFR32BG1B/GCC/bgapi.a(bgapi_system.c.obj)
 .ARM.attributes
                0x000007b2       0x39 D:/SiliconLabs/SimplicityStudio/v4_2/developer/sdks/gecko_sdk_suite/v1.1//protocol/bluetooth_2.4/lib/EFR32BG1B/GCC/bgapi.a(bgapi_endpoint.c.obj)
 .ARM.attributes
                0x000007eb       0x39 D:/SiliconLabs/SimplicityStudio/v4_2/developer/sdks/gecko_sdk_suite/v1.1//protocol/bluetooth_2.4/lib/EFR32BG1B/GCC/bgapi.a(bgapi_le_connection.c.obj)
 .ARM.attributes
                0x00000824       0x39 D:/SiliconLabs/SimplicityStudio/v4_2/developer/sdks/gecko_sdk_suite/v1.1//protocol/bluetooth_2.4/lib/EFR32BG1B/GCC/bgapi.a(gatt_client.c.obj)
 .ARM.attributes
                0x0000085d       0x39 D:/SiliconLabs/SimplicityStudio/v4_2/developer/sdks/gecko_sdk_suite/v1.1//protocol/bluetooth_2.4/lib/EFR32BG1B/GCC/bgapi.a(ubt_gatt_client.c.obj)
 .ARM.attributes
                0x00000896       0x39 D:/SiliconLabs/SimplicityStudio/v4_2/developer/sdks/gecko_sdk_suite/v1.1//protocol/bluetooth_2.4/lib/EFR32BG1B/GCC/bgapi.a(att_client.c.obj)
 .ARM.attributes
                0x000008cf       0x1c D:/SiliconLabs/SimplicityStudio/v4_2/developer/sdks/gecko_sdk_suite/v1.1//protocol/bluetooth_2.4/lib/EFR32BG1B/EABI/binstack.o
 .ARM.attributes
                0x000008eb       0x22 d:/siliconlabs/simplicitystudio/v4_2/developer/toolchains/gnu_arm/4.9_2015q3/bin/../lib/gcc/arm-none-eabi/4.9.3/armv7e-m/fpu\libgcc.a(_aeabi_uldivmod.o)
 .ARM.attributes
                0x0000090d       0x34 d:/siliconlabs/simplicitystudio/v4_2/developer/toolchains/gnu_arm/4.9_2015q3/bin/../lib/gcc/arm-none-eabi/4.9.3/armv7e-m/fpu\libgcc.a(bpabi.o)
 .ARM.attributes
                0x00000941       0x22 d:/siliconlabs/simplicitystudio/v4_2/developer/toolchains/gnu_arm/4.9_2015q3/bin/../lib/gcc/arm-none-eabi/4.9.3/armv7e-m/fpu\libgcc.a(_dvmd_tls.o)
 .ARM.attributes
                0x00000963       0x34 d:/siliconlabs/simplicitystudio/v4_2/developer/toolchains/gnu_arm/4.9_2015q3/bin/../lib/gcc/arm-none-eabi/4.9.3/armv7e-m/fpu\libgcc.a(_divdi3.o)
 .ARM.attributes
                0x00000997       0x34 d:/siliconlabs/simplicitystudio/v4_2/developer/toolchains/gnu_arm/4.9_2015q3/bin/../lib/gcc/arm-none-eabi/4.9.3/armv7e-m/fpu\libgcc.a(_udivdi3.o)
 .ARM.attributes
                0x000009cb       0x34 d:/siliconlabs/simplicitystudio/v4_2/developer/toolchains/gnu_arm/4.9_2015q3/bin/../lib/gcc/arm-none-eabi/4.9.3/../../../../arm-none-eabi/lib/armv7e-m/fpu\libc.a(lib_a-exit.o)
 .ARM.attributes
                0x000009ff       0x34 d:/siliconlabs/simplicitystudio/v4_2/developer/toolchains/gnu_arm/4.9_2015q3/bin/../lib/gcc/arm-none-eabi/4.9.3/../../../../arm-none-eabi/lib/armv7e-m/fpu\libc.a(lib_a-impure.o)
 .ARM.attributes
                0x00000a33       0x34 d:/siliconlabs/simplicitystudio/v4_2/developer/toolchains/gnu_arm/4.9_2015q3/bin/../lib/gcc/arm-none-eabi/4.9.3/../../../../arm-none-eabi/lib/armv7e-m/fpu\libc.a(lib_a-init.o)
 .ARM.attributes
                0x00000a67       0x34 d:/siliconlabs/simplicitystudio/v4_2/developer/toolchains/gnu_arm/4.9_2015q3/bin/../lib/gcc/arm-none-eabi/4.9.3/../../../../arm-none-eabi/lib/armv7e-m/fpu\libc.a(lib_a-memcmp.o)
 .ARM.attributes
                0x00000a9b       0x20 d:/siliconlabs/simplicitystudio/v4_2/developer/toolchains/gnu_arm/4.9_2015q3/bin/../lib/gcc/arm-none-eabi/4.9.3/../../../../arm-none-eabi/lib/armv7e-m/fpu\libc.a(lib_a-memcpy.o)
 .ARM.attributes
                0x00000abb       0x34 d:/siliconlabs/simplicitystudio/v4_2/developer/toolchains/gnu_arm/4.9_2015q3/bin/../lib/gcc/arm-none-eabi/4.9.3/../../../../arm-none-eabi/lib/armv7e-m/fpu\libc.a(lib_a-memset.o)
 .ARM.attributes
                0x00000aef       0x34 d:/siliconlabs/simplicitystudio/v4_2/developer/toolchains/gnu_arm/4.9_2015q3/bin/../lib/gcc/arm-none-eabi/4.9.3/../../../../arm-none-eabi/lib/armv7e-m/fpu\libc.a(lib_a-sprintf.o)
 .ARM.attributes
                0x00000b23       0x34 d:/siliconlabs/simplicitystudio/v4_2/developer/toolchains/gnu_arm/4.9_2015q3/bin/../lib/gcc/arm-none-eabi/4.9.3/../../../../arm-none-eabi/lib/armv7e-m/fpu\libc.a(lib_a-strlen.o)
 .ARM.attributes
                0x00000b57       0x34 d:/siliconlabs/simplicitystudio/v4_2/developer/toolchains/gnu_arm/4.9_2015q3/bin/../lib/gcc/arm-none-eabi/4.9.3/../../../../arm-none-eabi/lib/armv7e-m/fpu\libc.a(lib_a-strncpy.o)
 .ARM.attributes
                0x00000b8b       0x34 d:/siliconlabs/simplicitystudio/v4_2/developer/toolchains/gnu_arm/4.9_2015q3/bin/../lib/gcc/arm-none-eabi/4.9.3/../../../../arm-none-eabi/lib/armv7e-m/fpu\libc.a(lib_a-svfprintf.o)
 .ARM.attributes
                0x00000bbf       0x34 d:/siliconlabs/simplicitystudio/v4_2/developer/toolchains/gnu_arm/4.9_2015q3/bin/../lib/gcc/arm-none-eabi/4.9.3/../../../../arm-none-eabi/lib/armv7e-m/fpu\libc.a(lib_a-__call_atexit.o)
 .ARM.attributes
                0x00000bf3       0x34 d:/siliconlabs/simplicitystudio/v4_2/developer/toolchains/gnu_arm/4.9_2015q3/bin/../lib/gcc/arm-none-eabi/4.9.3/../../../../arm-none-eabi/lib/armv7e-m/fpu\libc.a(lib_a-atexit.o)
 .ARM.attributes
                0x00000c27       0x34 d:/siliconlabs/simplicitystudio/v4_2/developer/toolchains/gnu_arm/4.9_2015q3/bin/../lib/gcc/arm-none-eabi/4.9.3/../../../../arm-none-eabi/lib/armv7e-m/fpu\libc.a(lib_a-dtoa.o)
 .ARM.attributes
                0x00000c5b       0x34 d:/siliconlabs/simplicitystudio/v4_2/developer/toolchains/gnu_arm/4.9_2015q3/bin/../lib/gcc/arm-none-eabi/4.9.3/../../../../arm-none-eabi/lib/armv7e-m/fpu\libc.a(lib_a-fini.o)
 .ARM.attributes
                0x00000c8f       0x34 d:/siliconlabs/simplicitystudio/v4_2/developer/toolchains/gnu_arm/4.9_2015q3/bin/../lib/gcc/arm-none-eabi/4.9.3/../../../../arm-none-eabi/lib/armv7e-m/fpu\libc.a(lib_a-locale.o)
 .ARM.attributes
                0x00000cc3       0x34 d:/siliconlabs/simplicitystudio/v4_2/developer/toolchains/gnu_arm/4.9_2015q3/bin/../lib/gcc/arm-none-eabi/4.9.3/../../../../arm-none-eabi/lib/armv7e-m/fpu\libc.a(lib_a-mallocr.o)
 .ARM.attributes
                0x00000cf7       0x34 d:/siliconlabs/simplicitystudio/v4_2/developer/toolchains/gnu_arm/4.9_2015q3/bin/../lib/gcc/arm-none-eabi/4.9.3/../../../../arm-none-eabi/lib/armv7e-m/fpu\libc.a(lib_a-memchr.o)
 .ARM.attributes
                0x00000d2b       0x34 d:/siliconlabs/simplicitystudio/v4_2/developer/toolchains/gnu_arm/4.9_2015q3/bin/../lib/gcc/arm-none-eabi/4.9.3/../../../../arm-none-eabi/lib/armv7e-m/fpu\libc.a(lib_a-mlock.o)
 .ARM.attributes
                0x00000d5f       0x34 d:/siliconlabs/simplicitystudio/v4_2/developer/toolchains/gnu_arm/4.9_2015q3/bin/../lib/gcc/arm-none-eabi/4.9.3/../../../../arm-none-eabi/lib/armv7e-m/fpu\libc.a(lib_a-mprec.o)
 .ARM.attributes
                0x00000d93       0x34 d:/siliconlabs/simplicitystudio/v4_2/developer/toolchains/gnu_arm/4.9_2015q3/bin/../lib/gcc/arm-none-eabi/4.9.3/../../../../arm-none-eabi/lib/armv7e-m/fpu\libc.a(lib_a-s_fpclassify.o)
 .ARM.attributes
                0x00000dc7       0x34 d:/siliconlabs/simplicitystudio/v4_2/developer/toolchains/gnu_arm/4.9_2015q3/bin/../lib/gcc/arm-none-eabi/4.9.3/../../../../arm-none-eabi/lib/armv7e-m/fpu\libc.a(lib_a-sbrkr.o)
 .ARM.attributes
                0x00000dfb       0x20 d:/siliconlabs/simplicitystudio/v4_2/developer/toolchains/gnu_arm/4.9_2015q3/bin/../lib/gcc/arm-none-eabi/4.9.3/../../../../arm-none-eabi/lib/armv7e-m/fpu\libc.a(lib_a-strcmp.o)
 .ARM.attributes
                0x00000e1b       0x34 d:/siliconlabs/simplicitystudio/v4_2/developer/toolchains/gnu_arm/4.9_2015q3/bin/../lib/gcc/arm-none-eabi/4.9.3/../../../../arm-none-eabi/lib/armv7e-m/fpu\libc.a(lib_a-svfiprintf.o)
 .ARM.attributes
                0x00000e4f       0x34 d:/siliconlabs/simplicitystudio/v4_2/developer/toolchains/gnu_arm/4.9_2015q3/bin/../lib/gcc/arm-none-eabi/4.9.3/../../../../arm-none-eabi/lib/armv7e-m/fpu\libc.a(lib_a-__atexit.o)
 .ARM.attributes
                0x00000e83       0x34 d:/siliconlabs/simplicitystudio/v4_2/developer/toolchains/gnu_arm/4.9_2015q3/bin/../lib/gcc/arm-none-eabi/4.9.3/../../../../arm-none-eabi/lib/armv7e-m/fpu\libc.a(lib_a-callocr.o)
 .ARM.attributes
                0x00000eb7       0x34 d:/siliconlabs/simplicitystudio/v4_2/developer/toolchains/gnu_arm/4.9_2015q3/bin/../lib/gcc/arm-none-eabi/4.9.3/../../../../arm-none-eabi/lib/armv7e-m/fpu\libc.a(lib_a-freer.o)
 .ARM.attributes
                0x00000eeb       0x34 d:/siliconlabs/simplicitystudio/v4_2/developer/toolchains/gnu_arm/4.9_2015q3/bin/../lib/gcc/arm-none-eabi/4.9.3/../../../../arm-none-eabi/lib/armv7e-m/fpu\libc.a(lib_a-memmove.o)
 .ARM.attributes
                0x00000f1f       0x34 d:/siliconlabs/simplicitystudio/v4_2/developer/toolchains/gnu_arm/4.9_2015q3/bin/../lib/gcc/arm-none-eabi/4.9.3/../../../../arm-none-eabi/lib/armv7e-m/fpu\libc.a(lib_a-reallocr.o)
 .ARM.attributes
                0x00000f53       0x34 d:/siliconlabs/simplicitystudio/v4_2/developer/toolchains/gnu_arm/4.9_2015q3/bin/../lib/gcc/arm-none-eabi/4.9.3/../../../../arm-none-eabi/lib/armv7e-m/fpu\libc.a(lib_a-reent.o)
 .ARM.attributes
                0x00000f87       0x34 d:/siliconlabs/simplicitystudio/v4_2/developer/toolchains/gnu_arm/4.9_2015q3/bin/../lib/gcc/arm-none-eabi/4.9.3/../../../../arm-none-eabi/lib/armv7e-m/fpu\libnosys.a(sbrk.o)
 .ARM.attributes
                0x00000fbb       0x34 d:/siliconlabs/simplicitystudio/v4_2/developer/toolchains/gnu_arm/4.9_2015q3/bin/../lib/gcc/arm-none-eabi/4.9.3/../../../../arm-none-eabi/lib/armv7e-m/fpu\libnosys.a(_exit.o)
 .ARM.attributes
                0x00000fef       0x22 d:/siliconlabs/simplicitystudio/v4_2/developer/toolchains/gnu_arm/4.9_2015q3/bin/../lib/gcc/arm-none-eabi/4.9.3/armv7e-m/fpu\libgcc.a(_arm_addsubdf3.o)
 .ARM.attributes
                0x00001011       0x22 d:/siliconlabs/simplicitystudio/v4_2/developer/toolchains/gnu_arm/4.9_2015q3/bin/../lib/gcc/arm-none-eabi/4.9.3/armv7e-m/fpu\libgcc.a(_arm_muldivdf3.o)
 .ARM.attributes
                0x00001033       0x22 d:/siliconlabs/simplicitystudio/v4_2/developer/toolchains/gnu_arm/4.9_2015q3/bin/../lib/gcc/arm-none-eabi/4.9.3/armv7e-m/fpu\libgcc.a(_arm_cmpdf2.o)
 .ARM.attributes
                0x00001055       0x22 d:/siliconlabs/simplicitystudio/v4_2/developer/toolchains/gnu_arm/4.9_2015q3/bin/../lib/gcc/arm-none-eabi/4.9.3/armv7e-m/fpu\libgcc.a(_arm_fixdfsi.o)
 .ARM.attributes
                0x00001077       0x34 d:/siliconlabs/simplicitystudio/v4_2/developer/toolchains/gnu_arm/4.9_2015q3/bin/../lib/gcc/arm-none-eabi/4.9.3/armv7e-m/fpu/crtend.o
 .ARM.attributes
                0x000010ab       0x22 d:/siliconlabs/simplicitystudio/v4_2/developer/toolchains/gnu_arm/4.9_2015q3/bin/../lib/gcc/arm-none-eabi/4.9.3/armv7e-m/fpu/crtn.o

.comment        0x00000000       0xde
 .comment       0x00000000       0x70 ./application_properties.o
                                 0x71 (size before relaxing)
 .comment       0x00000000       0x71 ./gatt_db.o
 .comment       0x00000000       0x71 ./gpiointerrupt.o
 .comment       0x00000000       0x71 ./main.o
 .comment       0x00000000       0x71 ./uart_echo.o
 .comment       0x00000000       0x71 ./device/EFR32_B_1_1_B/gcc/startup_efr32bg1b.o
 .comment       0x00000000       0x71 ./emlib/em_cmu.o
 .comment       0x00000000       0x71 ./emlib/em_gpio.o
 .comment       0x00000000       0x71 ./emlib/em_rtcc.o
 .comment       0x00000000       0x71 ./emlib/em_system.o
 .comment       0x00000000       0x71 ./emlib/em_timer.o
 .comment       0x00000000       0x71 ./emlib/em_usart.o
 .comment       0x00000000       0x71 ./src/InitDevice.o
 .comment       0x00000070       0x6e D:/SiliconLabs/SimplicityStudio/v4_2/developer/sdks/gecko_sdk_suite/v1.1//protocol/bluetooth_2.4/lib/EFR32BG1B/GCC/bgapi.a(gecko_bgapi_hardware.c.obj)
                                 0x6f (size before relaxing)
 .comment       0x00000000       0x6f D:/SiliconLabs/SimplicityStudio/v4_2/developer/sdks/gecko_sdk_suite/v1.1//protocol/bluetooth_2.4/lib/EFR32BG1B/GCC/bgapi.a(gecko_bgapi_test.c.obj)
 .comment       0x00000000       0x6f D:/SiliconLabs/SimplicityStudio/v4_2/developer/sdks/gecko_sdk_suite/v1.1//protocol/bluetooth_2.4/lib/EFR32BG1B/GCC/bgapi.a(gecko_bgapi_dfu.c.obj)
 .comment       0x00000000       0x6f D:/SiliconLabs/SimplicityStudio/v4_2/developer/sdks/gecko_sdk_suite/v1.1//protocol/bluetooth_2.4/lib/EFR32BG1B/GCC/bgapi.a(gecko_bgapi_gap.c.obj)
 .comment       0x00000000       0x6f D:/SiliconLabs/SimplicityStudio/v4_2/developer/sdks/gecko_sdk_suite/v1.1//protocol/bluetooth_2.4/lib/EFR32BG1B/GCC/bgapi.a(gecko_bgapi_gatt.c.obj)
 .comment       0x00000000       0x6f D:/SiliconLabs/SimplicityStudio/v4_2/developer/sdks/gecko_sdk_suite/v1.1//protocol/bluetooth_2.4/lib/EFR32BG1B/GCC/bgapi.a(gecko_bgapi_gatt_server.c.obj)
 .comment       0x00000000       0x6f D:/SiliconLabs/SimplicityStudio/v4_2/developer/sdks/gecko_sdk_suite/v1.1//protocol/bluetooth_2.4/lib/EFR32BG1B/GCC/bgapi.a(gecko_bgapi_flash.c.obj)
 .comment       0x00000000       0x6f D:/SiliconLabs/SimplicityStudio/v4_2/developer/sdks/gecko_sdk_suite/v1.1//protocol/bluetooth_2.4/lib/EFR32BG1B/GCC/bgapi.a(gecko_bgapi_sm.c.obj)
 .comment       0x00000000       0x6f D:/SiliconLabs/SimplicityStudio/v4_2/developer/sdks/gecko_sdk_suite/v1.1//protocol/bluetooth_2.4/lib/EFR32BG1B/GCC/bgapi.a(gecko_bgapi_system.c.obj)
 .comment       0x00000000       0x6f D:/SiliconLabs/SimplicityStudio/v4_2/developer/sdks/gecko_sdk_suite/v1.1//protocol/bluetooth_2.4/lib/EFR32BG1B/GCC/bgapi.a(gecko_bgapi_endpoint.c.obj)
 .comment       0x00000000       0x6f D:/SiliconLabs/SimplicityStudio/v4_2/developer/sdks/gecko_sdk_suite/v1.1//protocol/bluetooth_2.4/lib/EFR32BG1B/GCC/bgapi.a(gecko_bgapi_le_connection.c.obj)
 .comment       0x00000000       0x6f D:/SiliconLabs/SimplicityStudio/v4_2/developer/sdks/gecko_sdk_suite/v1.1//protocol/bluetooth_2.4/lib/EFR32BG1B/GCC/bgapi.a(bgapi_hardware.c.obj)
 .comment       0x00000000       0x6f D:/SiliconLabs/SimplicityStudio/v4_2/developer/sdks/gecko_sdk_suite/v1.1//protocol/bluetooth_2.4/lib/EFR32BG1B/GCC/bgapi.a(bgapi_test_lib.c.obj)
 .comment       0x00000000       0x6f D:/SiliconLabs/SimplicityStudio/v4_2/developer/sdks/gecko_sdk_suite/v1.1//protocol/bluetooth_2.4/lib/EFR32BG1B/GCC/bgapi.a(bgapi_dfu.c.obj)
 .comment       0x00000000       0x6f D:/SiliconLabs/SimplicityStudio/v4_2/developer/sdks/gecko_sdk_suite/v1.1//protocol/bluetooth_2.4/lib/EFR32BG1B/GCC/bgapi.a(bgapi_gap.c.obj)
 .comment       0x00000000       0x6f D:/SiliconLabs/SimplicityStudio/v4_2/developer/sdks/gecko_sdk_suite/v1.1//protocol/bluetooth_2.4/lib/EFR32BG1B/GCC/bgapi.a(bgapi_gatt_lib.c.obj)
 .comment       0x00000000       0x6f D:/SiliconLabs/SimplicityStudio/v4_2/developer/sdks/gecko_sdk_suite/v1.1//protocol/bluetooth_2.4/lib/EFR32BG1B/GCC/bgapi.a(bgapi_ps.c.obj)
 .comment       0x00000000       0x6f D:/SiliconLabs/SimplicityStudio/v4_2/developer/sdks/gecko_sdk_suite/v1.1//protocol/bluetooth_2.4/lib/EFR32BG1B/GCC/bgapi.a(bgapi_sm.c.obj)
 .comment       0x00000000       0x6f D:/SiliconLabs/SimplicityStudio/v4_2/developer/sdks/gecko_sdk_suite/v1.1//protocol/bluetooth_2.4/lib/EFR32BG1B/GCC/bgapi.a(bgapi_system.c.obj)
 .comment       0x00000000       0x6f D:/SiliconLabs/SimplicityStudio/v4_2/developer/sdks/gecko_sdk_suite/v1.1//protocol/bluetooth_2.4/lib/EFR32BG1B/GCC/bgapi.a(bgapi_endpoint.c.obj)
 .comment       0x00000000       0x6f D:/SiliconLabs/SimplicityStudio/v4_2/developer/sdks/gecko_sdk_suite/v1.1//protocol/bluetooth_2.4/lib/EFR32BG1B/GCC/bgapi.a(bgapi_le_connection.c.obj)
 .comment       0x00000000       0x6f D:/SiliconLabs/SimplicityStudio/v4_2/developer/sdks/gecko_sdk_suite/v1.1//protocol/bluetooth_2.4/lib/EFR32BG1B/GCC/bgapi.a(gatt_client.c.obj)